******************************************************************************
                  TI ARM Linker PC v20.2.4                     
******************************************************************************
>> Linked Sun Apr 25 16:25:06 2021

OUTPUT FILE NAME:   <ESD_Project.out>
ENTRY POINT SYMBOL: "_c_int00_noargs"  address: 00003d91


MEMORY CONFIGURATION

         name            origin    length      used     unused   attr    fill
----------------------  --------  ---------  --------  --------  ----  --------
  MAIN                  00000000   00040000  000043b1  0003bc4f  R  X
  INFO                  00200000   00004000  00000000  00004000  R  X
  SRAM_CODE             01000000   00010000  00000bdc  0000f424  RW X
  SRAM_DATA             20000000   00010000  00000bdc  0000f424  RW  


SEGMENT ALLOCATION MAP

run origin  load origin   length   init length attrs members
----------  ----------- ---------- ----------- ----- -------
00000000    00000000    000043b8   000043b8    r-x
  00000000    00000000    000000e4   000000e4    r-- .intvecs
  000000e4    000000e4    00003f54   00003f54    r-x .text
  00004038    00004038    000002e1   000002e1    r-- .const
  00004320    00004320    00000098   00000098    r-- .cinit
20000000    20000000    000009dc   00000000    rw-
  20000000    20000000    00000400   00000000    rw- .sysmem
  20000400    20000400    000003ec   00000000    rw- .bss
  200007ec    200007ec    000001f0   00000000    rw- .data
2000fe00    2000fe00    00000200   00000000    rw-
  2000fe00    2000fe00    00000200   00000000    rw- .stack


SECTION ALLOCATION MAP

 output                                  attributes/
section   page    origin      length       input sections
--------  ----  ----------  ----------   ----------------
.intvecs   0    00000000    000000e4     
                  00000000    000000e4     startup_msp432p401r_ccs.obj (.intvecs:retain)

.text      0    000000e4    00003f54     
                  000000e4    00000a4e     rtsv7M4_T_le_v4SPD16_eabi.lib : _printfi.c.obj (.text:__TI_printfi)
                  00000b32    00000002                                   : _lock.c.obj (.text:_nop)
                  00000b34    000003f0     cbfifo.obj (.text)
                  00000f24    00000334     system_msp432p401r.obj (.text)
                  00001258    00000330     si7021_i2c.obj (.text)
                  00001588    00000270     rtsv7M4_T_le_v4SPD16_eabi.lib : _printfi.c.obj (.text:_pconv_a)
                  000017f8    00000264     main.obj (.text)
                  00001a5c    0000025c     lcd_spi.obj (.text)
                  00001cb8    000001d4     switch.obj (.text)
                  00001e8c    000001d0     rtsv7M4_T_le_v4SPD16_eabi.lib : _printfi.c.obj (.text:_pconv_g)
                  0000205c    000001b6                                   : fd_add_t2.asm.obj (.text)
                  00002212    00000002                                   : div0.asm.obj (.text)
                  00002214    0000013c                                   : _printfi.c.obj (.text:_pconv_e)
                  00002350    00000136                                   : fd_div_t2.asm.obj (.text)
                  00002486    00000002     --HOLE-- [fill = 0]
                  00002488    00000124                                   : _printfi.c.obj (.text:fcvt)
                  000025ac    00000120     rtc.obj (.text)
                  000026cc    00000114     rtsv7M4_T_le_v4SPD16_eabi.lib : fputs.c.obj (.text:fputs)
                  000027e0    00000110                                   : s_scalbn.c.obj (.text:scalbn)
                  000028f0    00000108     uart.obj (.text)
                  000029f8    00000100     rtsv7M4_T_le_v4SPD16_eabi.lib : memory.c.obj (.text:aligned_alloc)
                  00002af8    000000fc                                   : fd_mul_t2.asm.obj (.text)
                  00002bf4    000000e4                                   : memory.c.obj (.text:free)
                  00002cd8    000000dc                                   : setvbuf.c.obj (.text:setvbuf)
                  00002db4    000000c0     systimer.obj (.text)
                  00002e74    000000b1     rtsv7M4_T_le_v4SPD16_eabi.lib : _printfi.c.obj (.text:_ltostr)
                  00002f25    00000001     --HOLE-- [fill = 0]
                  00002f26    0000009c                                   : memcpy_t2.asm.obj (.text)
                  00002fc2    00000096                                   : ull_div_t2.asm.obj (.text)
                  00003058    0000008c                                   : fputc.c.obj (.text:fputc)
                  000030e4    00000086                                   : fd_cmp_t2.asm.obj (.text:__aeabi_cdcmple)
                  0000316a    00000086                                   : fd_cmp_t2.asm.obj (.text:__aeabi_cdrcmple)
                  000031f0    0000007a                                   : memset_t2.asm.obj (.text)
                  0000326a    00000002     --HOLE-- [fill = 0]
                  0000326c    00000074                                   : fclose.c.obj (.text:__TI_closefile)
                  000032e0    00000070                                   : memory.c.obj (.text:split)
                  00003350    0000006e                                   : _printfi.c.obj (.text:_mcpy)
                  000033be    0000006e                                   : fd_tos_t2.asm.obj (.text)
                  0000342c    0000006c                                   : hostrename.c.obj (.text:HOSTrename)
                  00003498    00000068                                   : hostlseek.c.obj (.text:HOSTlseek)
                  00003500    00000068                                   : copy_decompress_lzss.c.obj (.text:decompress:lzss:__TI_decompress_lzss)
                  00003568    00000068                                   : printf.c.obj (.text:printf)
                  000035d0    00000064                                   : s_frexp.c.obj (.text:frexp)
                  00003634    00000064                                   : fseek.c.obj (.text:fseek)
                  00003698    00000064     gpio.obj (.text)
                  000036fc    00000062     rtsv7M4_T_le_v4SPD16_eabi.lib : _io_perm.c.obj (.text:__TI_wrt_ok)
                  0000375e    00000002     --HOLE-- [fill = 0]
                  00003760    00000060                                   : hostopen.c.obj (.text:HOSTopen)
                  000037c0    0000005c                                   : close.c.obj (.text:close)
                  0000381c    00000058                                   : hostread.c.obj (.text:HOSTread)
                  00003874    00000058                                   : hostwrite.c.obj (.text:HOSTwrite)
                  000038cc    00000056                                   : _printfi.c.obj (.text:_pconv_f)
                  00003922    00000054                                   : _ltoa.c.obj (.text:__TI_ltoa)
                  00003976    00000052                                   : _printfi.c.obj (.text:_ecpy)
                  000039c8    0000004c                                   : fflush.c.obj (.text:__TI_doflush)
                  00003a14    0000004c                                   : atoi.c.obj (.text:atoi)
                  00003a60    00000048                                   : exit.c.obj (.text:exit)
                  00003aa8    00000048                                   : fd_toi_t2.asm.obj (.text)
                  00003af0    00000044                                   : hostclose.c.obj (.text:HOSTclose)
                  00003b34    00000044                                   : hostunlink.c.obj (.text:HOSTunlink)
                  00003b78    00000044                                   : autoinit.c.obj (.text:__TI_auto_init_nobinit_nopinit:__TI_auto_init_nobinit_nopinit)
                  00003bbc    00000044                                   : getdevice.c.obj (.text:getdevice)
                  00003c00    00000040                                   : sprintf.c.obj (.text:sprintf)
                  00003c40    0000003e                                   : _printfi.c.obj (.text:_fcpy)
                  00003c7e    00000002     --HOLE-- [fill = 0]
                  00003c80    00000038                                   : trgmsg.c.obj (.text:__TI_writemsg)
                  00003cb8    00000038                                   : fs_tod_t2.asm.obj (.text)
                  00003cf0    00000036                                   : strncpy.c.obj (.text:strncpy)
                  00003d26    00000002     --HOLE-- [fill = 0]
                  00003d28    00000034                                   : fopen.c.obj (.text:__TI_cleanup)
                  00003d5c    00000034                                   : trgmsg.c.obj (.text:__TI_readmsg)
                  00003d90    00000034                                   : boot_cortex_m.c.obj (.text:_c_int00_noargs:_c_int00_noargs)
                  00003dc4    00000030                                   : getdevice.c.obj (.text:finddevice)
                  00003df4    0000002e                                   : i_tofd_t2.asm.obj (.text)
                  00003e22    0000002e                                   : strncat.c.obj (.text:strncat)
                  00003e50    0000002c                                   : unlink.c.obj (.text:unlink)
                  00003e7c    00000028                                   : memory.c.obj (.text:free_list_insert)
                  00003ea4    00000028                                   : lseek.c.obj (.text:lseek)
                  00003ecc    00000028                                   : write.c.obj (.text:write)
                  00003ef4    00000020                                   : memchr.c.obj (.text:memchr)
                  00003f14    0000001c                                   : memory.c.obj (.text:free_list_remove)
                  00003f30    0000001c                                   : memccpy.c.obj (.text:memccpy)
                  00003f4c    0000001a                                   : s_copysign.c.obj (.text:copysign)
                  00003f66    00000018                                   : sprintf.c.obj (.text:_outs)
                  00003f7e    00000018                                   : strcmp.c.obj (.text:strcmp)
                  00003f96    00000016                                   : strchr.c.obj (.text:strchr)
                  00003fac    00000014                                   : strcpy.c.obj (.text:strcpy)
                  00003fc0    00000014                                   : strlen.c.obj (.text:strlen)
                  00003fd4    00000012                                   : wcslen.c.obj (.text:wcslen)
                  00003fe6    0000000e                                   : copy_decompress_none.c.obj (.text:decompress:none:__TI_decompress_none)
                  00003ff4    0000000e     startup_msp432p401r_ccs.obj (.text)
                  00004002    0000000c     rtsv7M4_T_le_v4SPD16_eabi.lib : copy_zero_init.c.obj (.text:decompress:ZI:__TI_zero_init)
                  0000400e    0000000a                                   : sprintf.c.obj (.text:_outc)
                  00004018    00000008                                   : errno.c.obj (.text:__aeabi_errno_addr)
                  00004020    00000008                                   : memory.c.obj (.text:malloc)
                  00004028    00000004                                   : printf.c.obj (.text:_outc)
                  0000402c    00000004                                   : printf.c.obj (.text:_outs)
                  00004030    00000004                                   : pre_init.c.obj (.text:_system_pre_init)
                  00004034    00000004                                   : exit.c.obj (.text:abort:abort)

.const     0    00004038    000002e1     
                  00004038    000001e0     lcd_spi.obj (.const:font)
                  00004218    00000101     rtsv7M4_T_le_v4SPD16_eabi.lib : ctype.c.obj (.const:.string:_ctypes_)

.cinit     0    00004320    00000098     
                  00004320    00000071     (.cinit..data.load) [load image, compression = lzss]
                  00004391    00000003     --HOLE-- [fill = 0]
                  00004394    0000000c     (__TI_handler_table)
                  000043a0    00000008     (.cinit..bss.load) [load image, compression = zero_init]
                  000043a8    00000010     (__TI_cinit_table)

.init_array 
*          0    00000000    00000000     UNINITIALIZED

.binit     0    00000000    00000000     

.sysmem    0    20000000    00000400     UNINITIALIZED
                  20000000    00000010     rtsv7M4_T_le_v4SPD16_eabi.lib : memory.c.obj (.sysmem)
                  20000010    000003f0     --HOLE--

.bss       0    20000400    000003ec     UNINITIALIZED
                  20000400    00000120     rtsv7M4_T_le_v4SPD16_eabi.lib : trgmsg.c.obj (.bss:_CIOBUF_)
                  20000520    00000108     (.common:cbfifo_rx)
                  20000628    00000108     (.common:cbfifo_tx)
                  20000730    000000a0     (.common:__TI_tmpnams)
                  200007d0    00000008     (.common:parmbuf)
                  200007d8    00000008     (.common:si7021_databuffer)
                  200007e0    00000004     (.common:T_RH_poll_frequency)
                  200007e4    00000004     (.common:si7021_humidity)
                  200007e8    00000004     (.common:si7021_temp_in_degC)

.data      0    200007ec    000001f0     UNINITIALIZED
                  200007ec    000000f0     rtsv7M4_T_le_v4SPD16_eabi.lib : defs.c.obj (.data:_ftable)
                  200008dc    00000078                                   : host_device.c.obj (.data:_device)
                  20000954    00000050                                   : host_device.c.obj (.data:_stream)
                  200009a4    00000010                                   : defs.c.obj (.data)
                  200009b4    0000000c                                   : exit.c.obj (.data:$O1$$)
                  200009c0    00000008                                   : _lock.c.obj (.data:$O1$$)
                  200009c8    00000008                                   : memory.c.obj (.data:$O1$$)
                  200009d0    00000004                                   : errno.c.obj (.data)
                  200009d4    00000004     system_msp432p401r.obj (.data)
                  200009d8    00000004     systimer.obj (.data)

.stack     0    2000fe00    00000200     UNINITIALIZED
                  2000fe00    00000004     rtsv7M4_T_le_v4SPD16_eabi.lib : boot_cortex_m.c.obj (.stack)
                  2000fe04    000001fc     --HOLE--

__llvm_prf_cnts 
*          0    20000000    00000000     UNINITIALIZED

MODULE SUMMARY

       Module                        code    ro data   rw data
       ------                        ----    -------   -------
    .\
       uart.obj                      264     0         1056   
       lcd_spi.obj                   604     480       0      
       cbfifo.obj                    1008    0         0      
       si7021_i2c.obj                816     0         16     
       system_msp432p401r.obj        820     0         8      
       main.obj                      612     0         24     
       switch.obj                    468     0         0      
       rtc.obj                       288     0         0      
       startup_msp432p401r_ccs.obj   14      228       0      
       systimer.obj                  192     0         8      
       gpio.obj                      100     0         0      
    +--+-----------------------------+-------+---------+---------+
       Total:                        5186    708       1112   
                                                              
    C:\ti\ccs1020\ccs\tools\compiler\ti-cgt-arm_20.2.4.LTS\lib\rtsv7M4_T_le_v4SPD16_eabi.lib
       _printfi.c.obj                4851    0         0      
       defs.c.obj                    0       0         832    
       memory.c.obj                  672     0         16     
       trgmsg.c.obj                  108     0         576    
       fd_add_t2.asm.obj             438     0         0      
       host_device.c.obj             0       0         400    
       fd_div_t2.asm.obj             310     0         0      
       fputs.c.obj                   276     0         0      
       s_scalbn.c.obj                272     0         0      
       fd_cmp_t2.asm.obj             268     0         0      
       ctype.c.obj                   0       257       0      
       fd_mul_t2.asm.obj             252     0         0      
       setvbuf.c.obj                 220     0         0      
       memcpy_t2.asm.obj             156     0         0      
       ull_div_t2.asm.obj            150     0         0      
       fputc.c.obj                   140     0         0      
       memset_t2.asm.obj             122     0         0      
       fclose.c.obj                  116     0         0      
       getdevice.c.obj               116     0         0      
       hostopen.c.obj                96      0         16     
       printf.c.obj                  112     0         0      
       fd_tos_t2.asm.obj             110     0         0      
       hostrename.c.obj              108     0         0      
       copy_decompress_lzss.c.obj    104     0         0      
       hostlseek.c.obj               104     0         0      
       exit.c.obj                    76      0         24     
       fseek.c.obj                   100     0         0      
       s_frexp.c.obj                 100     0         0      
       _io_perm.c.obj                98      0         0      
       sprintf.c.obj                 98      0         0      
       close.c.obj                   92      0         0      
       hostread.c.obj                88      0         0      
       hostwrite.c.obj               88      0         0      
       _ltoa.c.obj                   84      0         0      
       atoi.c.obj                    76      0         0      
       fflush.c.obj                  76      0         0      
       fd_toi_t2.asm.obj             72      0         0      
       autoinit.c.obj                68      0         0      
       hostclose.c.obj               68      0         0      
       hostunlink.c.obj              68      0         0      
       fs_tod_t2.asm.obj             56      0         0      
       strncpy.c.obj                 54      0         0      
       boot_cortex_m.c.obj           52      0         0      
       fopen.c.obj                   52      0         0      
       i_tofd_t2.asm.obj             46      0         0      
       strncat.c.obj                 46      0         0      
       unlink.c.obj                  44      0         0      
       lseek.c.obj                   40      0         0      
       write.c.obj                   40      0         0      
       memchr.c.obj                  32      0         0      
       memccpy.c.obj                 28      0         0      
       s_copysign.c.obj              26      0         0      
       strcmp.c.obj                  24      0         0      
       strchr.c.obj                  22      0         0      
       strcpy.c.obj                  20      0         0      
       strlen.c.obj                  20      0         0      
       _lock.c.obj                   2       0         16     
       wcslen.c.obj                  18      0         0      
       errno.c.obj                   8       0         8      
       copy_decompress_none.c.obj    14      0         0      
       copy_zero_init.c.obj          12      0         0      
       pre_init.c.obj                4       0         0      
       div0.asm.obj                  2       0         0      
    +--+-----------------------------+-------+---------+---------+
       Total:                        11015   257       1888   
                                                              
       Heap:                         0       0         2048   
       Stack:                        0       0         1024   
       Linker Generated:             0       149       0      
    +--+-----------------------------+-------+---------+---------+
       Grand Total:                  16201   1114      6072   


LINKER GENERATED COPY TABLES

__TI_cinit_table @ 000043a8 records: 2, size/record: 8, table size: 16
	.data: load addr=00004320, load size=00000071 bytes, run addr=200007ec, run size=000001f0 bytes, compression=lzss
	.bss: load addr=000043a0, load size=00000008 bytes, run addr=20000400, run size=000003ec bytes, compression=zero_init


LINKER GENERATED HANDLER TABLE

__TI_handler_table @ 00004394 records: 3, size/record: 4, table size: 12
	index: 0, handler: __TI_decompress_lzss
	index: 1, handler: __TI_decompress_none
	index: 2, handler: __TI_zero_init


GLOBAL SYMBOLS: SORTED ALPHABETICALLY BY Name 

address   name                                   
-------   ----                                   
00004001  ADC14_IRQHandler                       
00004001  AES256_IRQHandler                      
00004001  BusFault_Handler                       
00004035  C$$EXIT                                
00003caf  C$$IO$$                                
00004001  COMP_E0_IRQHandler                     
00004001  COMP_E1_IRQHandler                     
00004001  CS_IRQHandler                          
00004001  DMA_ERR_IRQHandler                     
00004001  DMA_INT0_IRQHandler                    
00004001  DMA_INT1_IRQHandler                    
00004001  DMA_INT2_IRQHandler                    
00004001  DMA_INT3_IRQHandler                    
00004001  DebugMon_Handler                       
00004001  Default_Handler                        
00000db1  DiagnosticMessage                      
000028f1  EUSCIA0_IRQHandler                     
000028f1  EUSCIA0_IRQHandler                     
00004001  EUSCIA1_IRQHandler                     
00004001  EUSCIA2_IRQHandler                     
00004001  EUSCIA3_IRQHandler                     
00004001  EUSCIB0_IRQHandler                     
00004001  EUSCIB1_IRQHandler                     
00004001  EUSCIB2_IRQHandler                     
00004001  EUSCIB3_IRQHandler                     
00004001  FLCTL_IRQHandler                       
00004001  FPU_IRQHandler                         
00003af1  HOSTclose                              
00003499  HOSTlseek                              
00003761  HOSTopen                               
0000381d  HOSTread                               
0000342d  HOSTrename                             
00003b35  HOSTunlink                             
00003875  HOSTwrite                              
00004001  HardFault_Handler                      
00004001  MemManage_Handler                      
00004001  NMI_Handler                            
00004001  PCM_IRQHandler                         
00001dd5  PORT1_IRQHandler                       
00001dd5  PORT1_IRQHandler                       
00004001  PORT2_IRQHandler                       
00004001  PORT3_IRQHandler                       
00004001  PORT4_IRQHandler                       
00004001  PORT5_IRQHandler                       
00004001  PORT6_IRQHandler                       
00004001  PSS_IRQHandler                         
00004001  PendSV_Handler                         
00004001  RTC_C_IRQHandler                       
00003ff5  Reset_Handler                          
00004001  SVC_Handler                            
00004001  SysTick_Handler                        
200009d4  SystemCoreClock                        
00000f25  SystemCoreClockUpdate                  
0000119d  SystemInit                             
00004001  T32_INT1_IRQHandler                    
00004001  T32_INT2_IRQHandler                    
00004001  T32_INTC_IRQHandler                    
00002def  TA0_0_IRQHandler                       
00002def  TA0_0_IRQHandler                       
00004001  TA0_N_IRQHandler                       
00004001  TA1_0_IRQHandler                       
00004001  TA1_N_IRQHandler                       
00004001  TA2_0_IRQHandler                       
00004001  TA2_N_IRQHandler                       
00004001  TA3_0_IRQHandler                       
00004001  TA3_N_IRQHandler                       
200007e0  T_RH_poll_frequency                    
00004001  UsageFault_Handler                     
4000480c  WDTCTL_SYM                             
00004001  WDT_A_IRQHandler                       
20000400  __CIOBUF_                              
20010000  __STACK_END                            
00000200  __STACK_SIZE                           
00000400  __SYSMEM_SIZE                          
000043a8  __TI_CINIT_Base                        
000043b8  __TI_CINIT_Limit                       
00004394  __TI_Handler_Table_Base                
000043a0  __TI_Handler_Table_Limit               
00003b79  __TI_auto_init_nobinit_nopinit         
00003d29  __TI_cleanup                           
200009b4  __TI_cleanup_ptr                       
0000326d  __TI_closefile                         
00003501  __TI_decompress_lzss                   
00003fe7  __TI_decompress_none                   
000039c9  __TI_doflush                           
200009b8  __TI_dtors_ptr                         
200009bc  __TI_enable_exit_profile_output        
200009a4  __TI_ft_end                            
00003923  __TI_ltoa                              
ffffffff  __TI_pprof_out_hndl                    
000000e5  __TI_printfi                           
ffffffff  __TI_prof_data_size                    
ffffffff  __TI_prof_data_start                   
00003d5d  __TI_readmsg                           
00000000  __TI_static_base__                     
20000730  __TI_tmpnams                           
00003c81  __TI_writemsg                          
000036fd  __TI_wrt_ok                            
00004003  __TI_zero_init                         
000030e5  __aeabi_cdcmpeq                        
000030e5  __aeabi_cdcmple                        
0000316b  __aeabi_cdrcmple                       
000033bf  __aeabi_d2f                            
00003aa9  __aeabi_d2iz                           
00002067  __aeabi_dadd                           
00002351  __aeabi_ddiv                           
00002af9  __aeabi_dmul                           
0000205d  __aeabi_dsub                           
00004019  __aeabi_errno_addr                     
00003cb9  __aeabi_f2d                            
00003df5  __aeabi_i2d                            
00002213  __aeabi_idiv0                          
00002213  __aeabi_ldiv0                          
000031f1  __aeabi_memclr                         
000031f1  __aeabi_memclr4                        
000031f1  __aeabi_memclr8                        
00002f27  __aeabi_memcpy                         
00002f27  __aeabi_memcpy4                        
00002f27  __aeabi_memcpy8                        
000031f3  __aeabi_memset                         
000031f3  __aeabi_memset4                        
000031f3  __aeabi_memset8                        
200009b0  __aeabi_stderr                         
200009a8  __aeabi_stdin                          
200009ac  __aeabi_stdout                         
00002fc3  __aeabi_uldivmod                       
ffffffff  __binit__                              
ffffffff  __c_args__                             
UNDEFED   __mpu_init                             
2000fe00  __stack                                
20000000  __start___llvm_prf_cnts                
20000000  __stop___llvm_prf_cnts                 
00003d91  _c_int00_noargs                        
00004218  _ctypes_                               
200008dc  _device                                
200007ec  _ftable                                
200009c0  _lock                                  
00000b33  _nop                                   
20000954  _stream                                
20000000  _sys_memory                            
UNDEFED   _system_post_cinit                     
00004031  _system_pre_init                       
200009c4  _unlock                                
00004035  abort                                  
000029f9  aligned_alloc                          
00003a15  atoi                                   
ffffffff  binit                                  
000025fd  calculate_rtc_time                     
00000d67  cbfifo_capacity                        
00000c3b  cbfifo_dequeue                         
00000d79  cbfifo_dump_state                      
00000b35  cbfifo_enqueue                         
00000def  cbfifo_full                            
00000e09  cbfifo_init                            
00000d45  cbfifo_length                          
20000520  cbfifo_rx                              
20000628  cbfifo_tx                              
00001c19  clear_lcd                              
00002937  clock_init                             
000037c1  close                                  
0000295d  config_uart                            
00003f4d  copysign                               
00003f4d  copysignl                              
00002e21  delay_msec                             
00002e27  delay_usec                             
200009d0  errno                                  
00003a61  exit                                   
00003dc5  finddevice                             
00003059  fputc                                  
000026cd  fputs                                  
00002bf5  free                                   
000035d1  frexp                                  
000035d1  frexpl                                 
00003635  fseek                                  
200009d8  g_count                                
200009da  g_counter2                             
00003bbd  getdevice                              
00003699  gpio_init                              
00001aeb  init_lcd                               
00002db5  init_timer                             
00000000  interruptVectors                       
000027e1  ldexp                                  
000027e1  ldexpl                                 
00001d25  led_port_init                          
00003ea5  lseek                                  
000017f9  main                                   
00004021  malloc                                 
000029f9  memalign                               
00003f31  memccpy                                
00003ef5  memchr                                 
00002f27  memcpy                                 
000031f9  memset                                 
200007d0  parmbuf                                
00003569  printf                                 
00003059  putc                                   
00001477  read_humidity                          
000014d5  read_temperature                       
00003e51  remove                                 
00002e19  reset_timer                            
000025ad  rtc_init                               
000027e1  scalbn                                 
000027e1  scalbnl                                
00001c4f  set_address                            
00002cd9  setvbuf                                
000012a7  si7021_clear_i2c_buffer                
200007d8  si7021_databuffer                      
200007e4  si7021_humidity                        
00001259  si7021_i2c_init                        
00001389  si7021_i2c_read_data                   
000012df  si7021_i2c_write_data                  
200007e8  si7021_temp_in_degC                    
00001421  si7021_temperature_humidity_measurement
00001aa5  spi_config                             
00003c01  sprintf                                
00003f97  strchr                                 
00003f7f  strcmp                                 
00003fad  strcpy                                 
00003fc1  strlen                                 
00003e23  strncat                                
00003cf1  strncpy                                
00001cb9  switch_init                            
00003e51  unlink                                 
00003fd5  wcslen                                 
00003ecd  write                                  
00001bad  write_char_to_lcd                      
00001bfd  write_string_to_lcd                    
00001b4d  write_to_lcd                           


GLOBAL SYMBOLS: SORTED BY Symbol Address 

address   name                                   
-------   ----                                   
00000000  __TI_static_base__                     
00000000  interruptVectors                       
000000e5  __TI_printfi                           
00000200  __STACK_SIZE                           
00000400  __SYSMEM_SIZE                          
00000b33  _nop                                   
00000b35  cbfifo_enqueue                         
00000c3b  cbfifo_dequeue                         
00000d45  cbfifo_length                          
00000d67  cbfifo_capacity                        
00000d79  cbfifo_dump_state                      
00000db1  DiagnosticMessage                      
00000def  cbfifo_full                            
00000e09  cbfifo_init                            
00000f25  SystemCoreClockUpdate                  
0000119d  SystemInit                             
00001259  si7021_i2c_init                        
000012a7  si7021_clear_i2c_buffer                
000012df  si7021_i2c_write_data                  
00001389  si7021_i2c_read_data                   
00001421  si7021_temperature_humidity_measurement
00001477  read_humidity                          
000014d5  read_temperature                       
000017f9  main                                   
00001aa5  spi_config                             
00001aeb  init_lcd                               
00001b4d  write_to_lcd                           
00001bad  write_char_to_lcd                      
00001bfd  write_string_to_lcd                    
00001c19  clear_lcd                              
00001c4f  set_address                            
00001cb9  switch_init                            
00001d25  led_port_init                          
00001dd5  PORT1_IRQHandler                       
00001dd5  PORT1_IRQHandler                       
0000205d  __aeabi_dsub                           
00002067  __aeabi_dadd                           
00002213  __aeabi_idiv0                          
00002213  __aeabi_ldiv0                          
00002351  __aeabi_ddiv                           
000025ad  rtc_init                               
000025fd  calculate_rtc_time                     
000026cd  fputs                                  
000027e1  ldexp                                  
000027e1  ldexpl                                 
000027e1  scalbn                                 
000027e1  scalbnl                                
000028f1  EUSCIA0_IRQHandler                     
000028f1  EUSCIA0_IRQHandler                     
00002937  clock_init                             
0000295d  config_uart                            
000029f9  aligned_alloc                          
000029f9  memalign                               
00002af9  __aeabi_dmul                           
00002bf5  free                                   
00002cd9  setvbuf                                
00002db5  init_timer                             
00002def  TA0_0_IRQHandler                       
00002def  TA0_0_IRQHandler                       
00002e19  reset_timer                            
00002e21  delay_msec                             
00002e27  delay_usec                             
00002f27  __aeabi_memcpy                         
00002f27  __aeabi_memcpy4                        
00002f27  __aeabi_memcpy8                        
00002f27  memcpy                                 
00002fc3  __aeabi_uldivmod                       
00003059  fputc                                  
00003059  putc                                   
000030e5  __aeabi_cdcmpeq                        
000030e5  __aeabi_cdcmple                        
0000316b  __aeabi_cdrcmple                       
000031f1  __aeabi_memclr                         
000031f1  __aeabi_memclr4                        
000031f1  __aeabi_memclr8                        
000031f3  __aeabi_memset                         
000031f3  __aeabi_memset4                        
000031f3  __aeabi_memset8                        
000031f9  memset                                 
0000326d  __TI_closefile                         
000033bf  __aeabi_d2f                            
0000342d  HOSTrename                             
00003499  HOSTlseek                              
00003501  __TI_decompress_lzss                   
00003569  printf                                 
000035d1  frexp                                  
000035d1  frexpl                                 
00003635  fseek                                  
00003699  gpio_init                              
000036fd  __TI_wrt_ok                            
00003761  HOSTopen                               
000037c1  close                                  
0000381d  HOSTread                               
00003875  HOSTwrite                              
00003923  __TI_ltoa                              
000039c9  __TI_doflush                           
00003a15  atoi                                   
00003a61  exit                                   
00003aa9  __aeabi_d2iz                           
00003af1  HOSTclose                              
00003b35  HOSTunlink                             
00003b79  __TI_auto_init_nobinit_nopinit         
00003bbd  getdevice                              
00003c01  sprintf                                
00003c81  __TI_writemsg                          
00003caf  C$$IO$$                                
00003cb9  __aeabi_f2d                            
00003cf1  strncpy                                
00003d29  __TI_cleanup                           
00003d5d  __TI_readmsg                           
00003d91  _c_int00_noargs                        
00003dc5  finddevice                             
00003df5  __aeabi_i2d                            
00003e23  strncat                                
00003e51  remove                                 
00003e51  unlink                                 
00003ea5  lseek                                  
00003ecd  write                                  
00003ef5  memchr                                 
00003f31  memccpy                                
00003f4d  copysign                               
00003f4d  copysignl                              
00003f7f  strcmp                                 
00003f97  strchr                                 
00003fad  strcpy                                 
00003fc1  strlen                                 
00003fd5  wcslen                                 
00003fe7  __TI_decompress_none                   
00003ff5  Reset_Handler                          
00004001  ADC14_IRQHandler                       
00004001  AES256_IRQHandler                      
00004001  BusFault_Handler                       
00004001  COMP_E0_IRQHandler                     
00004001  COMP_E1_IRQHandler                     
00004001  CS_IRQHandler                          
00004001  DMA_ERR_IRQHandler                     
00004001  DMA_INT0_IRQHandler                    
00004001  DMA_INT1_IRQHandler                    
00004001  DMA_INT2_IRQHandler                    
00004001  DMA_INT3_IRQHandler                    
00004001  DebugMon_Handler                       
00004001  Default_Handler                        
00004001  EUSCIA1_IRQHandler                     
00004001  EUSCIA2_IRQHandler                     
00004001  EUSCIA3_IRQHandler                     
00004001  EUSCIB0_IRQHandler                     
00004001  EUSCIB1_IRQHandler                     
00004001  EUSCIB2_IRQHandler                     
00004001  EUSCIB3_IRQHandler                     
00004001  FLCTL_IRQHandler                       
00004001  FPU_IRQHandler                         
00004001  HardFault_Handler                      
00004001  MemManage_Handler                      
00004001  NMI_Handler                            
00004001  PCM_IRQHandler                         
00004001  PORT2_IRQHandler                       
00004001  PORT3_IRQHandler                       
00004001  PORT4_IRQHandler                       
00004001  PORT5_IRQHandler                       
00004001  PORT6_IRQHandler                       
00004001  PSS_IRQHandler                         
00004001  PendSV_Handler                         
00004001  RTC_C_IRQHandler                       
00004001  SVC_Handler                            
00004001  SysTick_Handler                        
00004001  T32_INT1_IRQHandler                    
00004001  T32_INT2_IRQHandler                    
00004001  T32_INTC_IRQHandler                    
00004001  TA0_N_IRQHandler                       
00004001  TA1_0_IRQHandler                       
00004001  TA1_N_IRQHandler                       
00004001  TA2_0_IRQHandler                       
00004001  TA2_N_IRQHandler                       
00004001  TA3_0_IRQHandler                       
00004001  TA3_N_IRQHandler                       
00004001  UsageFault_Handler                     
00004001  WDT_A_IRQHandler                       
00004003  __TI_zero_init                         
00004019  __aeabi_errno_addr                     
00004021  malloc                                 
00004031  _system_pre_init                       
00004035  C$$EXIT                                
00004035  abort                                  
00004218  _ctypes_                               
00004394  __TI_Handler_Table_Base                
000043a0  __TI_Handler_Table_Limit               
000043a8  __TI_CINIT_Base                        
000043b8  __TI_CINIT_Limit                       
20000000  __start___llvm_prf_cnts                
20000000  __stop___llvm_prf_cnts                 
20000000  _sys_memory                            
20000400  __CIOBUF_                              
20000520  cbfifo_rx                              
20000628  cbfifo_tx                              
20000730  __TI_tmpnams                           
200007d0  parmbuf                                
200007d8  si7021_databuffer                      
200007e0  T_RH_poll_frequency                    
200007e4  si7021_humidity                        
200007e8  si7021_temp_in_degC                    
200007ec  _ftable                                
200008dc  _device                                
20000954  _stream                                
200009a4  __TI_ft_end                            
200009a8  __aeabi_stdin                          
200009ac  __aeabi_stdout                         
200009b0  __aeabi_stderr                         
200009b4  __TI_cleanup_ptr                       
200009b8  __TI_dtors_ptr                         
200009bc  __TI_enable_exit_profile_output        
200009c0  _lock                                  
200009c4  _unlock                                
200009d0  errno                                  
200009d4  SystemCoreClock                        
200009d8  g_count                                
200009da  g_counter2                             
2000fe00  __stack                                
20010000  __STACK_END                            
4000480c  WDTCTL_SYM                             
ffffffff  __TI_pprof_out_hndl                    
ffffffff  __TI_prof_data_size                    
ffffffff  __TI_prof_data_start                   
ffffffff  __binit__                              
ffffffff  __c_args__                             
ffffffff  binit                                  
UNDEFED   __mpu_init                             
UNDEFED   _system_post_cinit                     

[227 symbols]
