******************************************************************************
                  TI ARM Linker PC v20.2.4                     
******************************************************************************
>> Linked Thu Apr 22 14:12:12 2021

OUTPUT FILE NAME:   <ESD_Project.out>
ENTRY POINT SYMBOL: "_c_int00_noargs"  address: 00003c61


MEMORY CONFIGURATION

         name            origin    length      used     unused   attr    fill
----------------------  --------  ---------  --------  --------  ----  --------
  MAIN                  00000000   00040000  000040d1  0003bf2f  R  X
  INFO                  00200000   00004000  00000000  00004000  R  X
  SRAM_CODE             01000000   00010000  00000bd5  0000f42b  RW X
  SRAM_DATA             20000000   00010000  00000bd5  0000f42b  RW  


SEGMENT ALLOCATION MAP

run origin  load origin   length   init length attrs members
----------  ----------- ---------- ----------- ----- -------
00000000    00000000    000040d8   000040d8    r-x
  00000000    00000000    000000e4   000000e4    r-- .intvecs
  000000e4    000000e4    00003e54   00003e54    r-x .text
  00003f38    00003f38    00000101   00000101    r-- .const
  00004040    00004040    00000098   00000098    r-- .cinit
20000000    20000000    000009d8   00000000    rw-
  20000000    20000000    00000400   00000000    rw- .sysmem
  20000400    20000400    000003e5   00000000    rw- .bss
  200007e8    200007e8    000001f0   00000000    rw- .data
2000fe00    2000fe00    00000200   00000000    rw-
  2000fe00    2000fe00    00000200   00000000    rw- .stack


SECTION ALLOCATION MAP

 output                                  attributes/
section   page    origin      length       input sections
--------  ----  ----------  ----------   ----------------
.intvecs   0    00000000    000000e4     
                  00000000    000000e4     startup_msp432p401r_ccs.obj (.intvecs:retain)

.text      0    000000e4    00003e54     
                  000000e4    00000a4e     rtsv7M4_T_le_v4SPD16_eabi.lib : _printfi.c.obj (.text:__TI_printfi)
                  00000b32    00000002                                   : _lock.c.obj (.text:_nop)
                  00000b34    00000404     cbfifo.obj (.text)
                  00000f38    00000370     i2c.obj (.text)
                  000012a8    00000334     system_msp432p401r.obj (.text)
                  000015dc    000002b0     i2c_bitbang.obj (.text)
                  0000188c    00000270     rtsv7M4_T_le_v4SPD16_eabi.lib : _printfi.c.obj (.text:_pconv_a)
                  00001afc    000001d0                                   : _printfi.c.obj (.text:_pconv_g)
                  00001ccc    000001d0     main.obj (.text)
                  00001e9c    000001cc     switch.obj (.text)
                  00002068    000001b6     rtsv7M4_T_le_v4SPD16_eabi.lib : fd_add_t2.asm.obj (.text)
                  0000221e    00000002                                   : div0.asm.obj (.text)
                  00002220    0000013c                                   : _printfi.c.obj (.text:_pconv_e)
                  0000235c    00000136                                   : fd_div_t2.asm.obj (.text)
                  00002492    00000002     --HOLE-- [fill = 0]
                  00002494    00000124                                   : _printfi.c.obj (.text:fcvt)
                  000025b8    00000120     rtc.obj (.text)
                  000026d8    00000114     rtsv7M4_T_le_v4SPD16_eabi.lib : fputs.c.obj (.text:fputs)
                  000027ec    00000110                                   : s_scalbn.c.obj (.text:scalbn)
                  000028fc    0000010c     uart.obj (.text)
                  00002a08    00000100     rtsv7M4_T_le_v4SPD16_eabi.lib : memory.c.obj (.text:aligned_alloc)
                  00002b08    000000fc                                   : fd_mul_t2.asm.obj (.text)
                  00002c04    000000e4                                   : memory.c.obj (.text:free)
                  00002ce8    000000dc                                   : setvbuf.c.obj (.text:setvbuf)
                  00002dc4    000000b1                                   : _printfi.c.obj (.text:_ltostr)
                  00002e75    00000001     --HOLE-- [fill = 0]
                  00002e76    0000009c                                   : memcpy_t2.asm.obj (.text)
                  00002f12    00000096                                   : ull_div_t2.asm.obj (.text)
                  00002fa8    0000008c                                   : fputc.c.obj (.text:fputc)
                  00003034    00000088     systimer.obj (.text)
                  000030bc    00000086     rtsv7M4_T_le_v4SPD16_eabi.lib : fd_cmp_t2.asm.obj (.text:__aeabi_cdcmple)
                  00003142    00000086                                   : fd_cmp_t2.asm.obj (.text:__aeabi_cdrcmple)
                  000031c8    0000007a                                   : memset_t2.asm.obj (.text)
                  00003242    00000002     --HOLE-- [fill = 0]
                  00003244    00000074                                   : fclose.c.obj (.text:__TI_closefile)
                  000032b8    00000070                                   : memory.c.obj (.text:split)
                  00003328    0000006e                                   : _printfi.c.obj (.text:_mcpy)
                  00003396    00000002     --HOLE-- [fill = 0]
                  00003398    0000006c                                   : hostrename.c.obj (.text:HOSTrename)
                  00003404    00000068                                   : hostlseek.c.obj (.text:HOSTlseek)
                  0000346c    00000068                                   : copy_decompress_lzss.c.obj (.text:decompress:lzss:__TI_decompress_lzss)
                  000034d4    00000068                                   : printf.c.obj (.text:printf)
                  0000353c    00000064                                   : s_frexp.c.obj (.text:frexp)
                  000035a0    00000064                                   : fseek.c.obj (.text:fseek)
                  00003604    00000062                                   : _io_perm.c.obj (.text:__TI_wrt_ok)
                  00003666    00000002     --HOLE-- [fill = 0]
                  00003668    00000060                                   : hostopen.c.obj (.text:HOSTopen)
                  000036c8    0000005c                                   : close.c.obj (.text:close)
                  00003724    00000058                                   : hostread.c.obj (.text:HOSTread)
                  0000377c    00000058                                   : hostwrite.c.obj (.text:HOSTwrite)
                  000037d4    00000056                                   : _printfi.c.obj (.text:_pconv_f)
                  0000382a    00000054                                   : _ltoa.c.obj (.text:__TI_ltoa)
                  0000387e    00000052                                   : _printfi.c.obj (.text:_ecpy)
                  000038d0    0000004c                                   : fflush.c.obj (.text:__TI_doflush)
                  0000391c    0000004c                                   : atoi.c.obj (.text:atoi)
                  00003968    00000048                                   : exit.c.obj (.text:exit)
                  000039b0    00000048                                   : fd_toi_t2.asm.obj (.text)
                  000039f8    00000044                                   : hostclose.c.obj (.text:HOSTclose)
                  00003a3c    00000044                                   : hostunlink.c.obj (.text:HOSTunlink)
                  00003a80    00000044                                   : autoinit.c.obj (.text:__TI_auto_init_nobinit_nopinit:__TI_auto_init_nobinit_nopinit)
                  00003ac4    00000044                                   : getdevice.c.obj (.text:getdevice)
                  00003b08    00000040                                   : sprintf.c.obj (.text:sprintf)
                  00003b48    0000003e                                   : _printfi.c.obj (.text:_fcpy)
                  00003b86    00000002     --HOLE-- [fill = 0]
                  00003b88    00000038                                   : trgmsg.c.obj (.text:__TI_writemsg)
                  00003bc0    00000036                                   : strncpy.c.obj (.text:strncpy)
                  00003bf6    00000002     --HOLE-- [fill = 0]
                  00003bf8    00000034                                   : fopen.c.obj (.text:__TI_cleanup)
                  00003c2c    00000034                                   : trgmsg.c.obj (.text:__TI_readmsg)
                  00003c60    00000034                                   : boot_cortex_m.c.obj (.text:_c_int00_noargs:_c_int00_noargs)
                  00003c94    00000030                                   : getdevice.c.obj (.text:finddevice)
                  00003cc4    0000002e                                   : i_tofd_t2.asm.obj (.text)
                  00003cf2    0000002e                                   : strncat.c.obj (.text:strncat)
                  00003d20    0000002c                                   : unlink.c.obj (.text:unlink)
                  00003d4c    00000028                                   : memory.c.obj (.text:free_list_insert)
                  00003d74    00000028                                   : lseek.c.obj (.text:lseek)
                  00003d9c    00000028                                   : write.c.obj (.text:write)
                  00003dc4    00000020     gpio.obj (.text)
                  00003de4    00000020     rtsv7M4_T_le_v4SPD16_eabi.lib : memchr.c.obj (.text:memchr)
                  00003e04    0000001c                                   : copy_zero_init.c.obj (.text:decompress:ZI:__TI_zero_init_nomemset:__TI_zero_init_nomemset)
                  00003e20    0000001c                                   : memory.c.obj (.text:free_list_remove)
                  00003e3c    0000001c                                   : memccpy.c.obj (.text:memccpy)
                  00003e58    0000001a                                   : s_copysign.c.obj (.text:copysign)
                  00003e72    00000018                                   : sprintf.c.obj (.text:_outs)
                  00003e8a    00000018                                   : strcmp.c.obj (.text:strcmp)
                  00003ea2    00000016                                   : strchr.c.obj (.text:strchr)
                  00003eb8    00000014                                   : strcpy.c.obj (.text:strcpy)
                  00003ecc    00000014                                   : strlen.c.obj (.text:strlen)
                  00003ee0    00000012                                   : wcslen.c.obj (.text:wcslen)
                  00003ef2    0000000e                                   : copy_decompress_none.c.obj (.text:decompress:none:__TI_decompress_none)
                  00003f00    0000000e     startup_msp432p401r_ccs.obj (.text)
                  00003f0e    0000000a     rtsv7M4_T_le_v4SPD16_eabi.lib : sprintf.c.obj (.text:_outc)
                  00003f18    00000008                                   : errno.c.obj (.text:__aeabi_errno_addr)
                  00003f20    00000008                                   : memory.c.obj (.text:malloc)
                  00003f28    00000004                                   : printf.c.obj (.text:_outc)
                  00003f2c    00000004                                   : printf.c.obj (.text:_outs)
                  00003f30    00000004                                   : pre_init.c.obj (.text:_system_pre_init)
                  00003f34    00000004                                   : exit.c.obj (.text:abort:abort)

.const     0    00003f38    00000101     
                  00003f38    00000101     rtsv7M4_T_le_v4SPD16_eabi.lib : ctype.c.obj (.const:.string:_ctypes_)

.cinit     0    00004040    00000098     
                  00004040    0000006f     (.cinit..data.load) [load image, compression = lzss]
                  000040af    00000001     --HOLE-- [fill = 0]
                  000040b0    0000000c     (__TI_handler_table)
                  000040bc    00000004     --HOLE-- [fill = 0]
                  000040c0    00000008     (.cinit..bss.load) [load image, compression = zero_init]
                  000040c8    00000010     (__TI_cinit_table)

.init_array 
*          0    00000000    00000000     UNINITIALIZED

.binit     0    00000000    00000000     

.sysmem    0    20000000    00000400     UNINITIALIZED
                  20000000    00000010     rtsv7M4_T_le_v4SPD16_eabi.lib : memory.c.obj (.sysmem)
                  20000010    000003f0     --HOLE--

.bss       0    20000400    000003e5     UNINITIALIZED
                  20000400    00000120     rtsv7M4_T_le_v4SPD16_eabi.lib : trgmsg.c.obj (.bss:_CIOBUF_)
                  20000520    00000108     (.common:cbfifo_rx)
                  20000628    00000108     (.common:cbfifo_tx)
                  20000730    000000a0     (.common:__TI_tmpnams)
                  200007d0    00000008     (.common:data_buffer)
                  200007d8    00000008     (.common:parmbuf)
                  200007e0    00000004     (.common:am2320_poll_frequency)
                  200007e4    00000001     (.common:in_storage)

.data      0    200007e8    000001f0     UNINITIALIZED
                  200007e8    000000f0     rtsv7M4_T_le_v4SPD16_eabi.lib : defs.c.obj (.data:_ftable)
                  200008d8    00000078                                   : host_device.c.obj (.data:_device)
                  20000950    00000050                                   : host_device.c.obj (.data:_stream)
                  200009a0    00000010                                   : defs.c.obj (.data)
                  200009b0    0000000c                                   : exit.c.obj (.data:$O1$$)
                  200009bc    00000008                                   : _lock.c.obj (.data:$O1$$)
                  200009c4    00000008                                   : memory.c.obj (.data:$O1$$)
                  200009cc    00000004                                   : errno.c.obj (.data)
                  200009d0    00000004     system_msp432p401r.obj (.data)
                  200009d4    00000004     systimer.obj (.data)

.stack     0    2000fe00    00000200     UNINITIALIZED
                  2000fe00    00000004     rtsv7M4_T_le_v4SPD16_eabi.lib : boot_cortex_m.c.obj (.stack)
                  2000fe04    000001fc     --HOLE--

__llvm_prf_cnts 
*          0    20000000    00000000     UNINITIALIZED

MODULE SUMMARY

       Module                        code    ro data   rw data
       ------                        ----    -------   -------
    .\
       uart.obj                      268     0         1058   
       cbfifo.obj                    1028    0         0      
       i2c.obj                       880     0         16     
       system_msp432p401r.obj        820     0         8      
       i2c_bitbang.obj               688     0         0      
       main.obj                      464     0         8      
       switch.obj                    460     0         0      
       rtc.obj                       288     0         0      
       startup_msp432p401r_ccs.obj   14      228       0      
       systimer.obj                  136     0         8      
       gpio.obj                      32      0         0      
    +--+-----------------------------+-------+---------+---------+
       Total:                        5078    228       1098   
                                                              
    C:\ti\ccs1020\ccs\tools\compiler\ti-cgt-arm_20.2.4.LTS\lib\rtsv7M4_T_le_v4SPD16_eabi.lib
       _printfi.c.obj                4851    0         0      
       defs.c.obj                    0       0         832    
       memory.c.obj                  672     0         16     
       trgmsg.c.obj                  108     0         576    
       fd_add_t2.asm.obj             438     0         0      
       host_device.c.obj             0       0         400    
       fd_div_t2.asm.obj             310     0         0      
       fputs.c.obj                   276     0         0      
       s_scalbn.c.obj                272     0         0      
       fd_cmp_t2.asm.obj             268     0         0      
       ctype.c.obj                   0       257       0      
       fd_mul_t2.asm.obj             252     0         0      
       setvbuf.c.obj                 220     0         0      
       memcpy_t2.asm.obj             156     0         0      
       ull_div_t2.asm.obj            150     0         0      
       fputc.c.obj                   140     0         0      
       memset_t2.asm.obj             122     0         0      
       fclose.c.obj                  116     0         0      
       getdevice.c.obj               116     0         0      
       hostopen.c.obj                96      0         16     
       printf.c.obj                  112     0         0      
       hostrename.c.obj              108     0         0      
       copy_decompress_lzss.c.obj    104     0         0      
       hostlseek.c.obj               104     0         0      
       exit.c.obj                    76      0         24     
       fseek.c.obj                   100     0         0      
       s_frexp.c.obj                 100     0         0      
       _io_perm.c.obj                98      0         0      
       sprintf.c.obj                 98      0         0      
       close.c.obj                   92      0         0      
       hostread.c.obj                88      0         0      
       hostwrite.c.obj               88      0         0      
       _ltoa.c.obj                   84      0         0      
       atoi.c.obj                    76      0         0      
       fflush.c.obj                  76      0         0      
       fd_toi_t2.asm.obj             72      0         0      
       autoinit.c.obj                68      0         0      
       hostclose.c.obj               68      0         0      
       hostunlink.c.obj              68      0         0      
       strncpy.c.obj                 54      0         0      
       boot_cortex_m.c.obj           52      0         0      
       fopen.c.obj                   52      0         0      
       i_tofd_t2.asm.obj             46      0         0      
       strncat.c.obj                 46      0         0      
       unlink.c.obj                  44      0         0      
       lseek.c.obj                   40      0         0      
       write.c.obj                   40      0         0      
       memchr.c.obj                  32      0         0      
       copy_zero_init.c.obj          28      0         0      
       memccpy.c.obj                 28      0         0      
       s_copysign.c.obj              26      0         0      
       strcmp.c.obj                  24      0         0      
       strchr.c.obj                  22      0         0      
       strcpy.c.obj                  20      0         0      
       strlen.c.obj                  20      0         0      
       _lock.c.obj                   2       0         16     
       wcslen.c.obj                  18      0         0      
       errno.c.obj                   8       0         8      
       copy_decompress_none.c.obj    14      0         0      
       pre_init.c.obj                4       0         0      
       div0.asm.obj                  2       0         0      
    +--+-----------------------------+-------+---------+---------+
       Total:                        10865   257       1888   
                                                              
       Heap:                         0       0         2048   
       Stack:                        0       0         1024   
       Linker Generated:             0       147       0      
    +--+-----------------------------+-------+---------+---------+
       Grand Total:                  15943   632       6058   


LINKER GENERATED COPY TABLES

__TI_cinit_table @ 000040c8 records: 2, size/record: 8, table size: 16
	.data: load addr=00004040, load size=0000006f bytes, run addr=200007e8, run size=000001f0 bytes, compression=lzss
	.bss: load addr=000040c0, load size=00000008 bytes, run addr=20000400, run size=000003e5 bytes, compression=zero_init


LINKER GENERATED HANDLER TABLE

__TI_handler_table @ 000040b0 records: 3, size/record: 4, table size: 12
	index: 0, handler: __TI_decompress_lzss
	index: 1, handler: __TI_decompress_none
	index: 2, handler: __TI_zero_init


GLOBAL SYMBOLS: SORTED ALPHABETICALLY BY Name 

address   name                           
-------   ----                           
00003f0d  ADC14_IRQHandler               
00003f0d  AES256_IRQHandler              
00003f0d  BusFault_Handler               
00003f35  C$$EXIT                        
00003bb7  C$$IO$$                        
00003f0d  COMP_E0_IRQHandler             
00003f0d  COMP_E1_IRQHandler             
000011b7  CRC16                          
00003f0d  CS_IRQHandler                  
00003f0d  DMA_ERR_IRQHandler             
00003f0d  DMA_INT0_IRQHandler            
00003f0d  DMA_INT1_IRQHandler            
00003f0d  DMA_INT2_IRQHandler            
00003f0d  DMA_INT3_IRQHandler            
00003f0d  DebugMon_Handler               
00003f0d  Default_Handler                
00000dc5  DiagnosticMessage              
000028fd  EUSCIA0_IRQHandler             
000028fd  EUSCIA0_IRQHandler             
00003f0d  EUSCIA1_IRQHandler             
00003f0d  EUSCIA2_IRQHandler             
00003f0d  EUSCIA3_IRQHandler             
00003f0d  EUSCIB0_IRQHandler             
00003f0d  EUSCIB1_IRQHandler             
00003f0d  EUSCIB2_IRQHandler             
00003f0d  EUSCIB3_IRQHandler             
00003f0d  FLCTL_IRQHandler               
00003f0d  FPU_IRQHandler                 
000039f9  HOSTclose                      
00003405  HOSTlseek                      
00003669  HOSTopen                       
00003725  HOSTread                       
00003399  HOSTrename                     
00003a3d  HOSTunlink                     
0000377d  HOSTwrite                      
00003f0d  HardFault_Handler              
00003f0d  MemManage_Handler              
00003f0d  NMI_Handler                    
00003f0d  PCM_IRQHandler                 
00001fb3  PORT1_IRQHandler               
00001fb3  PORT1_IRQHandler               
00003f0d  PORT2_IRQHandler               
00003f0d  PORT3_IRQHandler               
00003f0d  PORT4_IRQHandler               
00003f0d  PORT5_IRQHandler               
00003f0d  PORT6_IRQHandler               
00003f0d  PSS_IRQHandler                 
00003f0d  PendSV_Handler                 
000017bd  PollAck                        
00003f0d  RTC_C_IRQHandler               
00003f01  Reset_Handler                  
00003f0d  SVC_Handler                    
00001739  SendACK                        
000017a1  SendNACK                       
00003f0d  SysTick_Handler                
200009d0  SystemCoreClock                
000012a9  SystemCoreClockUpdate          
00001521  SystemInit                     
00003f0d  T32_INT1_IRQHandler            
00003f0d  T32_INT2_IRQHandler            
00003f0d  T32_INTC_IRQHandler            
0000306f  TA0_0_IRQHandler               
0000306f  TA0_0_IRQHandler               
00003f0d  TA0_N_IRQHandler               
00003f0d  TA1_0_IRQHandler               
00003f0d  TA1_N_IRQHandler               
00003f0d  TA2_0_IRQHandler               
00003f0d  TA2_N_IRQHandler               
00003f0d  TA3_0_IRQHandler               
00003f0d  TA3_N_IRQHandler               
00003f0d  UsageFault_Handler             
4000480c  WDTCTL_SYM                     
00003f0d  WDT_A_IRQHandler               
20000400  __CIOBUF_                      
20010000  __STACK_END                    
00000200  __STACK_SIZE                   
00000400  __SYSMEM_SIZE                  
000040c8  __TI_CINIT_Base                
000040d8  __TI_CINIT_Limit               
000040b0  __TI_Handler_Table_Base        
000040bc  __TI_Handler_Table_Limit       
00003a81  __TI_auto_init_nobinit_nopinit 
00003bf9  __TI_cleanup                   
200009b0  __TI_cleanup_ptr               
00003245  __TI_closefile                 
0000346d  __TI_decompress_lzss           
00003ef3  __TI_decompress_none           
000038d1  __TI_doflush                   
200009b4  __TI_dtors_ptr                 
200009b8  __TI_enable_exit_profile_output
200009a0  __TI_ft_end                    
0000382b  __TI_ltoa                      
ffffffff  __TI_pprof_out_hndl            
000000e5  __TI_printfi                   
ffffffff  __TI_prof_data_size            
ffffffff  __TI_prof_data_start           
00003c2d  __TI_readmsg                   
00000000  __TI_static_base__             
20000730  __TI_tmpnams                   
00003b89  __TI_writemsg                  
00003605  __TI_wrt_ok                    
00003e05  __TI_zero_init_nomemset        
000030bd  __aeabi_cdcmpeq                
000030bd  __aeabi_cdcmple                
00003143  __aeabi_cdrcmple               
000039b1  __aeabi_d2iz                   
00002073  __aeabi_dadd                   
0000235d  __aeabi_ddiv                   
00002b09  __aeabi_dmul                   
00002069  __aeabi_dsub                   
00003f19  __aeabi_errno_addr             
00003cc5  __aeabi_i2d                    
0000221f  __aeabi_idiv0                  
0000221f  __aeabi_ldiv0                  
000031c9  __aeabi_memclr                 
000031c9  __aeabi_memclr4                
000031c9  __aeabi_memclr8                
00002e77  __aeabi_memcpy                 
00002e77  __aeabi_memcpy4                
00002e77  __aeabi_memcpy8                
000031cb  __aeabi_memset                 
000031cb  __aeabi_memset4                
000031cb  __aeabi_memset8                
200009ac  __aeabi_stderr                 
200009a4  __aeabi_stdin                  
200009a8  __aeabi_stdout                 
00002f13  __aeabi_uldivmod               
ffffffff  __binit__                      
ffffffff  __c_args__                     
UNDEFED   __mpu_init                     
2000fe00  __stack                        
20000000  __start___llvm_prf_cnts        
20000000  __stop___llvm_prf_cnts         
00003c61  _c_int00_noargs                
00003f38  _ctypes_                       
200008d8  _device                        
200007e8  _ftable                        
200009bc  _lock                          
00000b33  _nop                           
20000950  _stream                        
20000000  _sys_memory                    
UNDEFED   _system_post_cinit             
00003f31  _system_pre_init               
200009c0  _unlock                        
00003f35  abort                          
00002a09  aligned_alloc                  
200007e0  am2320_poll_frequency          
0000391d  atoi                           
ffffffff  binit                          
00001645  bus_no_busy_state              
0000260b  calculate_rtc_time             
00000d7b  cbfifo_capacity                
00000c45  cbfifo_dequeue                 
00000d8d  cbfifo_dump_state              
00000b35  cbfifo_enqueue                 
00000e09  cbfifo_full                    
00000e1f  cbfifo_init                    
00000d59  cbfifo_length                  
20000520  cbfifo_rx                      
20000628  cbfifo_tx                      
00000f39  clear_i2c_buffer               
00002943  clock_init                     
000036c9  close                          
00002969  config_uart                    
00003e59  copysign                       
00003e59  copysignl                      
200007d0  data_buffer                    
000030a3  delay_msec                     
0000122f  delay_usec                     
200009cc  errno                          
00003969  exit                           
00003c95  finddevice                     
00002fa9  fputc                          
000026d9  fputs                          
00002c05  free                           
0000353d  frexp                          
0000353d  frexpl                         
000035a1  fseek                          
200009d4  g_count                        
200009d6  g_counter2                     
0000119d  get_CRC                        
00001171  get_RH_and_temperature         
00003099  get_timer                      
00003ac5  getdevice                      
00003dc5  gpio_init                      
00000f71  i2c_init                       
000010d9  i2c_read_data                  
00001013  i2c_write_data                 
00001679  i2c_write_operation_wakeup     
00000fbf  i2c_write_wakeup               
200007e4  in_storage                     
00001829  init_i2c_bitbang               
00001d63  init_routine                   
00003035  init_timer                     
00000000  interruptVectors               
000027ed  ldexp                          
000027ed  ldexpl                         
00001f03  led_port_init                  
00003d75  lseek                          
00001ccd  main                           
00003f21  malloc                         
00002a09  memalign                       
00003e3d  memccpy                        
00003de5  memchr                         
00002e77  memcpy                         
000031d1  memset                         
00001655  mydelay                        
200007d8  parmbuf                        
000034d5  printf                         
00002fa9  putc                           
00003d21  remove                         
0000309b  reset_timer                    
0000176d  restart_bit                    
000025b9  rtc_init                       
000027ed  scalbn                         
000027ed  scalbnl                        
00001801  set_scl                        
000017d9  set_sda                        
00002ce9  setvbuf                        
00003b09  sprintf                        
000015dd  start_bit                      
00001611  stop_bit                       
00003ea3  strchr                         
00003e8b  strcmp                         
00003eb9  strcpy                         
00003ecd  strlen                         
00003cf3  strncat                        
00003bc1  strncpy                        
00001e9d  switch_init                    
00001f7d  switch_interrupt_init          
00001d83  temparutremeasureent           
00003d21  unlink                         
00003ee1  wcslen                         
00003d9d  write                          


GLOBAL SYMBOLS: SORTED BY Symbol Address 

address   name                           
-------   ----                           
00000000  __TI_static_base__             
00000000  interruptVectors               
000000e5  __TI_printfi                   
00000200  __STACK_SIZE                   
00000400  __SYSMEM_SIZE                  
00000b33  _nop                           
00000b35  cbfifo_enqueue                 
00000c45  cbfifo_dequeue                 
00000d59  cbfifo_length                  
00000d7b  cbfifo_capacity                
00000d8d  cbfifo_dump_state              
00000dc5  DiagnosticMessage              
00000e09  cbfifo_full                    
00000e1f  cbfifo_init                    
00000f39  clear_i2c_buffer               
00000f71  i2c_init                       
00000fbf  i2c_write_wakeup               
00001013  i2c_write_data                 
000010d9  i2c_read_data                  
00001171  get_RH_and_temperature         
0000119d  get_CRC                        
000011b7  CRC16                          
0000122f  delay_usec                     
000012a9  SystemCoreClockUpdate          
00001521  SystemInit                     
000015dd  start_bit                      
00001611  stop_bit                       
00001645  bus_no_busy_state              
00001655  mydelay                        
00001679  i2c_write_operation_wakeup     
00001739  SendACK                        
0000176d  restart_bit                    
000017a1  SendNACK                       
000017bd  PollAck                        
000017d9  set_sda                        
00001801  set_scl                        
00001829  init_i2c_bitbang               
00001ccd  main                           
00001d63  init_routine                   
00001d83  temparutremeasureent           
00001e9d  switch_init                    
00001f03  led_port_init                  
00001f7d  switch_interrupt_init          
00001fb3  PORT1_IRQHandler               
00001fb3  PORT1_IRQHandler               
00002069  __aeabi_dsub                   
00002073  __aeabi_dadd                   
0000221f  __aeabi_idiv0                  
0000221f  __aeabi_ldiv0                  
0000235d  __aeabi_ddiv                   
000025b9  rtc_init                       
0000260b  calculate_rtc_time             
000026d9  fputs                          
000027ed  ldexp                          
000027ed  ldexpl                         
000027ed  scalbn                         
000027ed  scalbnl                        
000028fd  EUSCIA0_IRQHandler             
000028fd  EUSCIA0_IRQHandler             
00002943  clock_init                     
00002969  config_uart                    
00002a09  aligned_alloc                  
00002a09  memalign                       
00002b09  __aeabi_dmul                   
00002c05  free                           
00002ce9  setvbuf                        
00002e77  __aeabi_memcpy                 
00002e77  __aeabi_memcpy4                
00002e77  __aeabi_memcpy8                
00002e77  memcpy                         
00002f13  __aeabi_uldivmod               
00002fa9  fputc                          
00002fa9  putc                           
00003035  init_timer                     
0000306f  TA0_0_IRQHandler               
0000306f  TA0_0_IRQHandler               
00003099  get_timer                      
0000309b  reset_timer                    
000030a3  delay_msec                     
000030bd  __aeabi_cdcmpeq                
000030bd  __aeabi_cdcmple                
00003143  __aeabi_cdrcmple               
000031c9  __aeabi_memclr                 
000031c9  __aeabi_memclr4                
000031c9  __aeabi_memclr8                
000031cb  __aeabi_memset                 
000031cb  __aeabi_memset4                
000031cb  __aeabi_memset8                
000031d1  memset                         
00003245  __TI_closefile                 
00003399  HOSTrename                     
00003405  HOSTlseek                      
0000346d  __TI_decompress_lzss           
000034d5  printf                         
0000353d  frexp                          
0000353d  frexpl                         
000035a1  fseek                          
00003605  __TI_wrt_ok                    
00003669  HOSTopen                       
000036c9  close                          
00003725  HOSTread                       
0000377d  HOSTwrite                      
0000382b  __TI_ltoa                      
000038d1  __TI_doflush                   
0000391d  atoi                           
00003969  exit                           
000039b1  __aeabi_d2iz                   
000039f9  HOSTclose                      
00003a3d  HOSTunlink                     
00003a81  __TI_auto_init_nobinit_nopinit 
00003ac5  getdevice                      
00003b09  sprintf                        
00003b89  __TI_writemsg                  
00003bb7  C$$IO$$                        
00003bc1  strncpy                        
00003bf9  __TI_cleanup                   
00003c2d  __TI_readmsg                   
00003c61  _c_int00_noargs                
00003c95  finddevice                     
00003cc5  __aeabi_i2d                    
00003cf3  strncat                        
00003d21  remove                         
00003d21  unlink                         
00003d75  lseek                          
00003d9d  write                          
00003dc5  gpio_init                      
00003de5  memchr                         
00003e05  __TI_zero_init_nomemset        
00003e3d  memccpy                        
00003e59  copysign                       
00003e59  copysignl                      
00003e8b  strcmp                         
00003ea3  strchr                         
00003eb9  strcpy                         
00003ecd  strlen                         
00003ee1  wcslen                         
00003ef3  __TI_decompress_none           
00003f01  Reset_Handler                  
00003f0d  ADC14_IRQHandler               
00003f0d  AES256_IRQHandler              
00003f0d  BusFault_Handler               
00003f0d  COMP_E0_IRQHandler             
00003f0d  COMP_E1_IRQHandler             
00003f0d  CS_IRQHandler                  
00003f0d  DMA_ERR_IRQHandler             
00003f0d  DMA_INT0_IRQHandler            
00003f0d  DMA_INT1_IRQHandler            
00003f0d  DMA_INT2_IRQHandler            
00003f0d  DMA_INT3_IRQHandler            
00003f0d  DebugMon_Handler               
00003f0d  Default_Handler                
00003f0d  EUSCIA1_IRQHandler             
00003f0d  EUSCIA2_IRQHandler             
00003f0d  EUSCIA3_IRQHandler             
00003f0d  EUSCIB0_IRQHandler             
00003f0d  EUSCIB1_IRQHandler             
00003f0d  EUSCIB2_IRQHandler             
00003f0d  EUSCIB3_IRQHandler             
00003f0d  FLCTL_IRQHandler               
00003f0d  FPU_IRQHandler                 
00003f0d  HardFault_Handler              
00003f0d  MemManage_Handler              
00003f0d  NMI_Handler                    
00003f0d  PCM_IRQHandler                 
00003f0d  PORT2_IRQHandler               
00003f0d  PORT3_IRQHandler               
00003f0d  PORT4_IRQHandler               
00003f0d  PORT5_IRQHandler               
00003f0d  PORT6_IRQHandler               
00003f0d  PSS_IRQHandler                 
00003f0d  PendSV_Handler                 
00003f0d  RTC_C_IRQHandler               
00003f0d  SVC_Handler                    
00003f0d  SysTick_Handler                
00003f0d  T32_INT1_IRQHandler            
00003f0d  T32_INT2_IRQHandler            
00003f0d  T32_INTC_IRQHandler            
00003f0d  TA0_N_IRQHandler               
00003f0d  TA1_0_IRQHandler               
00003f0d  TA1_N_IRQHandler               
00003f0d  TA2_0_IRQHandler               
00003f0d  TA2_N_IRQHandler               
00003f0d  TA3_0_IRQHandler               
00003f0d  TA3_N_IRQHandler               
00003f0d  UsageFault_Handler             
00003f0d  WDT_A_IRQHandler               
00003f19  __aeabi_errno_addr             
00003f21  malloc                         
00003f31  _system_pre_init               
00003f35  C$$EXIT                        
00003f35  abort                          
00003f38  _ctypes_                       
000040b0  __TI_Handler_Table_Base        
000040bc  __TI_Handler_Table_Limit       
000040c8  __TI_CINIT_Base                
000040d8  __TI_CINIT_Limit               
20000000  __start___llvm_prf_cnts        
20000000  __stop___llvm_prf_cnts         
20000000  _sys_memory                    
20000400  __CIOBUF_                      
20000520  cbfifo_rx                      
20000628  cbfifo_tx                      
20000730  __TI_tmpnams                   
200007d0  data_buffer                    
200007d8  parmbuf                        
200007e0  am2320_poll_frequency          
200007e4  in_storage                     
200007e8  _ftable                        
200008d8  _device                        
20000950  _stream                        
200009a0  __TI_ft_end                    
200009a4  __aeabi_stdin                  
200009a8  __aeabi_stdout                 
200009ac  __aeabi_stderr                 
200009b0  __TI_cleanup_ptr               
200009b4  __TI_dtors_ptr                 
200009b8  __TI_enable_exit_profile_output
200009bc  _lock                          
200009c0  _unlock                        
200009cc  errno                          
200009d0  SystemCoreClock                
200009d4  g_count                        
200009d6  g_counter2                     
2000fe00  __stack                        
20010000  __STACK_END                    
4000480c  WDTCTL_SYM                     
ffffffff  __TI_pprof_out_hndl            
ffffffff  __TI_prof_data_size            
ffffffff  __TI_prof_data_start           
ffffffff  __binit__                      
ffffffff  __c_args__                     
ffffffff  binit                          
UNDEFED   __mpu_init                     
UNDEFED   _system_post_cinit             

[234 symbols]
