<?xml version="1.0" encoding="ISO-8859-1" ?>
<link_info>
   <banner>TI ARM Linker PC v20.2.4.LTS</banner>
   <copyright>Copyright (c) 1996-2018 Texas Instruments Incorporated</copyright>
   <link_time>0x60838101</link_time>
   <link_errors>0x0</link_errors>
   <output_file>ESD_Project.out</output_file>
   <entry_point>
      <name>_c_int00_noargs</name>
      <address>0x411d</address>
   </entry_point>
   <input_file_list>
      <input_file id="fl-2">
         <path>.\</path>
         <kind>object</kind>
         <file>am2320_i2c.obj</file>
         <name>am2320_i2c.obj</name>
      </input_file>
      <input_file id="fl-3">
         <path>.\</path>
         <kind>object</kind>
         <file>cbfifo.obj</file>
         <name>cbfifo.obj</name>
      </input_file>
      <input_file id="fl-4">
         <path>.\</path>
         <kind>object</kind>
         <file>gpio.obj</file>
         <name>gpio.obj</name>
      </input_file>
      <input_file id="fl-5">
         <path>.\</path>
         <kind>object</kind>
         <file>i2c_bitbang.obj</file>
         <name>i2c_bitbang.obj</name>
      </input_file>
      <input_file id="fl-6">
         <path>.\</path>
         <kind>object</kind>
         <file>lcd_spi.obj</file>
         <name>lcd_spi.obj</name>
      </input_file>
      <input_file id="fl-7">
         <path>.\</path>
         <kind>object</kind>
         <file>main.obj</file>
         <name>main.obj</name>
      </input_file>
      <input_file id="fl-8">
         <path>.\</path>
         <kind>object</kind>
         <file>rtc.obj</file>
         <name>rtc.obj</name>
      </input_file>
      <input_file id="fl-9">
         <path>.\</path>
         <kind>object</kind>
         <file>startup_msp432p401r_ccs.obj</file>
         <name>startup_msp432p401r_ccs.obj</name>
      </input_file>
      <input_file id="fl-a">
         <path>.\</path>
         <kind>object</kind>
         <file>switch.obj</file>
         <name>switch.obj</name>
      </input_file>
      <input_file id="fl-b">
         <path>.\</path>
         <kind>object</kind>
         <file>system_msp432p401r.obj</file>
         <name>system_msp432p401r.obj</name>
      </input_file>
      <input_file id="fl-c">
         <path>.\</path>
         <kind>object</kind>
         <file>systimer.obj</file>
         <name>systimer.obj</name>
      </input_file>
      <input_file id="fl-d">
         <path>.\</path>
         <kind>object</kind>
         <file>uart.obj</file>
         <name>uart.obj</name>
      </input_file>
      <input_file id="fl-11">
         <kind>object</kind>
         <file>&lt;internal&gt;</file>
         <name>&lt;internal&gt;</name>
      </input_file>
      <input_file id="fl-c7">
         <path>C:\ti\ccs1020\ccs\tools\compiler\ti-cgt-arm_20.2.4.LTS\lib\</path>
         <kind>archive</kind>
         <file>rtsv7M4_T_le_v4SPD16_eabi.lib</file>
         <name>printf.c.obj</name>
      </input_file>
      <input_file id="fl-c8">
         <path>C:\ti\ccs1020\ccs\tools\compiler\ti-cgt-arm_20.2.4.LTS\lib\</path>
         <kind>archive</kind>
         <file>rtsv7M4_T_le_v4SPD16_eabi.lib</file>
         <name>_printfi.c.obj</name>
      </input_file>
      <input_file id="fl-c9">
         <path>C:\ti\ccs1020\ccs\tools\compiler\ti-cgt-arm_20.2.4.LTS\lib\</path>
         <kind>archive</kind>
         <file>rtsv7M4_T_le_v4SPD16_eabi.lib</file>
         <name>sprintf.c.obj</name>
      </input_file>
      <input_file id="fl-ca">
         <path>C:\ti\ccs1020\ccs\tools\compiler\ti-cgt-arm_20.2.4.LTS\lib\</path>
         <kind>archive</kind>
         <file>rtsv7M4_T_le_v4SPD16_eabi.lib</file>
         <name>fputc.c.obj</name>
      </input_file>
      <input_file id="fl-cb">
         <path>C:\ti\ccs1020\ccs\tools\compiler\ti-cgt-arm_20.2.4.LTS\lib\</path>
         <kind>archive</kind>
         <file>rtsv7M4_T_le_v4SPD16_eabi.lib</file>
         <name>fputs.c.obj</name>
      </input_file>
      <input_file id="fl-cc">
         <path>C:\ti\ccs1020\ccs\tools\compiler\ti-cgt-arm_20.2.4.LTS\lib\</path>
         <kind>archive</kind>
         <file>rtsv7M4_T_le_v4SPD16_eabi.lib</file>
         <name>_io_perm.c.obj</name>
      </input_file>
      <input_file id="fl-cd">
         <path>C:\ti\ccs1020\ccs\tools\compiler\ti-cgt-arm_20.2.4.LTS\lib\</path>
         <kind>archive</kind>
         <file>rtsv7M4_T_le_v4SPD16_eabi.lib</file>
         <name>setvbuf.c.obj</name>
      </input_file>
      <input_file id="fl-ce">
         <path>C:\ti\ccs1020\ccs\tools\compiler\ti-cgt-arm_20.2.4.LTS\lib\</path>
         <kind>archive</kind>
         <file>rtsv7M4_T_le_v4SPD16_eabi.lib</file>
         <name>s_frexp.c.obj</name>
      </input_file>
      <input_file id="fl-cf">
         <path>C:\ti\ccs1020\ccs\tools\compiler\ti-cgt-arm_20.2.4.LTS\lib\</path>
         <kind>archive</kind>
         <file>rtsv7M4_T_le_v4SPD16_eabi.lib</file>
         <name>s_scalbn.c.obj</name>
      </input_file>
      <input_file id="fl-d0">
         <path>C:\ti\ccs1020\ccs\tools\compiler\ti-cgt-arm_20.2.4.LTS\lib\</path>
         <kind>archive</kind>
         <file>rtsv7M4_T_le_v4SPD16_eabi.lib</file>
         <name>s_copysign.c.obj</name>
      </input_file>
      <input_file id="fl-d1">
         <path>C:\ti\ccs1020\ccs\tools\compiler\ti-cgt-arm_20.2.4.LTS\lib\</path>
         <kind>archive</kind>
         <file>rtsv7M4_T_le_v4SPD16_eabi.lib</file>
         <name>ull_div_t2.asm.obj</name>
      </input_file>
      <input_file id="fl-d2">
         <path>C:\ti\ccs1020\ccs\tools\compiler\ti-cgt-arm_20.2.4.LTS\lib\</path>
         <kind>archive</kind>
         <file>rtsv7M4_T_le_v4SPD16_eabi.lib</file>
         <name>memset_t2.asm.obj</name>
      </input_file>
      <input_file id="fl-d3">
         <path>C:\ti\ccs1020\ccs\tools\compiler\ti-cgt-arm_20.2.4.LTS\lib\</path>
         <kind>archive</kind>
         <file>rtsv7M4_T_le_v4SPD16_eabi.lib</file>
         <name>fd_add_t2.asm.obj</name>
      </input_file>
      <input_file id="fl-d4">
         <path>C:\ti\ccs1020\ccs\tools\compiler\ti-cgt-arm_20.2.4.LTS\lib\</path>
         <kind>archive</kind>
         <file>rtsv7M4_T_le_v4SPD16_eabi.lib</file>
         <name>fd_cmp_t2.asm.obj</name>
      </input_file>
      <input_file id="fl-d5">
         <path>C:\ti\ccs1020\ccs\tools\compiler\ti-cgt-arm_20.2.4.LTS\lib\</path>
         <kind>archive</kind>
         <file>rtsv7M4_T_le_v4SPD16_eabi.lib</file>
         <name>fd_div_t2.asm.obj</name>
      </input_file>
      <input_file id="fl-d6">
         <path>C:\ti\ccs1020\ccs\tools\compiler\ti-cgt-arm_20.2.4.LTS\lib\</path>
         <kind>archive</kind>
         <file>rtsv7M4_T_le_v4SPD16_eabi.lib</file>
         <name>fd_mul_t2.asm.obj</name>
      </input_file>
      <input_file id="fl-d7">
         <path>C:\ti\ccs1020\ccs\tools\compiler\ti-cgt-arm_20.2.4.LTS\lib\</path>
         <kind>archive</kind>
         <file>rtsv7M4_T_le_v4SPD16_eabi.lib</file>
         <name>fd_toi_t2.asm.obj</name>
      </input_file>
      <input_file id="fl-d8">
         <path>C:\ti\ccs1020\ccs\tools\compiler\ti-cgt-arm_20.2.4.LTS\lib\</path>
         <kind>archive</kind>
         <file>rtsv7M4_T_le_v4SPD16_eabi.lib</file>
         <name>fd_tos_t2.asm.obj</name>
      </input_file>
      <input_file id="fl-d9">
         <path>C:\ti\ccs1020\ccs\tools\compiler\ti-cgt-arm_20.2.4.LTS\lib\</path>
         <kind>archive</kind>
         <file>rtsv7M4_T_le_v4SPD16_eabi.lib</file>
         <name>fs_tod_t2.asm.obj</name>
      </input_file>
      <input_file id="fl-da">
         <path>C:\ti\ccs1020\ccs\tools\compiler\ti-cgt-arm_20.2.4.LTS\lib\</path>
         <kind>archive</kind>
         <file>rtsv7M4_T_le_v4SPD16_eabi.lib</file>
         <name>i_tofd_t2.asm.obj</name>
      </input_file>
      <input_file id="fl-db">
         <path>C:\ti\ccs1020\ccs\tools\compiler\ti-cgt-arm_20.2.4.LTS\lib\</path>
         <kind>archive</kind>
         <file>rtsv7M4_T_le_v4SPD16_eabi.lib</file>
         <name>memcpy_t2.asm.obj</name>
      </input_file>
      <input_file id="fl-dc">
         <path>C:\ti\ccs1020\ccs\tools\compiler\ti-cgt-arm_20.2.4.LTS\lib\</path>
         <kind>archive</kind>
         <file>rtsv7M4_T_le_v4SPD16_eabi.lib</file>
         <name>copy_zero_init.c.obj</name>
      </input_file>
      <input_file id="fl-dd">
         <path>C:\ti\ccs1020\ccs\tools\compiler\ti-cgt-arm_20.2.4.LTS\lib\</path>
         <kind>archive</kind>
         <file>rtsv7M4_T_le_v4SPD16_eabi.lib</file>
         <name>copy_decompress_none.c.obj</name>
      </input_file>
      <input_file id="fl-de">
         <path>C:\ti\ccs1020\ccs\tools\compiler\ti-cgt-arm_20.2.4.LTS\lib\</path>
         <kind>archive</kind>
         <file>rtsv7M4_T_le_v4SPD16_eabi.lib</file>
         <name>copy_decompress_lzss.c.obj</name>
      </input_file>
      <input_file id="fl-df">
         <path>C:\ti\ccs1020\ccs\tools\compiler\ti-cgt-arm_20.2.4.LTS\lib\</path>
         <kind>archive</kind>
         <file>rtsv7M4_T_le_v4SPD16_eabi.lib</file>
         <name>exit.c.obj</name>
      </input_file>
      <input_file id="fl-e0">
         <path>C:\ti\ccs1020\ccs\tools\compiler\ti-cgt-arm_20.2.4.LTS\lib\</path>
         <kind>archive</kind>
         <file>rtsv7M4_T_le_v4SPD16_eabi.lib</file>
         <name>_lock.c.obj</name>
      </input_file>
      <input_file id="fl-e1">
         <path>C:\ti\ccs1020\ccs\tools\compiler\ti-cgt-arm_20.2.4.LTS\lib\</path>
         <kind>archive</kind>
         <file>rtsv7M4_T_le_v4SPD16_eabi.lib</file>
         <name>_ltoa.c.obj</name>
      </input_file>
      <input_file id="fl-e2">
         <path>C:\ti\ccs1020\ccs\tools\compiler\ti-cgt-arm_20.2.4.LTS\lib\</path>
         <kind>archive</kind>
         <file>rtsv7M4_T_le_v4SPD16_eabi.lib</file>
         <name>atoi.c.obj</name>
      </input_file>
      <input_file id="fl-e3">
         <path>C:\ti\ccs1020\ccs\tools\compiler\ti-cgt-arm_20.2.4.LTS\lib\</path>
         <kind>archive</kind>
         <file>rtsv7M4_T_le_v4SPD16_eabi.lib</file>
         <name>ctype.c.obj</name>
      </input_file>
      <input_file id="fl-e4">
         <path>C:\ti\ccs1020\ccs\tools\compiler\ti-cgt-arm_20.2.4.LTS\lib\</path>
         <kind>archive</kind>
         <file>rtsv7M4_T_le_v4SPD16_eabi.lib</file>
         <name>defs.c.obj</name>
      </input_file>
      <input_file id="fl-e5">
         <path>C:\ti\ccs1020\ccs\tools\compiler\ti-cgt-arm_20.2.4.LTS\lib\</path>
         <kind>archive</kind>
         <file>rtsv7M4_T_le_v4SPD16_eabi.lib</file>
         <name>memccpy.c.obj</name>
      </input_file>
      <input_file id="fl-e6">
         <path>C:\ti\ccs1020\ccs\tools\compiler\ti-cgt-arm_20.2.4.LTS\lib\</path>
         <kind>archive</kind>
         <file>rtsv7M4_T_le_v4SPD16_eabi.lib</file>
         <name>memchr.c.obj</name>
      </input_file>
      <input_file id="fl-e7">
         <path>C:\ti\ccs1020\ccs\tools\compiler\ti-cgt-arm_20.2.4.LTS\lib\</path>
         <kind>archive</kind>
         <file>rtsv7M4_T_le_v4SPD16_eabi.lib</file>
         <name>memory.c.obj</name>
      </input_file>
      <input_file id="fl-e8">
         <path>C:\ti\ccs1020\ccs\tools\compiler\ti-cgt-arm_20.2.4.LTS\lib\</path>
         <kind>archive</kind>
         <file>rtsv7M4_T_le_v4SPD16_eabi.lib</file>
         <name>strchr.c.obj</name>
      </input_file>
      <input_file id="fl-e9">
         <path>C:\ti\ccs1020\ccs\tools\compiler\ti-cgt-arm_20.2.4.LTS\lib\</path>
         <kind>archive</kind>
         <file>rtsv7M4_T_le_v4SPD16_eabi.lib</file>
         <name>strcpy.c.obj</name>
      </input_file>
      <input_file id="fl-ea">
         <path>C:\ti\ccs1020\ccs\tools\compiler\ti-cgt-arm_20.2.4.LTS\lib\</path>
         <kind>archive</kind>
         <file>rtsv7M4_T_le_v4SPD16_eabi.lib</file>
         <name>strlen.c.obj</name>
      </input_file>
      <input_file id="fl-eb">
         <path>C:\ti\ccs1020\ccs\tools\compiler\ti-cgt-arm_20.2.4.LTS\lib\</path>
         <kind>archive</kind>
         <file>rtsv7M4_T_le_v4SPD16_eabi.lib</file>
         <name>strncat.c.obj</name>
      </input_file>
      <input_file id="fl-ec">
         <path>C:\ti\ccs1020\ccs\tools\compiler\ti-cgt-arm_20.2.4.LTS\lib\</path>
         <kind>archive</kind>
         <file>rtsv7M4_T_le_v4SPD16_eabi.lib</file>
         <name>errno.c.obj</name>
      </input_file>
      <input_file id="fl-ed">
         <path>C:\ti\ccs1020\ccs\tools\compiler\ti-cgt-arm_20.2.4.LTS\lib\</path>
         <kind>archive</kind>
         <file>rtsv7M4_T_le_v4SPD16_eabi.lib</file>
         <name>boot_cortex_m.c.obj</name>
      </input_file>
      <input_file id="fl-ee">
         <path>C:\ti\ccs1020\ccs\tools\compiler\ti-cgt-arm_20.2.4.LTS\lib\</path>
         <kind>archive</kind>
         <file>rtsv7M4_T_le_v4SPD16_eabi.lib</file>
         <name>write.c.obj</name>
      </input_file>
      <input_file id="fl-ef">
         <path>C:\ti\ccs1020\ccs\tools\compiler\ti-cgt-arm_20.2.4.LTS\lib\</path>
         <kind>archive</kind>
         <file>rtsv7M4_T_le_v4SPD16_eabi.lib</file>
         <name>host_device.c.obj</name>
      </input_file>
      <input_file id="fl-f0">
         <path>C:\ti\ccs1020\ccs\tools\compiler\ti-cgt-arm_20.2.4.LTS\lib\</path>
         <kind>archive</kind>
         <file>rtsv7M4_T_le_v4SPD16_eabi.lib</file>
         <name>wcslen.c.obj</name>
      </input_file>
      <input_file id="fl-f1">
         <path>C:\ti\ccs1020\ccs\tools\compiler\ti-cgt-arm_20.2.4.LTS\lib\</path>
         <kind>archive</kind>
         <file>rtsv7M4_T_le_v4SPD16_eabi.lib</file>
         <name>fflush.c.obj</name>
      </input_file>
      <input_file id="fl-f2">
         <path>C:\ti\ccs1020\ccs\tools\compiler\ti-cgt-arm_20.2.4.LTS\lib\</path>
         <kind>archive</kind>
         <file>rtsv7M4_T_le_v4SPD16_eabi.lib</file>
         <name>fopen.c.obj</name>
      </input_file>
      <input_file id="fl-f3">
         <path>C:\ti\ccs1020\ccs\tools\compiler\ti-cgt-arm_20.2.4.LTS\lib\</path>
         <kind>archive</kind>
         <file>rtsv7M4_T_le_v4SPD16_eabi.lib</file>
         <name>fseek.c.obj</name>
      </input_file>
      <input_file id="fl-f4">
         <path>C:\ti\ccs1020\ccs\tools\compiler\ti-cgt-arm_20.2.4.LTS\lib\</path>
         <kind>archive</kind>
         <file>rtsv7M4_T_le_v4SPD16_eabi.lib</file>
         <name>div0.asm.obj</name>
      </input_file>
      <input_file id="fl-f5">
         <path>C:\ti\ccs1020\ccs\tools\compiler\ti-cgt-arm_20.2.4.LTS\lib\</path>
         <kind>archive</kind>
         <file>rtsv7M4_T_le_v4SPD16_eabi.lib</file>
         <name>autoinit.c.obj</name>
      </input_file>
      <input_file id="fl-f6">
         <path>C:\ti\ccs1020\ccs\tools\compiler\ti-cgt-arm_20.2.4.LTS\lib\</path>
         <kind>archive</kind>
         <file>rtsv7M4_T_le_v4SPD16_eabi.lib</file>
         <name>pre_init.c.obj</name>
      </input_file>
      <input_file id="fl-f7">
         <path>C:\ti\ccs1020\ccs\tools\compiler\ti-cgt-arm_20.2.4.LTS\lib\</path>
         <kind>archive</kind>
         <file>rtsv7M4_T_le_v4SPD16_eabi.lib</file>
         <name>cpy_tbl.c.obj</name>
      </input_file>
      <input_file id="fl-f8">
         <path>C:\ti\ccs1020\ccs\tools\compiler\ti-cgt-arm_20.2.4.LTS\lib\</path>
         <kind>archive</kind>
         <file>rtsv7M4_T_le_v4SPD16_eabi.lib</file>
         <name>args_main.c.obj</name>
      </input_file>
      <input_file id="fl-f9">
         <path>C:\ti\ccs1020\ccs\tools\compiler\ti-cgt-arm_20.2.4.LTS\lib\</path>
         <kind>archive</kind>
         <file>rtsv7M4_T_le_v4SPD16_eabi.lib</file>
         <name>hostclose.c.obj</name>
      </input_file>
      <input_file id="fl-fa">
         <path>C:\ti\ccs1020\ccs\tools\compiler\ti-cgt-arm_20.2.4.LTS\lib\</path>
         <kind>archive</kind>
         <file>rtsv7M4_T_le_v4SPD16_eabi.lib</file>
         <name>hostlseek.c.obj</name>
      </input_file>
      <input_file id="fl-fb">
         <path>C:\ti\ccs1020\ccs\tools\compiler\ti-cgt-arm_20.2.4.LTS\lib\</path>
         <kind>archive</kind>
         <file>rtsv7M4_T_le_v4SPD16_eabi.lib</file>
         <name>hostopen.c.obj</name>
      </input_file>
      <input_file id="fl-fc">
         <path>C:\ti\ccs1020\ccs\tools\compiler\ti-cgt-arm_20.2.4.LTS\lib\</path>
         <kind>archive</kind>
         <file>rtsv7M4_T_le_v4SPD16_eabi.lib</file>
         <name>hostread.c.obj</name>
      </input_file>
      <input_file id="fl-fd">
         <path>C:\ti\ccs1020\ccs\tools\compiler\ti-cgt-arm_20.2.4.LTS\lib\</path>
         <kind>archive</kind>
         <file>rtsv7M4_T_le_v4SPD16_eabi.lib</file>
         <name>hostrename.c.obj</name>
      </input_file>
      <input_file id="fl-fe">
         <path>C:\ti\ccs1020\ccs\tools\compiler\ti-cgt-arm_20.2.4.LTS\lib\</path>
         <kind>archive</kind>
         <file>rtsv7M4_T_le_v4SPD16_eabi.lib</file>
         <name>hostunlink.c.obj</name>
      </input_file>
      <input_file id="fl-ff">
         <path>C:\ti\ccs1020\ccs\tools\compiler\ti-cgt-arm_20.2.4.LTS\lib\</path>
         <kind>archive</kind>
         <file>rtsv7M4_T_le_v4SPD16_eabi.lib</file>
         <name>hostwrite.c.obj</name>
      </input_file>
      <input_file id="fl-100">
         <path>C:\ti\ccs1020\ccs\tools\compiler\ti-cgt-arm_20.2.4.LTS\lib\</path>
         <kind>archive</kind>
         <file>rtsv7M4_T_le_v4SPD16_eabi.lib</file>
         <name>trgmsg.c.obj</name>
      </input_file>
      <input_file id="fl-101">
         <path>C:\ti\ccs1020\ccs\tools\compiler\ti-cgt-arm_20.2.4.LTS\lib\</path>
         <kind>archive</kind>
         <file>rtsv7M4_T_le_v4SPD16_eabi.lib</file>
         <name>open.c.obj</name>
      </input_file>
      <input_file id="fl-102">
         <path>C:\ti\ccs1020\ccs\tools\compiler\ti-cgt-arm_20.2.4.LTS\lib\</path>
         <kind>archive</kind>
         <file>rtsv7M4_T_le_v4SPD16_eabi.lib</file>
         <name>lseek.c.obj</name>
      </input_file>
      <input_file id="fl-103">
         <path>C:\ti\ccs1020\ccs\tools\compiler\ti-cgt-arm_20.2.4.LTS\lib\</path>
         <kind>archive</kind>
         <file>rtsv7M4_T_le_v4SPD16_eabi.lib</file>
         <name>fclose.c.obj</name>
      </input_file>
      <input_file id="fl-104">
         <path>C:\ti\ccs1020\ccs\tools\compiler\ti-cgt-arm_20.2.4.LTS\lib\</path>
         <kind>archive</kind>
         <file>rtsv7M4_T_le_v4SPD16_eabi.lib</file>
         <name>getdevice.c.obj</name>
      </input_file>
      <input_file id="fl-105">
         <path>C:\ti\ccs1020\ccs\tools\compiler\ti-cgt-arm_20.2.4.LTS\lib\</path>
         <kind>archive</kind>
         <file>rtsv7M4_T_le_v4SPD16_eabi.lib</file>
         <name>strcmp.c.obj</name>
      </input_file>
      <input_file id="fl-106">
         <path>C:\ti\ccs1020\ccs\tools\compiler\ti-cgt-arm_20.2.4.LTS\lib\</path>
         <kind>archive</kind>
         <file>rtsv7M4_T_le_v4SPD16_eabi.lib</file>
         <name>strncpy.c.obj</name>
      </input_file>
      <input_file id="fl-107">
         <path>C:\ti\ccs1020\ccs\tools\compiler\ti-cgt-arm_20.2.4.LTS\lib\</path>
         <kind>archive</kind>
         <file>rtsv7M4_T_le_v4SPD16_eabi.lib</file>
         <name>remove.c.obj</name>
      </input_file>
      <input_file id="fl-108">
         <path>C:\ti\ccs1020\ccs\tools\compiler\ti-cgt-arm_20.2.4.LTS\lib\</path>
         <kind>archive</kind>
         <file>rtsv7M4_T_le_v4SPD16_eabi.lib</file>
         <name>close.c.obj</name>
      </input_file>
      <input_file id="fl-109">
         <path>C:\ti\ccs1020\ccs\tools\compiler\ti-cgt-arm_20.2.4.LTS\lib\</path>
         <kind>archive</kind>
         <file>rtsv7M4_T_le_v4SPD16_eabi.lib</file>
         <name>unlink.c.obj</name>
      </input_file>
   </input_file_list>
   <object_component_list>
      <object_component id="oc-26">
         <name>.intvecs:retain</name>
         <load_address>0x0</load_address>
         <run_address>0x0</run_address>
         <size>0xe4</size>
         <input_file_ref idref="fl-9"/>
      </object_component>
      <object_component id="oc-1c8">
         <name>.text:__TI_printfi</name>
         <load_address>0xe4</load_address>
         <run_address>0xe4</run_address>
         <size>0xa4e</size>
         <input_file_ref idref="fl-c8"/>
      </object_component>
      <object_component id="oc-27f">
         <name>.text:_nop</name>
         <load_address>0xb32</load_address>
         <run_address>0xb32</run_address>
         <size>0x2</size>
         <input_file_ref idref="fl-e0"/>
      </object_component>
      <object_component id="oc-c9">
         <name>.text</name>
         <load_address>0xb34</load_address>
         <run_address>0xb34</run_address>
         <size>0x3f0</size>
         <input_file_ref idref="fl-3"/>
      </object_component>
      <object_component id="oc-ac">
         <name>.text</name>
         <load_address>0xf24</load_address>
         <run_address>0xf24</run_address>
         <size>0x34c</size>
         <input_file_ref idref="fl-7"/>
      </object_component>
      <object_component id="oc-13c">
         <name>.text</name>
         <load_address>0x1270</load_address>
         <run_address>0x1270</run_address>
         <size>0x338</size>
         <input_file_ref idref="fl-2"/>
      </object_component>
      <object_component id="oc-be">
         <name>.text</name>
         <load_address>0x15a8</load_address>
         <run_address>0x15a8</run_address>
         <size>0x334</size>
         <input_file_ref idref="fl-b"/>
      </object_component>
      <object_component id="oc-136">
         <name>.text</name>
         <load_address>0x18dc</load_address>
         <run_address>0x18dc</run_address>
         <size>0x2f8</size>
         <input_file_ref idref="fl-5"/>
      </object_component>
      <object_component id="oc-253">
         <name>.text:_pconv_a</name>
         <load_address>0x1bd4</load_address>
         <run_address>0x1bd4</run_address>
         <size>0x270</size>
         <input_file_ref idref="fl-c8"/>
      </object_component>
      <object_component id="oc-12a">
         <name>.text</name>
         <load_address>0x1e44</load_address>
         <run_address>0x1e44</run_address>
         <size>0x260</size>
         <input_file_ref idref="fl-6"/>
      </object_component>
      <object_component id="oc-7c">
         <name>.text</name>
         <load_address>0x20a4</load_address>
         <run_address>0x20a4</run_address>
         <size>0x1d4</size>
         <input_file_ref idref="fl-a"/>
      </object_component>
      <object_component id="oc-241">
         <name>.text:_pconv_g</name>
         <load_address>0x2278</load_address>
         <run_address>0x2278</run_address>
         <size>0x1d0</size>
         <input_file_ref idref="fl-c8"/>
      </object_component>
      <object_component id="oc-2e0">
         <name>.text</name>
         <load_address>0x2448</load_address>
         <run_address>0x2448</run_address>
         <size>0x1b6</size>
         <input_file_ref idref="fl-d3"/>
      </object_component>
      <object_component id="oc-364">
         <name>.text</name>
         <load_address>0x25fe</load_address>
         <run_address>0x25fe</run_address>
         <size>0x2</size>
         <input_file_ref idref="fl-f4"/>
      </object_component>
      <object_component id="oc-24d">
         <name>.text:_pconv_e</name>
         <load_address>0x2600</load_address>
         <run_address>0x2600</run_address>
         <size>0x13c</size>
         <input_file_ref idref="fl-c8"/>
      </object_component>
      <object_component id="oc-147">
         <name>.text</name>
         <load_address>0x273c</load_address>
         <run_address>0x273c</run_address>
         <size>0x136</size>
         <input_file_ref idref="fl-d5"/>
      </object_component>
      <object_component id="oc-2f2">
         <name>.text:fcvt</name>
         <load_address>0x2874</load_address>
         <run_address>0x2874</run_address>
         <size>0x124</size>
         <input_file_ref idref="fl-c8"/>
      </object_component>
      <object_component id="oc-101">
         <name>.text</name>
         <load_address>0x2998</load_address>
         <run_address>0x2998</run_address>
         <size>0x120</size>
         <input_file_ref idref="fl-8"/>
      </object_component>
      <object_component id="oc-28d">
         <name>.text:fputs</name>
         <load_address>0x2ab8</load_address>
         <run_address>0x2ab8</run_address>
         <size>0x114</size>
         <input_file_ref idref="fl-cb"/>
      </object_component>
      <object_component id="oc-306">
         <name>.text:scalbn</name>
         <load_address>0x2bcc</load_address>
         <run_address>0x2bcc</run_address>
         <size>0x110</size>
         <input_file_ref idref="fl-cf"/>
      </object_component>
      <object_component id="oc-76">
         <name>.text</name>
         <load_address>0x2cdc</load_address>
         <run_address>0x2cdc</run_address>
         <size>0x108</size>
         <input_file_ref idref="fl-d"/>
      </object_component>
      <object_component id="oc-40d">
         <name>.text:aligned_alloc</name>
         <load_address>0x2de4</load_address>
         <run_address>0x2de4</run_address>
         <size>0x100</size>
         <input_file_ref idref="fl-e7"/>
      </object_component>
      <object_component id="oc-2cb">
         <name>.text</name>
         <load_address>0x2ee4</load_address>
         <run_address>0x2ee4</run_address>
         <size>0xfc</size>
         <input_file_ref idref="fl-d6"/>
      </object_component>
      <object_component id="oc-3cb">
         <name>.text:free</name>
         <load_address>0x2fe0</load_address>
         <run_address>0x2fe0</run_address>
         <size>0xe4</size>
         <input_file_ref idref="fl-e7"/>
      </object_component>
      <object_component id="oc-39d">
         <name>.text:setvbuf</name>
         <load_address>0x30c4</load_address>
         <run_address>0x30c4</run_address>
         <size>0xdc</size>
         <input_file_ref idref="fl-cd"/>
      </object_component>
      <object_component id="oc-70">
         <name>.text</name>
         <load_address>0x31a0</load_address>
         <run_address>0x31a0</run_address>
         <size>0xc4</size>
         <input_file_ref idref="fl-c"/>
      </object_component>
      <object_component id="oc-236">
         <name>.text:_ltostr</name>
         <load_address>0x3264</load_address>
         <run_address>0x3264</run_address>
         <size>0xb1</size>
         <input_file_ref idref="fl-c8"/>
      </object_component>
      <object_component id="oc-3a">
         <name>.text</name>
         <load_address>0x3316</load_address>
         <run_address>0x3316</run_address>
         <size>0x9c</size>
         <input_file_ref idref="fl-db"/>
      </object_component>
      <object_component id="oc-2c4">
         <name>.text</name>
         <load_address>0x33b2</load_address>
         <run_address>0x33b2</run_address>
         <size>0x96</size>
         <input_file_ref idref="fl-d1"/>
      </object_component>
      <object_component id="oc-294">
         <name>.text:fputc</name>
         <load_address>0x3448</load_address>
         <run_address>0x3448</run_address>
         <size>0x8c</size>
         <input_file_ref idref="fl-ca"/>
      </object_component>
      <object_component id="oc-23c">
         <name>.text:__aeabi_cdcmple</name>
         <load_address>0x34d4</load_address>
         <run_address>0x34d4</run_address>
         <size>0x86</size>
         <input_file_ref idref="fl-d4"/>
      </object_component>
      <object_component id="oc-2d0">
         <name>.text:__aeabi_cdrcmple</name>
         <load_address>0x355a</load_address>
         <run_address>0x355a</run_address>
         <size>0x86</size>
         <input_file_ref idref="fl-d4"/>
      </object_component>
      <object_component id="oc-a0">
         <name>.text</name>
         <load_address>0x35e0</load_address>
         <run_address>0x35e0</run_address>
         <size>0x7a</size>
         <input_file_ref idref="fl-d2"/>
      </object_component>
      <object_component id="oc-414">
         <name>.text:__TI_closefile</name>
         <load_address>0x365c</load_address>
         <run_address>0x365c</run_address>
         <size>0x74</size>
         <input_file_ref idref="fl-103"/>
      </object_component>
      <object_component id="oc-455">
         <name>.text:split</name>
         <load_address>0x36d0</load_address>
         <run_address>0x36d0</run_address>
         <size>0x70</size>
         <input_file_ref idref="fl-e7"/>
      </object_component>
      <object_component id="oc-2eb">
         <name>.text:_mcpy</name>
         <load_address>0x3740</load_address>
         <run_address>0x3740</run_address>
         <size>0x6e</size>
         <input_file_ref idref="fl-c8"/>
      </object_component>
      <object_component id="oc-14c">
         <name>.text</name>
         <load_address>0x37ae</load_address>
         <run_address>0x37ae</run_address>
         <size>0x6e</size>
         <input_file_ref idref="fl-d8"/>
      </object_component>
      <object_component id="oc-444">
         <name>.text:HOSTrename</name>
         <load_address>0x381c</load_address>
         <run_address>0x381c</run_address>
         <size>0x6c</size>
         <input_file_ref idref="fl-fd"/>
      </object_component>
      <object_component id="oc-438">
         <name>.text:HOSTlseek</name>
         <load_address>0x3888</load_address>
         <run_address>0x3888</run_address>
         <size>0x68</size>
         <input_file_ref idref="fl-fa"/>
      </object_component>
      <object_component id="oc-17">
         <name>.text:decompress:lzss:__TI_decompress_lzss</name>
         <load_address>0x38f0</load_address>
         <run_address>0x38f0</run_address>
         <size>0x68</size>
         <input_file_ref idref="fl-de"/>
      </object_component>
      <object_component id="oc-124">
         <name>.text:printf</name>
         <load_address>0x3958</load_address>
         <run_address>0x3958</run_address>
         <size>0x68</size>
         <input_file_ref idref="fl-c7"/>
      </object_component>
      <object_component id="oc-300">
         <name>.text:frexp</name>
         <load_address>0x39c0</load_address>
         <run_address>0x39c0</run_address>
         <size>0x64</size>
         <input_file_ref idref="fl-ce"/>
      </object_component>
      <object_component id="oc-397">
         <name>.text:fseek</name>
         <load_address>0x3a24</load_address>
         <run_address>0x3a24</run_address>
         <size>0x64</size>
         <input_file_ref idref="fl-f3"/>
      </object_component>
      <object_component id="oc-337">
         <name>.text:__TI_wrt_ok</name>
         <load_address>0x3a88</load_address>
         <run_address>0x3a88</run_address>
         <size>0x62</size>
         <input_file_ref idref="fl-cc"/>
      </object_component>
      <object_component id="oc-420">
         <name>.text:HOSTopen</name>
         <load_address>0x3aec</load_address>
         <run_address>0x3aec</run_address>
         <size>0x60</size>
         <input_file_ref idref="fl-fb"/>
      </object_component>
      <object_component id="oc-45c">
         <name>.text:close</name>
         <load_address>0x3b4c</load_address>
         <run_address>0x3b4c</run_address>
         <size>0x5c</size>
         <input_file_ref idref="fl-108"/>
      </object_component>
      <object_component id="oc-42c">
         <name>.text:HOSTread</name>
         <load_address>0x3ba8</load_address>
         <run_address>0x3ba8</run_address>
         <size>0x58</size>
         <input_file_ref idref="fl-fc"/>
      </object_component>
      <object_component id="oc-432">
         <name>.text:HOSTwrite</name>
         <load_address>0x3c00</load_address>
         <run_address>0x3c00</run_address>
         <size>0x58</size>
         <input_file_ref idref="fl-ff"/>
      </object_component>
      <object_component id="oc-247">
         <name>.text:_pconv_f</name>
         <load_address>0x3c58</load_address>
         <run_address>0x3c58</run_address>
         <size>0x56</size>
         <input_file_ref idref="fl-c8"/>
      </object_component>
      <object_component id="oc-2da">
         <name>.text:__TI_ltoa</name>
         <load_address>0x3cae</load_address>
         <run_address>0x3cae</run_address>
         <size>0x54</size>
         <input_file_ref idref="fl-e1"/>
      </object_component>
      <object_component id="oc-2e5">
         <name>.text:_ecpy</name>
         <load_address>0x3d02</load_address>
         <run_address>0x3d02</run_address>
         <size>0x52</size>
         <input_file_ref idref="fl-c8"/>
      </object_component>
      <object_component id="oc-343">
         <name>.text:__TI_doflush</name>
         <load_address>0x3d54</load_address>
         <run_address>0x3d54</run_address>
         <size>0x4c</size>
         <input_file_ref idref="fl-f1"/>
      </object_component>
      <object_component id="oc-230">
         <name>.text:atoi</name>
         <load_address>0x3da0</load_address>
         <run_address>0x3da0</run_address>
         <size>0x4c</size>
         <input_file_ref idref="fl-e2"/>
      </object_component>
      <object_component id="oc-15e">
         <name>.text:exit</name>
         <load_address>0x3dec</load_address>
         <run_address>0x3dec</run_address>
         <size>0x48</size>
         <input_file_ref idref="fl-df"/>
      </object_component>
      <object_component id="oc-2d5">
         <name>.text</name>
         <load_address>0x3e34</load_address>
         <run_address>0x3e34</run_address>
         <size>0x48</size>
         <input_file_ref idref="fl-d7"/>
      </object_component>
      <object_component id="oc-426">
         <name>.text:HOSTclose</name>
         <load_address>0x3e7c</load_address>
         <run_address>0x3e7c</run_address>
         <size>0x44</size>
         <input_file_ref idref="fl-f9"/>
      </object_component>
      <object_component id="oc-43e">
         <name>.text:HOSTunlink</name>
         <load_address>0x3ec0</load_address>
         <run_address>0x3ec0</run_address>
         <size>0x44</size>
         <input_file_ref idref="fl-fe"/>
      </object_component>
      <object_component id="oc-164">
         <name>.text:__TI_auto_init_nobinit_nopinit:__TI_auto_init_nobinit_nopinit</name>
         <load_address>0x3f04</load_address>
         <run_address>0x3f04</run_address>
         <size>0x44</size>
         <input_file_ref idref="fl-f5"/>
      </object_component>
      <object_component id="oc-48e">
         <name>.text:getdevice</name>
         <load_address>0x3f48</load_address>
         <run_address>0x3f48</run_address>
         <size>0x44</size>
         <input_file_ref idref="fl-104"/>
      </object_component>
      <object_component id="oc-112">
         <name>.text:sprintf</name>
         <load_address>0x3f8c</load_address>
         <run_address>0x3f8c</run_address>
         <size>0x40</size>
         <input_file_ref idref="fl-c9"/>
      </object_component>
      <object_component id="oc-2f8">
         <name>.text:_fcpy</name>
         <load_address>0x3fcc</load_address>
         <run_address>0x3fcc</run_address>
         <size>0x3e</size>
         <input_file_ref idref="fl-c8"/>
      </object_component>
      <object_component id="oc-46d">
         <name>.text:__TI_writemsg</name>
         <load_address>0x400c</load_address>
         <run_address>0x400c</run_address>
         <size>0x38</size>
         <input_file_ref idref="fl-100"/>
      </object_component>
      <object_component id="oc-10d">
         <name>.text</name>
         <load_address>0x4044</load_address>
         <run_address>0x4044</run_address>
         <size>0x38</size>
         <input_file_ref idref="fl-d9"/>
      </object_component>
      <object_component id="oc-4ae">
         <name>.text:strncpy</name>
         <load_address>0x407c</load_address>
         <run_address>0x407c</run_address>
         <size>0x36</size>
         <input_file_ref idref="fl-106"/>
      </object_component>
      <object_component id="oc-3d7">
         <name>.text:__TI_cleanup</name>
         <load_address>0x40b4</load_address>
         <run_address>0x40b4</run_address>
         <size>0x34</size>
         <input_file_ref idref="fl-f2"/>
      </object_component>
      <object_component id="oc-473">
         <name>.text:__TI_readmsg</name>
         <load_address>0x40e8</load_address>
         <run_address>0x40e8</run_address>
         <size>0x34</size>
         <input_file_ref idref="fl-100"/>
      </object_component>
      <object_component id="oc-58">
         <name>.text:_c_int00_noargs:_c_int00_noargs</name>
         <load_address>0x411c</load_address>
         <run_address>0x411c</run_address>
         <size>0x34</size>
         <input_file_ref idref="fl-ed"/>
      </object_component>
      <object_component id="oc-4b4">
         <name>.text:finddevice</name>
         <load_address>0x4150</load_address>
         <run_address>0x4150</run_address>
         <size>0x30</size>
         <input_file_ref idref="fl-104"/>
      </object_component>
      <object_component id="oc-142">
         <name>.text</name>
         <load_address>0x4180</load_address>
         <run_address>0x4180</run_address>
         <size>0x2e</size>
         <input_file_ref idref="fl-da"/>
      </object_component>
      <object_component id="oc-11e">
         <name>.text:strncat</name>
         <load_address>0x41ae</load_address>
         <run_address>0x41ae</run_address>
         <size>0x2e</size>
         <input_file_ref idref="fl-eb"/>
      </object_component>
      <object_component id="oc-462">
         <name>.text:unlink</name>
         <load_address>0x41dc</load_address>
         <run_address>0x41dc</run_address>
         <size>0x2c</size>
         <input_file_ref idref="fl-109"/>
      </object_component>
      <object_component id="oc-406">
         <name>.text:free_list_insert</name>
         <load_address>0x4208</load_address>
         <run_address>0x4208</run_address>
         <size>0x28</size>
         <input_file_ref idref="fl-e7"/>
      </object_component>
      <object_component id="oc-3c3">
         <name>.text:lseek</name>
         <load_address>0x4230</load_address>
         <run_address>0x4230</run_address>
         <size>0x28</size>
         <input_file_ref idref="fl-102"/>
      </object_component>
      <object_component id="oc-349">
         <name>.text:write</name>
         <load_address>0x4258</load_address>
         <run_address>0x4258</run_address>
         <size>0x28</size>
         <input_file_ref idref="fl-ee"/>
      </object_component>
      <object_component id="oc-130">
         <name>.text</name>
         <load_address>0x4280</load_address>
         <run_address>0x4280</run_address>
         <size>0x20</size>
         <input_file_ref idref="fl-4"/>
      </object_component>
      <object_component id="oc-33d">
         <name>.text:memchr</name>
         <load_address>0x42a0</load_address>
         <run_address>0x42a0</run_address>
         <size>0x20</size>
         <input_file_ref idref="fl-e6"/>
      </object_component>
      <object_component id="oc-46">
         <name>.text:decompress:ZI:__TI_zero_init_nomemset:__TI_zero_init_nomemset</name>
         <load_address>0x42c0</load_address>
         <run_address>0x42c0</run_address>
         <size>0x1c</size>
         <input_file_ref idref="fl-dc"/>
      </object_component>
      <object_component id="oc-400">
         <name>.text:free_list_remove</name>
         <load_address>0x42dc</load_address>
         <run_address>0x42dc</run_address>
         <size>0x1c</size>
         <input_file_ref idref="fl-e7"/>
      </object_component>
      <object_component id="oc-259">
         <name>.text:memccpy</name>
         <load_address>0x42f8</load_address>
         <run_address>0x42f8</run_address>
         <size>0x1c</size>
         <input_file_ref idref="fl-e5"/>
      </object_component>
      <object_component id="oc-37b">
         <name>.text:copysign</name>
         <load_address>0x4314</load_address>
         <run_address>0x4314</run_address>
         <size>0x1a</size>
         <input_file_ref idref="fl-d0"/>
      </object_component>
      <object_component id="oc-1ce">
         <name>.text:_outs</name>
         <load_address>0x432e</load_address>
         <run_address>0x432e</run_address>
         <size>0x18</size>
         <input_file_ref idref="fl-c9"/>
      </object_component>
      <object_component id="oc-4c9">
         <name>.text:strcmp</name>
         <load_address>0x4346</load_address>
         <run_address>0x4346</run_address>
         <size>0x18</size>
         <input_file_ref idref="fl-105"/>
      </object_component>
      <object_component id="oc-30c">
         <name>.text:strchr</name>
         <load_address>0x435e</load_address>
         <run_address>0x435e</run_address>
         <size>0x16</size>
         <input_file_ref idref="fl-e8"/>
      </object_component>
      <object_component id="oc-107">
         <name>.text:strcpy</name>
         <load_address>0x4374</load_address>
         <run_address>0x4374</run_address>
         <size>0x14</size>
         <input_file_ref idref="fl-e9"/>
      </object_component>
      <object_component id="oc-118">
         <name>.text:strlen</name>
         <load_address>0x4388</load_address>
         <run_address>0x4388</run_address>
         <size>0x14</size>
         <input_file_ref idref="fl-ea"/>
      </object_component>
      <object_component id="oc-25f">
         <name>.text:wcslen</name>
         <load_address>0x439c</load_address>
         <run_address>0x439c</run_address>
         <size>0x12</size>
         <input_file_ref idref="fl-f0"/>
      </object_component>
      <object_component id="oc-1d">
         <name>.text:decompress:none:__TI_decompress_none</name>
         <load_address>0x43ae</load_address>
         <run_address>0x43ae</run_address>
         <size>0xe</size>
         <input_file_ref idref="fl-dd"/>
      </object_component>
      <object_component id="oc-6a">
         <name>.text</name>
         <load_address>0x43bc</load_address>
         <run_address>0x43bc</run_address>
         <size>0xe</size>
         <input_file_ref idref="fl-9"/>
      </object_component>
      <object_component id="oc-1d4">
         <name>.text:_outc</name>
         <load_address>0x43ca</load_address>
         <run_address>0x43ca</run_address>
         <size>0xa</size>
         <input_file_ref idref="fl-c9"/>
      </object_component>
      <object_component id="oc-265">
         <name>.text:__aeabi_errno_addr</name>
         <load_address>0x43d4</load_address>
         <run_address>0x43d4</run_address>
         <size>0x8</size>
         <input_file_ref idref="fl-ec"/>
      </object_component>
      <object_component id="oc-3d1">
         <name>.text:malloc</name>
         <load_address>0x43dc</load_address>
         <run_address>0x43dc</run_address>
         <size>0x8</size>
         <input_file_ref idref="fl-e7"/>
      </object_component>
      <object_component id="oc-1f1">
         <name>.text:_outc</name>
         <load_address>0x43e4</load_address>
         <run_address>0x43e4</run_address>
         <size>0x4</size>
         <input_file_ref idref="fl-c7"/>
      </object_component>
      <object_component id="oc-1eb">
         <name>.text:_outs</name>
         <load_address>0x43e8</load_address>
         <run_address>0x43e8</run_address>
         <size>0x4</size>
         <input_file_ref idref="fl-c7"/>
      </object_component>
      <object_component id="oc-a6">
         <name>.text:_system_pre_init</name>
         <load_address>0x43ec</load_address>
         <run_address>0x43ec</run_address>
         <size>0x4</size>
         <input_file_ref idref="fl-f6"/>
      </object_component>
      <object_component id="oc-158">
         <name>.text:abort:abort</name>
         <load_address>0x43f0</load_address>
         <run_address>0x43f0</run_address>
         <size>0x4</size>
         <input_file_ref idref="fl-df"/>
      </object_component>
      <object_component id="oc-1f9">
         <name>.const:font</name>
         <load_address>0x43f4</load_address>
         <run_address>0x43f4</run_address>
         <size>0x1e0</size>
         <input_file_ref idref="fl-6"/>
      </object_component>
      <object_component id="oc-2bf">
         <name>.const:.string:_ctypes_</name>
         <load_address>0x45d4</load_address>
         <run_address>0x45d4</run_address>
         <size>0x101</size>
         <input_file_ref idref="fl-e3"/>
      </object_component>
      <object_component id="oc-509">
         <name>.cinit..data.load</name>
         <load_address>0x46d8</load_address>
         <run_address>0x46d8</run_address>
         <size>0x79</size>
      </object_component>
      <object_component id="oc-507">
         <name>__TI_handler_table</name>
         <load_address>0x4754</load_address>
         <run_address>0x4754</run_address>
         <size>0xc</size>
      </object_component>
      <object_component id="oc-50a">
         <name>.cinit..bss.load</name>
         <load_address>0x4760</load_address>
         <run_address>0x4760</run_address>
         <size>0x8</size>
      </object_component>
      <object_component id="oc-508">
         <name>__TI_cinit_table</name>
         <load_address>0x4768</load_address>
         <run_address>0x4768</run_address>
         <size>0x10</size>
      </object_component>
      <object_component id="oc-4db">
         <name>.binit</name>
         <load_address>0x0</load_address>
         <run_address>0x0</run_address>
         <size>0x0</size>
      </object_component>
      <object_component id="oc-151">
         <name>.data</name>
         <load_address>0x200009c8</load_address>
         <run_address>0x200009c8</run_address>
         <size>0x8</size>
         <input_file_ref idref="fl-7"/>
      </object_component>
      <object_component id="oc-196">
         <name>.data</name>
         <load_address>0x200009d4</load_address>
         <run_address>0x200009d4</run_address>
         <size>0x4</size>
         <input_file_ref idref="fl-b"/>
      </object_component>
      <object_component id="oc-c5">
         <name>.data</name>
         <load_address>0x200009d8</load_address>
         <run_address>0x200009d8</run_address>
         <size>0x4</size>
         <input_file_ref idref="fl-c"/>
      </object_component>
      <object_component id="oc-209">
         <name>.data:$O1$$</name>
         <load_address>0x200009ac</load_address>
         <run_address>0x200009ac</run_address>
         <size>0xc</size>
         <input_file_ref idref="fl-df"/>
      </object_component>
      <object_component id="oc-1e5">
         <name>.data:$O1$$</name>
         <load_address>0x200009b8</load_address>
         <run_address>0x200009b8</run_address>
         <size>0x8</size>
         <input_file_ref idref="fl-e0"/>
      </object_component>
      <object_component id="oc-1e8">
         <name>.data:_ftable</name>
         <load_address>0x200007e4</load_address>
         <run_address>0x200007e4</run_address>
         <size>0xf0</size>
         <input_file_ref idref="fl-e4"/>
      </object_component>
      <object_component id="oc-41a">
         <name>.data</name>
         <load_address>0x2000099c</load_address>
         <run_address>0x2000099c</run_address>
         <size>0x10</size>
         <input_file_ref idref="fl-e4"/>
      </object_component>
      <object_component id="oc-450">
         <name>.data:$O1$$</name>
         <load_address>0x200009c0</load_address>
         <run_address>0x200009c0</run_address>
         <size>0x8</size>
         <input_file_ref idref="fl-e7"/>
      </object_component>
      <object_component id="oc-31c">
         <name>.data</name>
         <load_address>0x200009d0</load_address>
         <run_address>0x200009d0</run_address>
         <size>0x4</size>
         <input_file_ref idref="fl-ec"/>
      </object_component>
      <object_component id="oc-3ea">
         <name>.data:_device</name>
         <load_address>0x200008d4</load_address>
         <run_address>0x200008d4</run_address>
         <size>0x78</size>
         <input_file_ref idref="fl-ef"/>
      </object_component>
      <object_component id="oc-3a9">
         <name>.data:_stream</name>
         <load_address>0x2000094c</load_address>
         <run_address>0x2000094c</run_address>
         <size>0x50</size>
         <input_file_ref idref="fl-ef"/>
      </object_component>
      <object_component id="oc-498">
         <name>.bss:_CIOBUF_</name>
         <uninitialized>true</uninitialized>
         <run_address>0x20000400</run_address>
         <size>0x120</size>
         <input_file_ref idref="fl-100"/>
      </object_component>
      <object_component id="oc-154">
         <name>.common:am2320_databuffer</name>
         <uninitialized>true</uninitialized>
         <run_address>0x200007d0</run_address>
         <size>0x8</size>
      </object_component>
      <object_component id="oc-d9">
         <name>.common:am2320_poll_frequency</name>
         <uninitialized>true</uninitialized>
         <run_address>0x200007e0</run_address>
         <size>0x4</size>
      </object_component>
      <object_component id="oc-d2">
         <name>.common:cbfifo_tx</name>
         <uninitialized>true</uninitialized>
         <run_address>0x20000628</run_address>
         <size>0x108</size>
      </object_component>
      <object_component id="oc-cf">
         <name>.common:cbfifo_rx</name>
         <uninitialized>true</uninitialized>
         <run_address>0x20000520</run_address>
         <size>0x108</size>
      </object_component>
      <object_component id="oc-468">
         <name>.common:__TI_tmpnams</name>
         <uninitialized>true</uninitialized>
         <run_address>0x20000730</run_address>
         <size>0xa0</size>
      </object_component>
      <object_component id="oc-479">
         <name>.common:parmbuf</name>
         <uninitialized>true</uninitialized>
         <run_address>0x200007d8</run_address>
         <size>0x8</size>
      </object_component>
      <object_component id="oc-29">
         <name>.sysmem</name>
         <uninitialized>true</uninitialized>
         <run_address>0x20000000</run_address>
         <size>0x10</size>
         <input_file_ref idref="fl-e7"/>
      </object_component>
      <object_component id="oc-50d">
         <name>.sysmem</name>
         <uninitialized>true</uninitialized>
         <run_address>0x20000000</run_address>
         <size>0x0</size>
      </object_component>
      <object_component id="oc-2c">
         <name>.stack</name>
         <uninitialized>true</uninitialized>
         <run_address>0x2000fe00</run_address>
         <size>0x4</size>
         <input_file_ref idref="fl-ed"/>
      </object_component>
      <object_component id="oc-50c">
         <name>.stack</name>
         <uninitialized>true</uninitialized>
         <run_address>0x2000fe00</run_address>
         <size>0x0</size>
      </object_component>
      <object_component id="oc-155">
         <name>.debug_info</name>
         <load_address>0x0</load_address>
         <run_address>0x0</run_address>
         <size>0x5df</size>
         <input_file_ref idref="fl-2"/>
      </object_component>
      <object_component id="oc-13d">
         <name>.debug_info</name>
         <load_address>0x5df</load_address>
         <run_address>0x5df</run_address>
         <size>0x741</size>
         <input_file_ref idref="fl-2"/>
      </object_component>
      <object_component id="oc-1a6">
         <name>.debug_info</name>
         <load_address>0xd20</load_address>
         <run_address>0xd20</run_address>
         <size>0x37e2</size>
         <input_file_ref idref="fl-2"/>
      </object_component>
      <object_component id="oc-e0">
         <name>.debug_info</name>
         <load_address>0x4502</load_address>
         <run_address>0x4502</run_address>
         <size>0x26b</size>
         <input_file_ref idref="fl-2"/>
      </object_component>
      <object_component id="oc-1ab">
         <name>.debug_info</name>
         <load_address>0x476d</load_address>
         <run_address>0x476d</run_address>
         <size>0x1055</size>
         <input_file_ref idref="fl-2"/>
      </object_component>
      <object_component id="oc-35">
         <name>.debug_info</name>
         <load_address>0x57c2</load_address>
         <run_address>0x57c2</run_address>
         <size>0x84</size>
         <input_file_ref idref="fl-2"/>
      </object_component>
      <object_component id="oc-1ba">
         <name>.debug_info</name>
         <load_address>0x5846</load_address>
         <run_address>0x5846</run_address>
         <size>0x2a4</size>
         <input_file_ref idref="fl-2"/>
      </object_component>
      <object_component id="oc-d4">
         <name>.debug_info</name>
         <load_address>0x5aea</load_address>
         <run_address>0x5aea</run_address>
         <size>0xbb</size>
         <input_file_ref idref="fl-2"/>
      </object_component>
      <object_component id="oc-1a3">
         <name>.debug_info</name>
         <load_address>0x5ba5</load_address>
         <run_address>0x5ba5</run_address>
         <size>0x5a0</size>
         <input_file_ref idref="fl-3"/>
      </object_component>
      <object_component id="oc-ca">
         <name>.debug_info</name>
         <load_address>0x6145</load_address>
         <run_address>0x6145</run_address>
         <size>0x705</size>
         <input_file_ref idref="fl-3"/>
      </object_component>
      <object_component id="oc-19e">
         <name>.debug_info</name>
         <load_address>0x684a</load_address>
         <run_address>0x684a</run_address>
         <size>0x110</size>
         <input_file_ref idref="fl-3"/>
      </object_component>
      <object_component id="oc-1dc">
         <name>.debug_info</name>
         <load_address>0x695a</load_address>
         <run_address>0x695a</run_address>
         <size>0x2c</size>
         <input_file_ref idref="fl-3"/>
      </object_component>
      <object_component id="oc-1b0">
         <name>.debug_info</name>
         <load_address>0x6986</load_address>
         <run_address>0x6986</run_address>
         <size>0xa3</size>
         <input_file_ref idref="fl-3"/>
      </object_component>
      <object_component id="oc-22b">
         <name>.debug_info</name>
         <load_address>0x6a29</load_address>
         <run_address>0x6a29</run_address>
         <size>0x528</size>
         <input_file_ref idref="fl-4"/>
      </object_component>
      <object_component id="oc-131">
         <name>.debug_info</name>
         <load_address>0x6f51</load_address>
         <run_address>0x6f51</run_address>
         <size>0xf7</size>
         <input_file_ref idref="fl-4"/>
      </object_component>
      <object_component id="oc-1b5">
         <name>.debug_info</name>
         <load_address>0x7048</load_address>
         <run_address>0x7048</run_address>
         <size>0xcc</size>
         <input_file_ref idref="fl-4"/>
      </object_component>
      <object_component id="oc-138">
         <name>.debug_info</name>
         <load_address>0x7114</load_address>
         <run_address>0x7114</run_address>
         <size>0x731</size>
         <input_file_ref idref="fl-5"/>
      </object_component>
      <object_component id="oc-1fd">
         <name>.debug_info</name>
         <load_address>0x7845</load_address>
         <run_address>0x7845</run_address>
         <size>0x57b</size>
         <input_file_ref idref="fl-6"/>
      </object_component>
      <object_component id="oc-1fa">
         <name>.debug_info</name>
         <load_address>0x7dc0</load_address>
         <run_address>0x7dc0</run_address>
         <size>0xc5</size>
         <input_file_ref idref="fl-6"/>
      </object_component>
      <object_component id="oc-12c">
         <name>.debug_info</name>
         <load_address>0x7e85</load_address>
         <run_address>0x7e85</run_address>
         <size>0x5e8</size>
         <input_file_ref idref="fl-6"/>
      </object_component>
      <object_component id="oc-da">
         <name>.debug_info</name>
         <load_address>0x846d</load_address>
         <run_address>0x846d</run_address>
         <size>0xac7</size>
         <input_file_ref idref="fl-7"/>
      </object_component>
      <object_component id="oc-152">
         <name>.debug_info</name>
         <load_address>0x8f34</load_address>
         <run_address>0x8f34</run_address>
         <size>0x110</size>
         <input_file_ref idref="fl-7"/>
      </object_component>
      <object_component id="oc-ad">
         <name>.debug_info</name>
         <load_address>0x9044</load_address>
         <run_address>0x9044</run_address>
         <size>0x7f2</size>
         <input_file_ref idref="fl-7"/>
      </object_component>
      <object_component id="oc-1c4">
         <name>.debug_info</name>
         <load_address>0x9836</load_address>
         <run_address>0x9836</run_address>
         <size>0x56c</size>
         <input_file_ref idref="fl-8"/>
      </object_component>
      <object_component id="oc-102">
         <name>.debug_info</name>
         <load_address>0x9da2</load_address>
         <run_address>0x9da2</run_address>
         <size>0x2d7</size>
         <input_file_ref idref="fl-8"/>
      </object_component>
      <object_component id="oc-84">
         <name>.debug_info</name>
         <load_address>0xa079</load_address>
         <run_address>0xa079</run_address>
         <size>0x2c2</size>
         <input_file_ref idref="fl-9"/>
      </object_component>
      <object_component id="oc-27">
         <name>.debug_info</name>
         <load_address>0xa33b</load_address>
         <run_address>0xa33b</run_address>
         <size>0xee</size>
         <input_file_ref idref="fl-9"/>
      </object_component>
      <object_component id="oc-6d">
         <name>.debug_info</name>
         <load_address>0xa429</load_address>
         <run_address>0xa429</run_address>
         <size>0x1b5</size>
         <input_file_ref idref="fl-9"/>
      </object_component>
      <object_component id="oc-dd">
         <name>.debug_info</name>
         <load_address>0xa5de</load_address>
         <run_address>0xa5de</run_address>
         <size>0x560</size>
         <input_file_ref idref="fl-a"/>
      </object_component>
      <object_component id="oc-7e">
         <name>.debug_info</name>
         <load_address>0xab3e</load_address>
         <run_address>0xab3e</run_address>
         <size>0x24f</size>
         <input_file_ref idref="fl-a"/>
      </object_component>
      <object_component id="oc-197">
         <name>.debug_info</name>
         <load_address>0xad8d</load_address>
         <run_address>0xad8d</run_address>
         <size>0xe7</size>
         <input_file_ref idref="fl-b"/>
      </object_component>
      <object_component id="oc-bf">
         <name>.debug_info</name>
         <load_address>0xae74</load_address>
         <run_address>0xae74</run_address>
         <size>0x259</size>
         <input_file_ref idref="fl-b"/>
      </object_component>
      <object_component id="oc-19c">
         <name>.debug_info</name>
         <load_address>0xb0cd</load_address>
         <run_address>0xb0cd</run_address>
         <size>0x526</size>
         <input_file_ref idref="fl-c"/>
      </object_component>
      <object_component id="oc-c6">
         <name>.debug_info</name>
         <load_address>0xb5f3</load_address>
         <run_address>0xb5f3</run_address>
         <size>0xf2</size>
         <input_file_ref idref="fl-c"/>
      </object_component>
      <object_component id="oc-71">
         <name>.debug_info</name>
         <load_address>0xb6e5</load_address>
         <run_address>0xb6e5</run_address>
         <size>0x2cf</size>
         <input_file_ref idref="fl-c"/>
      </object_component>
      <object_component id="oc-d0">
         <name>.debug_info</name>
         <load_address>0xb9b4</load_address>
         <run_address>0xb9b4</run_address>
         <size>0x67b</size>
         <input_file_ref idref="fl-d"/>
      </object_component>
      <object_component id="oc-77">
         <name>.debug_info</name>
         <load_address>0xc02f</load_address>
         <run_address>0xc02f</run_address>
         <size>0x203</size>
         <input_file_ref idref="fl-d"/>
      </object_component>
      <object_component id="oc-1f8">
         <name>.debug_info</name>
         <load_address>0xc232</load_address>
         <run_address>0xc232</run_address>
         <size>0x3e5</size>
         <input_file_ref idref="fl-c7"/>
      </object_component>
      <object_component id="oc-1f2">
         <name>.debug_info</name>
         <load_address>0xc617</load_address>
         <run_address>0xc617</run_address>
         <size>0x157</size>
         <input_file_ref idref="fl-c7"/>
      </object_component>
      <object_component id="oc-1ed">
         <name>.debug_info</name>
         <load_address>0xc76e</load_address>
         <run_address>0xc76e</run_address>
         <size>0x166</size>
         <input_file_ref idref="fl-c7"/>
      </object_component>
      <object_component id="oc-128">
         <name>.debug_info</name>
         <load_address>0xc8d4</load_address>
         <run_address>0xc8d4</run_address>
         <size>0x1ac</size>
         <input_file_ref idref="fl-c7"/>
      </object_component>
      <object_component id="oc-29d">
         <name>.debug_info</name>
         <load_address>0xca80</load_address>
         <run_address>0xca80</run_address>
         <size>0xb2</size>
         <input_file_ref idref="fl-c7"/>
      </object_component>
      <object_component id="oc-26c">
         <name>.debug_info</name>
         <load_address>0xcb32</load_address>
         <run_address>0xcb32</run_address>
         <size>0x590</size>
         <input_file_ref idref="fl-c8"/>
      </object_component>
      <object_component id="oc-23a">
         <name>.debug_info</name>
         <load_address>0xd0c2</load_address>
         <run_address>0xd0c2</run_address>
         <size>0x21e</size>
         <input_file_ref idref="fl-c8"/>
      </object_component>
      <object_component id="oc-2e8">
         <name>.debug_info</name>
         <load_address>0xd2e0</load_address>
         <run_address>0xd2e0</run_address>
         <size>0x1b3</size>
         <input_file_ref idref="fl-c8"/>
      </object_component>
      <object_component id="oc-2ee">
         <name>.debug_info</name>
         <load_address>0xd493</load_address>
         <run_address>0xd493</run_address>
         <size>0x21b</size>
         <input_file_ref idref="fl-c8"/>
      </object_component>
      <object_component id="oc-244">
         <name>.debug_info</name>
         <load_address>0xd6ae</load_address>
         <run_address>0xd6ae</run_address>
         <size>0x3c0</size>
         <input_file_ref idref="fl-c8"/>
      </object_component>
      <object_component id="oc-2f5">
         <name>.debug_info</name>
         <load_address>0xda6e</load_address>
         <run_address>0xda6e</run_address>
         <size>0x30a</size>
         <input_file_ref idref="fl-c8"/>
      </object_component>
      <object_component id="oc-2fb">
         <name>.debug_info</name>
         <load_address>0xdd78</load_address>
         <run_address>0xdd78</run_address>
         <size>0x215</size>
         <input_file_ref idref="fl-c8"/>
      </object_component>
      <object_component id="oc-24a">
         <name>.debug_info</name>
         <load_address>0xdf8d</load_address>
         <run_address>0xdf8d</run_address>
         <size>0x215</size>
         <input_file_ref idref="fl-c8"/>
      </object_component>
      <object_component id="oc-251">
         <name>.debug_info</name>
         <load_address>0xe1a2</load_address>
         <run_address>0xe1a2</run_address>
         <size>0x304</size>
         <input_file_ref idref="fl-c8"/>
      </object_component>
      <object_component id="oc-257">
         <name>.debug_info</name>
         <load_address>0xe4a6</load_address>
         <run_address>0xe4a6</run_address>
         <size>0x4b5</size>
         <input_file_ref idref="fl-c8"/>
      </object_component>
      <object_component id="oc-1cc">
         <name>.debug_info</name>
         <load_address>0xe95b</load_address>
         <run_address>0xe95b</run_address>
         <size>0x5f4</size>
         <input_file_ref idref="fl-c8"/>
      </object_component>
      <object_component id="oc-26d">
         <name>.debug_info</name>
         <load_address>0xef4f</load_address>
         <run_address>0xef4f</run_address>
         <size>0x86</size>
         <input_file_ref idref="fl-c8"/>
      </object_component>
      <object_component id="oc-328">
         <name>.debug_info</name>
         <load_address>0xefd5</load_address>
         <run_address>0xefd5</run_address>
         <size>0x39</size>
         <input_file_ref idref="fl-c8"/>
      </object_component>
      <object_component id="oc-392">
         <name>.debug_info</name>
         <load_address>0xf00e</load_address>
         <run_address>0xf00e</run_address>
         <size>0xb6</size>
         <input_file_ref idref="fl-c8"/>
      </object_component>
      <object_component id="oc-32d">
         <name>.debug_info</name>
         <load_address>0xf0c4</load_address>
         <run_address>0xf0c4</run_address>
         <size>0x46</size>
         <input_file_ref idref="fl-c8"/>
      </object_component>
      <object_component id="oc-272">
         <name>.debug_info</name>
         <load_address>0xf10a</load_address>
         <run_address>0xf10a</run_address>
         <size>0x46</size>
         <input_file_ref idref="fl-c8"/>
      </object_component>
      <object_component id="oc-323">
         <name>.debug_info</name>
         <load_address>0xf150</load_address>
         <run_address>0xf150</run_address>
         <size>0x2c</size>
         <input_file_ref idref="fl-c8"/>
      </object_component>
      <object_component id="oc-1db">
         <name>.debug_info</name>
         <load_address>0xf17c</load_address>
         <run_address>0xf17c</run_address>
         <size>0x333</size>
         <input_file_ref idref="fl-c9"/>
      </object_component>
      <object_component id="oc-116">
         <name>.debug_info</name>
         <load_address>0xf4af</load_address>
         <run_address>0xf4af</run_address>
         <size>0x1d1</size>
         <input_file_ref idref="fl-c9"/>
      </object_component>
      <object_component id="oc-1d2">
         <name>.debug_info</name>
         <load_address>0xf680</load_address>
         <run_address>0xf680</run_address>
         <size>0x18d</size>
         <input_file_ref idref="fl-c9"/>
      </object_component>
      <object_component id="oc-1d8">
         <name>.debug_info</name>
         <load_address>0xf80d</load_address>
         <run_address>0xf80d</run_address>
         <size>0x16d</size>
         <input_file_ref idref="fl-c9"/>
      </object_component>
      <object_component id="oc-352">
         <name>.debug_info</name>
         <load_address>0xf97a</load_address>
         <run_address>0xf97a</run_address>
         <size>0x383</size>
         <input_file_ref idref="fl-ca"/>
      </object_component>
      <object_component id="oc-295">
         <name>.debug_info</name>
         <load_address>0xfcfd</load_address>
         <run_address>0xfcfd</run_address>
         <size>0x1ea</size>
         <input_file_ref idref="fl-ca"/>
      </object_component>
      <object_component id="oc-350">
         <name>.debug_info</name>
         <load_address>0xfee7</load_address>
         <run_address>0xfee7</run_address>
         <size>0x3fc</size>
         <input_file_ref idref="fl-cb"/>
      </object_component>
      <object_component id="oc-291">
         <name>.debug_info</name>
         <load_address>0x102e3</load_address>
         <run_address>0x102e3</run_address>
         <size>0x2e2</size>
         <input_file_ref idref="fl-cb"/>
      </object_component>
      <object_component id="oc-f8">
         <name>.debug_info</name>
         <load_address>0x105c5</load_address>
         <run_address>0x105c5</run_address>
         <size>0x2c</size>
         <input_file_ref idref="fl-cb"/>
      </object_component>
      <object_component id="oc-3a4">
         <name>.debug_info</name>
         <load_address>0x105f1</load_address>
         <run_address>0x105f1</run_address>
         <size>0x300</size>
         <input_file_ref idref="fl-cc"/>
      </object_component>
      <object_component id="oc-33a">
         <name>.debug_info</name>
         <load_address>0x108f1</load_address>
         <run_address>0x108f1</run_address>
         <size>0x19c</size>
         <input_file_ref idref="fl-cc"/>
      </object_component>
      <object_component id="oc-3df">
         <name>.debug_info</name>
         <load_address>0x10a8d</load_address>
         <run_address>0x10a8d</run_address>
         <size>0xbf</size>
         <input_file_ref idref="fl-cc"/>
      </object_component>
      <object_component id="oc-3de">
         <name>.debug_info</name>
         <load_address>0x10b4c</load_address>
         <run_address>0x10b4c</run_address>
         <size>0x374</size>
         <input_file_ref idref="fl-cd"/>
      </object_component>
      <object_component id="oc-3a0">
         <name>.debug_info</name>
         <load_address>0x10ec0</load_address>
         <run_address>0x10ec0</run_address>
         <size>0x20b</size>
         <input_file_ref idref="fl-cd"/>
      </object_component>
      <object_component id="oc-375">
         <name>.debug_info</name>
         <load_address>0x110cb</load_address>
         <run_address>0x110cb</run_address>
         <size>0x29a</size>
         <input_file_ref idref="fl-ce"/>
      </object_component>
      <object_component id="oc-301">
         <name>.debug_info</name>
         <load_address>0x11365</load_address>
         <run_address>0x11365</run_address>
         <size>0x195</size>
         <input_file_ref idref="fl-ce"/>
      </object_component>
      <object_component id="oc-3b9">
         <name>.debug_info</name>
         <load_address>0x114fa</load_address>
         <run_address>0x114fa</run_address>
         <size>0x39</size>
         <input_file_ref idref="fl-ce"/>
      </object_component>
      <object_component id="oc-376">
         <name>.debug_info</name>
         <load_address>0x11533</load_address>
         <run_address>0x11533</run_address>
         <size>0x2c</size>
         <input_file_ref idref="fl-ce"/>
      </object_component>
      <object_component id="oc-382">
         <name>.debug_info</name>
         <load_address>0x1155f</load_address>
         <run_address>0x1155f</run_address>
         <size>0x2fd</size>
         <input_file_ref idref="fl-cf"/>
      </object_component>
      <object_component id="oc-308">
         <name>.debug_info</name>
         <load_address>0x1185c</load_address>
         <run_address>0x1185c</run_address>
         <size>0x225</size>
         <input_file_ref idref="fl-cf"/>
      </object_component>
      <object_component id="oc-37d">
         <name>.debug_info</name>
         <load_address>0x11a81</load_address>
         <run_address>0x11a81</run_address>
         <size>0x161</size>
         <input_file_ref idref="fl-d0"/>
      </object_component>
      <object_component id="oc-2c6">
         <name>.debug_info</name>
         <load_address>0x11be2</load_address>
         <run_address>0x11be2</run_address>
         <size>0x134</size>
         <input_file_ref idref="fl-d1"/>
      </object_component>
      <object_component id="oc-a2">
         <name>.debug_info</name>
         <load_address>0x11d16</load_address>
         <run_address>0x11d16</run_address>
         <size>0x147</size>
         <input_file_ref idref="fl-d2"/>
      </object_component>
      <object_component id="oc-2e3">
         <name>.debug_info</name>
         <load_address>0x11e5d</load_address>
         <run_address>0x11e5d</run_address>
         <size>0x14c</size>
         <input_file_ref idref="fl-d3"/>
      </object_component>
      <object_component id="oc-23d">
         <name>.debug_info</name>
         <load_address>0x11fa9</load_address>
         <run_address>0x11fa9</run_address>
         <size>0x128</size>
         <input_file_ref idref="fl-d4"/>
      </object_component>
      <object_component id="oc-2d1">
         <name>.debug_info</name>
         <load_address>0x120d1</load_address>
         <run_address>0x120d1</run_address>
         <size>0x12a</size>
         <input_file_ref idref="fl-d4"/>
      </object_component>
      <object_component id="oc-14a">
         <name>.debug_info</name>
         <load_address>0x121fb</load_address>
         <run_address>0x121fb</run_address>
         <size>0x13a</size>
         <input_file_ref idref="fl-d5"/>
      </object_component>
      <object_component id="oc-2cc">
         <name>.debug_info</name>
         <load_address>0x12335</load_address>
         <run_address>0x12335</run_address>
         <size>0x13a</size>
         <input_file_ref idref="fl-d6"/>
      </object_component>
      <object_component id="oc-2d6">
         <name>.debug_info</name>
         <load_address>0x1246f</load_address>
         <run_address>0x1246f</run_address>
         <size>0x12e</size>
         <input_file_ref idref="fl-d7"/>
      </object_component>
      <object_component id="oc-14e">
         <name>.debug_info</name>
         <load_address>0x1259d</load_address>
         <run_address>0x1259d</run_address>
         <size>0x13e</size>
         <input_file_ref idref="fl-d8"/>
      </object_component>
      <object_component id="oc-110">
         <name>.debug_info</name>
         <load_address>0x126db</load_address>
         <run_address>0x126db</run_address>
         <size>0x12c</size>
         <input_file_ref idref="fl-d9"/>
      </object_component>
      <object_component id="oc-145">
         <name>.debug_info</name>
         <load_address>0x12807</load_address>
         <run_address>0x12807</run_address>
         <size>0x12c</size>
         <input_file_ref idref="fl-da"/>
      </object_component>
      <object_component id="oc-3b">
         <name>.debug_info</name>
         <load_address>0x12933</load_address>
         <run_address>0x12933</run_address>
         <size>0x119</size>
         <input_file_ref idref="fl-db"/>
      </object_component>
      <object_component id="oc-9f">
         <name>.debug_info</name>
         <load_address>0x12a4c</load_address>
         <run_address>0x12a4c</run_address>
         <size>0x2d4</size>
         <input_file_ref idref="fl-dc"/>
      </object_component>
      <object_component id="oc-47">
         <name>.debug_info</name>
         <load_address>0x12d20</load_address>
         <run_address>0x12d20</run_address>
         <size>0x1d2</size>
         <input_file_ref idref="fl-dc"/>
      </object_component>
      <object_component id="oc-9a">
         <name>.debug_info</name>
         <load_address>0x12ef2</load_address>
         <run_address>0x12ef2</run_address>
         <size>0x46</size>
         <input_file_ref idref="fl-dc"/>
      </object_component>
      <object_component id="oc-45">
         <name>.debug_info</name>
         <load_address>0x12f38</load_address>
         <run_address>0x12f38</run_address>
         <size>0x2a8</size>
         <input_file_ref idref="fl-dd"/>
      </object_component>
      <object_component id="oc-21">
         <name>.debug_info</name>
         <load_address>0x131e0</load_address>
         <run_address>0x131e0</run_address>
         <size>0x1ea</size>
         <input_file_ref idref="fl-dd"/>
      </object_component>
      <object_component id="oc-40">
         <name>.debug_info</name>
         <load_address>0x133ca</load_address>
         <run_address>0x133ca</run_address>
         <size>0x46</size>
         <input_file_ref idref="fl-dd"/>
      </object_component>
      <object_component id="oc-92">
         <name>.debug_info</name>
         <load_address>0x13410</load_address>
         <run_address>0x13410</run_address>
         <size>0x2c</size>
         <input_file_ref idref="fl-dd"/>
      </object_component>
      <object_component id="oc-90">
         <name>.debug_info</name>
         <load_address>0x1343c</load_address>
         <run_address>0x1343c</run_address>
         <size>0x29e</size>
         <input_file_ref idref="fl-de"/>
      </object_component>
      <object_component id="oc-19">
         <name>.debug_info</name>
         <load_address>0x136da</load_address>
         <run_address>0x136da</run_address>
         <size>0x250</size>
         <input_file_ref idref="fl-de"/>
      </object_component>
      <object_component id="oc-30">
         <name>.debug_info</name>
         <load_address>0x1392a</load_address>
         <run_address>0x1392a</run_address>
         <size>0x60</size>
         <input_file_ref idref="fl-de"/>
      </object_component>
      <object_component id="oc-f1">
         <name>.debug_info</name>
         <load_address>0x1398a</load_address>
         <run_address>0x1398a</run_address>
         <size>0x46</size>
         <input_file_ref idref="fl-de"/>
      </object_component>
      <object_component id="oc-8b">
         <name>.debug_info</name>
         <load_address>0x139d0</load_address>
         <run_address>0x139d0</run_address>
         <size>0x39</size>
         <input_file_ref idref="fl-de"/>
      </object_component>
      <object_component id="oc-20d">
         <name>.debug_info</name>
         <load_address>0x13a09</load_address>
         <run_address>0x13a09</run_address>
         <size>0x3ad</size>
         <input_file_ref idref="fl-df"/>
      </object_component>
      <object_component id="oc-20a">
         <name>.debug_info</name>
         <load_address>0x13db6</load_address>
         <run_address>0x13db6</run_address>
         <size>0x190</size>
         <input_file_ref idref="fl-df"/>
      </object_component>
      <object_component id="oc-15c">
         <name>.debug_info</name>
         <load_address>0x13f46</load_address>
         <run_address>0x13f46</run_address>
         <size>0x122</size>
         <input_file_ref idref="fl-df"/>
      </object_component>
      <object_component id="oc-160">
         <name>.debug_info</name>
         <load_address>0x14068</load_address>
         <run_address>0x14068</run_address>
         <size>0x184</size>
         <input_file_ref idref="fl-df"/>
      </object_component>
      <object_component id="oc-287">
         <name>.debug_info</name>
         <load_address>0x141ec</load_address>
         <run_address>0x141ec</run_address>
         <size>0x2c9</size>
         <input_file_ref idref="fl-e0"/>
      </object_component>
      <object_component id="oc-1e6">
         <name>.debug_info</name>
         <load_address>0x144b5</load_address>
         <run_address>0x144b5</run_address>
         <size>0x11e</size>
         <input_file_ref idref="fl-e0"/>
      </object_component>
      <object_component id="oc-283">
         <name>.debug_info</name>
         <load_address>0x145d3</load_address>
         <run_address>0x145d3</run_address>
         <size>0x12e</size>
         <input_file_ref idref="fl-e0"/>
      </object_component>
      <object_component id="oc-36e">
         <name>.debug_info</name>
         <load_address>0x14701</load_address>
         <run_address>0x14701</run_address>
         <size>0x29c</size>
         <input_file_ref idref="fl-e1"/>
      </object_component>
      <object_component id="oc-2db">
         <name>.debug_info</name>
         <load_address>0x1499d</load_address>
         <run_address>0x1499d</run_address>
         <size>0x1da</size>
         <input_file_ref idref="fl-e1"/>
      </object_component>
      <object_component id="oc-2c3">
         <name>.debug_info</name>
         <load_address>0x14b77</load_address>
         <run_address>0x14b77</run_address>
         <size>0x2b9</size>
         <input_file_ref idref="fl-e2"/>
      </object_component>
      <object_component id="oc-233">
         <name>.debug_info</name>
         <load_address>0x14e30</load_address>
         <run_address>0x14e30</run_address>
         <size>0x17c</size>
         <input_file_ref idref="fl-e2"/>
      </object_component>
[...]
      <symbol id="sm-519">
         <name>__aeabi_memset</name>
         <value>0x35e3</value>
         <object_component_ref idref="oc-a0"/>
      </symbol>
      <symbol id="sm-51a">
         <name>memset</name>
         <value>0x35e9</value>
         <object_component_ref idref="oc-a0"/>
      </symbol>
      <symbol id="sm-51b">
         <name>__aeabi_memset8</name>
         <value>0x35e3</value>
         <object_component_ref idref="oc-a0"/>
      </symbol>
      <symbol id="sm-51c">
         <name>__aeabi_memset4</name>
         <value>0x35e3</value>
         <object_component_ref idref="oc-a0"/>
      </symbol>
      <symbol id="sm-51d">
         <name>__aeabi_memclr8</name>
         <value>0x35e1</value>
         <object_component_ref idref="oc-a0"/>
      </symbol>
      <symbol id="sm-51e">
         <name>__aeabi_memclr4</name>
         <value>0x35e1</value>
         <object_component_ref idref="oc-a0"/>
      </symbol>
      <symbol id="sm-51f">
         <name>__aeabi_memclr</name>
         <value>0x35e1</value>
         <object_component_ref idref="oc-a0"/>
      </symbol>
      <symbol id="sm-536">
         <name>__aeabi_dsub</name>
         <value>0x2449</value>
         <object_component_ref idref="oc-2e0"/>
      </symbol>
      <symbol id="sm-537">
         <name>__aeabi_dadd</name>
         <value>0x2453</value>
         <object_component_ref idref="oc-2e0"/>
      </symbol>
      <symbol id="sm-559">
         <name>__aeabi_cdcmpeq</name>
         <value>0x34d5</value>
         <object_component_ref idref="oc-23c"/>
      </symbol>
      <symbol id="sm-55a">
         <name>__aeabi_cdcmple</name>
         <value>0x34d5</value>
         <object_component_ref idref="oc-23c"/>
      </symbol>
      <symbol id="sm-55b">
         <name>__aeabi_cdrcmple</name>
         <value>0x355b</value>
         <object_component_ref idref="oc-2d0"/>
      </symbol>
      <symbol id="sm-56f">
         <name>__aeabi_ddiv</name>
         <value>0x273d</value>
         <object_component_ref idref="oc-147"/>
      </symbol>
      <symbol id="sm-57a">
         <name>__aeabi_dmul</name>
         <value>0x2ee5</value>
         <object_component_ref idref="oc-2cb"/>
      </symbol>
      <symbol id="sm-584">
         <name>__aeabi_d2iz</name>
         <value>0x3e35</value>
         <object_component_ref idref="oc-2d5"/>
      </symbol>
      <symbol id="sm-590">
         <name>__aeabi_d2f</name>
         <value>0x37af</value>
         <object_component_ref idref="oc-14c"/>
      </symbol>
      <symbol id="sm-59b">
         <name>__aeabi_f2d</name>
         <value>0x4045</value>
         <object_component_ref idref="oc-10d"/>
      </symbol>
      <symbol id="sm-5a5">
         <name>__aeabi_i2d</name>
         <value>0x4181</value>
         <object_component_ref idref="oc-142"/>
      </symbol>
      <symbol id="sm-5c0">
         <name>memcpy</name>
         <value>0x3317</value>
         <object_component_ref idref="oc-3a"/>
      </symbol>
      <symbol id="sm-5c1">
         <name>__aeabi_memcpy</name>
         <value>0x3317</value>
         <object_component_ref idref="oc-3a"/>
      </symbol>
      <symbol id="sm-5c2">
         <name>__aeabi_memcpy8</name>
         <value>0x3317</value>
         <object_component_ref idref="oc-3a"/>
      </symbol>
      <symbol id="sm-5c3">
         <name>__aeabi_memcpy4</name>
         <value>0x3317</value>
         <object_component_ref idref="oc-3a"/>
      </symbol>
      <symbol id="sm-5d7">
         <name>__TI_zero_init_nomemset</name>
         <value>0x42c1</value>
         <object_component_ref idref="oc-46"/>
      </symbol>
      <symbol id="sm-5ee">
         <name>__TI_decompress_none</name>
         <value>0x43af</value>
         <object_component_ref idref="oc-1d"/>
      </symbol>
      <symbol id="sm-611">
         <name>__TI_decompress_lzss</name>
         <value>0x38f1</value>
         <object_component_ref idref="oc-17"/>
      </symbol>
      <symbol id="sm-637">
         <name>C$$EXIT</name>
         <value>0x43f1</value>
         <object_component_ref idref="oc-158"/>
      </symbol>
      <symbol id="sm-638">
         <name>abort</name>
         <value>0x43f1</value>
         <object_component_ref idref="oc-158"/>
      </symbol>
      <symbol id="sm-639">
         <name>__TI_dtors_ptr</name>
         <value>0x200009b0</value>
         <object_component_ref idref="oc-209"/>
      </symbol>
      <symbol id="sm-63a">
         <name>__TI_cleanup_ptr</name>
         <value>0x200009ac</value>
         <object_component_ref idref="oc-209"/>
      </symbol>
      <symbol id="sm-63b">
         <name>__TI_enable_exit_profile_output</name>
         <value>0x200009b4</value>
         <object_component_ref idref="oc-209"/>
      </symbol>
      <symbol id="sm-63c">
         <name>exit</name>
         <value>0x3ded</value>
         <object_component_ref idref="oc-15e"/>
      </symbol>
      <symbol id="sm-651">
         <name>_nop</name>
         <value>0xb33</value>
         <object_component_ref idref="oc-27f"/>
      </symbol>
      <symbol id="sm-652">
         <name>_lock</name>
         <value>0x200009b8</value>
         <object_component_ref idref="oc-1e5"/>
      </symbol>
      <symbol id="sm-653">
         <name>_unlock</name>
         <value>0x200009bc</value>
         <object_component_ref idref="oc-1e5"/>
      </symbol>
      <symbol id="sm-662">
         <name>__TI_ltoa</name>
         <value>0x3caf</value>
         <object_component_ref idref="oc-2da"/>
      </symbol>
      <symbol id="sm-678">
         <name>atoi</name>
         <value>0x3da1</value>
         <object_component_ref idref="oc-230"/>
      </symbol>
      <symbol id="sm-683">
         <name>_ctypes_</name>
         <value>0x45d4</value>
         <object_component_ref idref="oc-2bf"/>
      </symbol>
      <symbol id="sm-698">
         <name>__TI_tmpnams</name>
         <value>0x20000730</value>
      </symbol>
      <symbol id="sm-699">
         <name>__aeabi_stdout</name>
         <value>0x200009a4</value>
         <object_component_ref idref="oc-41a"/>
      </symbol>
      <symbol id="sm-69a">
         <name>__aeabi_stderr</name>
         <value>0x200009a8</value>
         <object_component_ref idref="oc-41a"/>
      </symbol>
      <symbol id="sm-69b">
         <name>__aeabi_stdin</name>
         <value>0x200009a0</value>
         <object_component_ref idref="oc-41a"/>
      </symbol>
      <symbol id="sm-69c">
         <name>_ftable</name>
         <value>0x200007e4</value>
         <object_component_ref idref="oc-1e8"/>
      </symbol>
      <symbol id="sm-69d">
         <name>__TI_ft_end</name>
         <value>0x2000099c</value>
         <object_component_ref idref="oc-41a"/>
      </symbol>
      <symbol id="sm-6ad">
         <name>memccpy</name>
         <value>0x42f9</value>
         <object_component_ref idref="oc-259"/>
      </symbol>
      <symbol id="sm-6bd">
         <name>memchr</name>
         <value>0x42a1</value>
         <object_component_ref idref="oc-33d"/>
      </symbol>
      <symbol id="sm-746">
         <name>_sys_memory</name>
         <value>0x20000000</value>
         <object_component_ref idref="oc-29"/>
      </symbol>
      <symbol id="sm-747">
         <name>free</name>
         <value>0x2fe1</value>
         <object_component_ref idref="oc-3cb"/>
      </symbol>
      <symbol id="sm-748">
         <name>memalign</name>
         <value>0x2de5</value>
         <object_component_ref idref="oc-40d"/>
      </symbol>
      <symbol id="sm-749">
         <name>malloc</name>
         <value>0x43dd</value>
         <object_component_ref idref="oc-3d1"/>
      </symbol>
      <symbol id="sm-74a">
         <name>aligned_alloc</name>
         <value>0x2de5</value>
         <object_component_ref idref="oc-40d"/>
      </symbol>
      <symbol id="sm-75a">
         <name>strchr</name>
         <value>0x435f</value>
         <object_component_ref idref="oc-30c"/>
      </symbol>
      <symbol id="sm-768">
         <name>strcpy</name>
         <value>0x4375</value>
         <object_component_ref idref="oc-107"/>
      </symbol>
      <symbol id="sm-776">
         <name>strlen</name>
         <value>0x4389</value>
         <object_component_ref idref="oc-118"/>
      </symbol>
      <symbol id="sm-787">
         <name>strncat</name>
         <value>0x41af</value>
         <object_component_ref idref="oc-11e"/>
      </symbol>
      <symbol id="sm-79d">
         <name>__aeabi_errno_addr</name>
         <value>0x43d5</value>
         <object_component_ref idref="oc-265"/>
      </symbol>
      <symbol id="sm-79e">
         <name>errno</name>
         <value>0x200009d0</value>
         <object_component_ref idref="oc-31c"/>
      </symbol>
      <symbol id="sm-7b1">
         <name>__stack</name>
         <value>0x2000fe00</value>
         <object_component_ref idref="oc-2c"/>
      </symbol>
      <symbol id="sm-7b2">
         <name>_c_int00_noargs</name>
         <value>0x411d</value>
         <object_component_ref idref="oc-58"/>
      </symbol>
      <symbol id="sm-7cc">
         <name>write</name>
         <value>0x4259</value>
         <object_component_ref idref="oc-349"/>
      </symbol>
      <symbol id="sm-7dd">
         <name>_stream</name>
         <value>0x2000094c</value>
         <object_component_ref idref="oc-3a9"/>
      </symbol>
      <symbol id="sm-7de">
         <name>_device</name>
         <value>0x200008d4</value>
         <object_component_ref idref="oc-3ea"/>
      </symbol>
      <symbol id="sm-7f7">
         <name>wcslen</name>
         <value>0x439d</value>
         <object_component_ref idref="oc-25f"/>
      </symbol>
      <symbol id="sm-807">
         <name>__TI_doflush</name>
         <value>0x3d55</value>
         <object_component_ref idref="oc-343"/>
      </symbol>
      <symbol id="sm-817">
         <name>__TI_cleanup</name>
         <value>0x40b5</value>
         <object_component_ref idref="oc-3d7"/>
      </symbol>
      <symbol id="sm-829">
         <name>fseek</name>
         <value>0x3a25</value>
         <object_component_ref idref="oc-397"/>
      </symbol>
      <symbol id="sm-833">
         <name>__aeabi_idiv0</name>
         <value>0x25ff</value>
         <object_component_ref idref="oc-364"/>
      </symbol>
      <symbol id="sm-834">
         <name>__aeabi_ldiv0</name>
         <value>0x25ff</value>
         <object_component_ref idref="oc-364"/>
      </symbol>
      <symbol id="sm-85c">
         <name>__TI_auto_init_nobinit_nopinit</name>
         <value>0x3f05</value>
         <object_component_ref idref="oc-164"/>
      </symbol>
      <symbol id="sm-866">
         <name>_system_pre_init</name>
         <value>0x43ed</value>
         <object_component_ref idref="oc-a6"/>
      </symbol>
      <symbol id="sm-879">
         <name>HOSTclose</name>
         <value>0x3e7d</value>
         <object_component_ref idref="oc-426"/>
      </symbol>
      <symbol id="sm-88a">
         <name>HOSTlseek</name>
         <value>0x3889</value>
         <object_component_ref idref="oc-438"/>
      </symbol>
      <symbol id="sm-89c">
         <name>parmbuf</name>
         <value>0x200007d8</value>
      </symbol>
      <symbol id="sm-89d">
         <name>HOSTopen</name>
         <value>0x3aed</value>
         <object_component_ref idref="oc-420"/>
      </symbol>
      <symbol id="sm-8ae">
         <name>HOSTread</name>
         <value>0x3ba9</value>
         <object_component_ref idref="oc-42c"/>
      </symbol>
      <symbol id="sm-8bf">
         <name>HOSTrename</name>
         <value>0x381d</value>
         <object_component_ref idref="oc-444"/>
      </symbol>
      <symbol id="sm-8d0">
         <name>HOSTunlink</name>
         <value>0x3ec1</value>
         <object_component_ref idref="oc-43e"/>
      </symbol>
      <symbol id="sm-8e1">
         <name>HOSTwrite</name>
         <value>0x3c01</value>
         <object_component_ref idref="oc-432"/>
      </symbol>
      <symbol id="sm-905">
         <name>__TI_readmsg</name>
         <value>0x40e9</value>
         <object_component_ref idref="oc-473"/>
      </symbol>
      <symbol id="sm-906">
         <name>C$$IO$$</name>
         <value>0x403b</value>
         <object_component_ref idref="oc-46d"/>
      </symbol>
      <symbol id="sm-907">
         <name>__CIOBUF_</name>
         <value>0x20000400</value>
         <object_component_ref idref="oc-498"/>
      </symbol>
      <symbol id="sm-908">
         <name>__TI_writemsg</name>
         <value>0x400d</value>
         <object_component_ref idref="oc-46d"/>
      </symbol>
      <symbol id="sm-919">
         <name>lseek</name>
         <value>0x4231</value>
         <object_component_ref idref="oc-3c3"/>
      </symbol>
      <symbol id="sm-92e">
         <name>__TI_closefile</name>
         <value>0x365d</value>
         <object_component_ref idref="oc-414"/>
      </symbol>
      <symbol id="sm-951">
         <name>finddevice</name>
         <value>0x4151</value>
         <object_component_ref idref="oc-4b4"/>
      </symbol>
      <symbol id="sm-952">
         <name>getdevice</name>
         <value>0x3f49</value>
         <object_component_ref idref="oc-48e"/>
      </symbol>
      <symbol id="sm-961">
         <name>strcmp</name>
         <value>0x4347</value>
         <object_component_ref idref="oc-4c9"/>
      </symbol>
      <symbol id="sm-971">
         <name>strncpy</name>
         <value>0x407d</value>
         <object_component_ref idref="oc-4ae"/>
      </symbol>
      <symbol id="sm-986">
         <name>close</name>
         <value>0x3b4d</value>
         <object_component_ref idref="oc-45c"/>
      </symbol>
      <symbol id="sm-996">
         <name>unlink</name>
         <value>0x41dd</value>
         <object_component_ref idref="oc-462"/>
      </symbol>
      <symbol id="sm-997">
         <name>__TI_static_base__</name>
         <value>0x0</value>
      </symbol>
      <symbol id="sm-99a">
         <name>__mpu_init</name>
         <value>0x0</value>
      </symbol>
      <symbol id="sm-99b">
         <name>_system_post_cinit</name>
         <value>0x0</value>
      </symbol>
      <symbol id="sm-99c">
         <name>NMI_Handler</name>
         <value>0x43c9</value>
      </symbol>
      <symbol id="sm-99d">
         <name>HardFault_Handler</name>
         <value>0x43c9</value>
      </symbol>
      <symbol id="sm-99e">
         <name>MemManage_Handler</name>
         <value>0x43c9</value>
      </symbol>
      <symbol id="sm-99f">
         <name>BusFault_Handler</name>
         <value>0x43c9</value>
      </symbol>
      <symbol id="sm-9a0">
         <name>UsageFault_Handler</name>
         <value>0x43c9</value>
      </symbol>
      <symbol id="sm-9a1">
         <name>SVC_Handler</name>
         <value>0x43c9</value>
      </symbol>
      <symbol id="sm-9a2">
         <name>DebugMon_Handler</name>
         <value>0x43c9</value>
      </symbol>
      <symbol id="sm-9a3">
         <name>PendSV_Handler</name>
         <value>0x43c9</value>
      </symbol>
      <symbol id="sm-9a4">
         <name>SysTick_Handler</name>
         <value>0x43c9</value>
      </symbol>
      <symbol id="sm-9a5">
         <name>PSS_IRQHandler</name>
         <value>0x43c9</value>
      </symbol>
      <symbol id="sm-9a6">
         <name>CS_IRQHandler</name>
         <value>0x43c9</value>
      </symbol>
      <symbol id="sm-9a7">
         <name>PCM_IRQHandler</name>
         <value>0x43c9</value>
      </symbol>
      <symbol id="sm-9a8">
         <name>WDT_A_IRQHandler</name>
         <value>0x43c9</value>
      </symbol>
      <symbol id="sm-9a9">
         <name>FPU_IRQHandler</name>
         <value>0x43c9</value>
      </symbol>
      <symbol id="sm-9aa">
         <name>FLCTL_IRQHandler</name>
         <value>0x43c9</value>
      </symbol>
      <symbol id="sm-9ab">
         <name>COMP_E0_IRQHandler</name>
         <value>0x43c9</value>
      </symbol>
      <symbol id="sm-9ac">
         <name>COMP_E1_IRQHandler</name>
         <value>0x43c9</value>
      </symbol>
      <symbol id="sm-9ad">
         <name>TA0_0_IRQHandler</name>
         <value>0x31db</value>
      </symbol>
      <symbol id="sm-9ae">
         <name>TA0_N_IRQHandler</name>
         <value>0x43c9</value>
      </symbol>
      <symbol id="sm-9af">
         <name>TA1_0_IRQHandler</name>
         <value>0x43c9</value>
      </symbol>
      <symbol id="sm-9b0">
         <name>TA1_N_IRQHandler</name>
         <value>0x43c9</value>
      </symbol>
      <symbol id="sm-9b1">
         <name>TA2_0_IRQHandler</name>
         <value>0x43c9</value>
      </symbol>
      <symbol id="sm-9b2">
         <name>TA2_N_IRQHandler</name>
         <value>0x43c9</value>
      </symbol>
      <symbol id="sm-9b3">
         <name>TA3_0_IRQHandler</name>
         <value>0x43c9</value>
      </symbol>
      <symbol id="sm-9b4">
         <name>TA3_N_IRQHandler</name>
         <value>0x43c9</value>
      </symbol>
      <symbol id="sm-9b5">
         <name>EUSCIA0_IRQHandler</name>
         <value>0x2cdd</value>
      </symbol>
      <symbol id="sm-9b6">
         <name>EUSCIA1_IRQHandler</name>
         <value>0x43c9</value>
      </symbol>
      <symbol id="sm-9b7">
         <name>EUSCIA2_IRQHandler</name>
         <value>0x43c9</value>
      </symbol>
      <symbol id="sm-9b8">
         <name>EUSCIA3_IRQHandler</name>
         <value>0x43c9</value>
      </symbol>
      <symbol id="sm-9b9">
         <name>EUSCIB0_IRQHandler</name>
         <value>0x43c9</value>
      </symbol>
      <symbol id="sm-9ba">
         <name>EUSCIB1_IRQHandler</name>
         <value>0x43c9</value>
      </symbol>
      <symbol id="sm-9bb">
         <name>EUSCIB2_IRQHandler</name>
         <value>0x43c9</value>
      </symbol>
      <symbol id="sm-9bc">
         <name>EUSCIB3_IRQHandler</name>
         <value>0x43c9</value>
      </symbol>
      <symbol id="sm-9bd">
         <name>ADC14_IRQHandler</name>
         <value>0x43c9</value>
      </symbol>
      <symbol id="sm-9be">
         <name>T32_INT1_IRQHandler</name>
         <value>0x43c9</value>
      </symbol>
      <symbol id="sm-9bf">
         <name>T32_INT2_IRQHandler</name>
         <value>0x43c9</value>
      </symbol>
      <symbol id="sm-9c0">
         <name>T32_INTC_IRQHandler</name>
         <value>0x43c9</value>
      </symbol>
      <symbol id="sm-9c1">
         <name>AES256_IRQHandler</name>
         <value>0x43c9</value>
      </symbol>
      <symbol id="sm-9c2">
         <name>RTC_C_IRQHandler</name>
         <value>0x43c9</value>
      </symbol>
      <symbol id="sm-9c3">
         <name>DMA_ERR_IRQHandler</name>
         <value>0x43c9</value>
      </symbol>
      <symbol id="sm-9c4">
         <name>DMA_INT3_IRQHandler</name>
         <value>0x43c9</value>
      </symbol>
      <symbol id="sm-9c5">
         <name>DMA_INT2_IRQHandler</name>
         <value>0x43c9</value>
      </symbol>
      <symbol id="sm-9c6">
         <name>DMA_INT1_IRQHandler</name>
         <value>0x43c9</value>
      </symbol>
      <symbol id="sm-9c7">
         <name>DMA_INT0_IRQHandler</name>
         <value>0x43c9</value>
      </symbol>
      <symbol id="sm-9c8">
         <name>PORT1_IRQHandler</name>
         <value>0x21c1</value>
      </symbol>
      <symbol id="sm-9c9">
         <name>PORT2_IRQHandler</name>
         <value>0x43c9</value>
      </symbol>
      <symbol id="sm-9ca">
         <name>PORT3_IRQHandler</name>
         <value>0x43c9</value>
      </symbol>
      <symbol id="sm-9cb">
         <name>PORT4_IRQHandler</name>
         <value>0x43c9</value>
      </symbol>
      <symbol id="sm-9cc">
         <name>PORT5_IRQHandler</name>
         <value>0x43c9</value>
      </symbol>
      <symbol id="sm-9cd">
         <name>PORT6_IRQHandler</name>
         <value>0x43c9</value>
      </symbol>
      <symbol id="sm-9ce">
         <name>remove</name>
         <value>0x41dd</value>
      </symbol>
   </symbol_table>
   <title>Link successful</title>
</link_info>
