<?xml version="1.0" encoding="ISO-8859-1" ?>
<link_info>
   <banner>TI ARM Linker PC v20.2.4.LTS</banner>
   <copyright>Copyright (c) 1996-2018 Texas Instruments Incorporated</copyright>
   <link_time>0x6084edec</link_time>
   <link_errors>0x0</link_errors>
   <output_file>ESD_Project.out</output_file>
   <entry_point>
      <name>_c_int00_noargs</name>
      <address>0x4485</address>
   </entry_point>
   <input_file_list>
      <input_file id="fl-2">
         <path>.\</path>
         <kind>object</kind>
         <file>am2320_i2c.obj</file>
         <name>am2320_i2c.obj</name>
      </input_file>
      <input_file id="fl-3">
         <path>.\</path>
         <kind>object</kind>
         <file>cbfifo.obj</file>
         <name>cbfifo.obj</name>
      </input_file>
      <input_file id="fl-4">
         <path>.\</path>
         <kind>object</kind>
         <file>gpio.obj</file>
         <name>gpio.obj</name>
      </input_file>
      <input_file id="fl-5">
         <path>.\</path>
         <kind>object</kind>
         <file>i2c_bitbang.obj</file>
         <name>i2c_bitbang.obj</name>
      </input_file>
      <input_file id="fl-6">
         <path>.\</path>
         <kind>object</kind>
         <file>lcd_spi.obj</file>
         <name>lcd_spi.obj</name>
      </input_file>
      <input_file id="fl-7">
         <path>.\</path>
         <kind>object</kind>
         <file>main.obj</file>
         <name>main.obj</name>
      </input_file>
      <input_file id="fl-8">
         <path>.\</path>
         <kind>object</kind>
         <file>rtc.obj</file>
         <name>rtc.obj</name>
      </input_file>
      <input_file id="fl-9">
         <path>.\</path>
         <kind>object</kind>
         <file>si7021_i2c.obj</file>
         <name>si7021_i2c.obj</name>
      </input_file>
      <input_file id="fl-a">
         <path>.\</path>
         <kind>object</kind>
         <file>startup_msp432p401r_ccs.obj</file>
         <name>startup_msp432p401r_ccs.obj</name>
      </input_file>
      <input_file id="fl-b">
         <path>.\</path>
         <kind>object</kind>
         <file>switch.obj</file>
         <name>switch.obj</name>
      </input_file>
      <input_file id="fl-c">
         <path>.\</path>
         <kind>object</kind>
         <file>system_msp432p401r.obj</file>
         <name>system_msp432p401r.obj</name>
      </input_file>
      <input_file id="fl-d">
         <path>.\</path>
         <kind>object</kind>
         <file>systimer.obj</file>
         <name>systimer.obj</name>
      </input_file>
      <input_file id="fl-e">
         <path>.\</path>
         <kind>object</kind>
         <file>uart.obj</file>
         <name>uart.obj</name>
      </input_file>
      <input_file id="fl-12">
         <kind>object</kind>
         <file>&lt;internal&gt;</file>
         <name>&lt;internal&gt;</name>
      </input_file>
      <input_file id="fl-c8">
         <path>C:\ti\ccs1020\ccs\tools\compiler\ti-cgt-arm_20.2.4.LTS\lib\</path>
         <kind>archive</kind>
         <file>rtsv7M4_T_le_v4SPD16_eabi.lib</file>
         <name>printf.c.obj</name>
      </input_file>
      <input_file id="fl-c9">
         <path>C:\ti\ccs1020\ccs\tools\compiler\ti-cgt-arm_20.2.4.LTS\lib\</path>
         <kind>archive</kind>
         <file>rtsv7M4_T_le_v4SPD16_eabi.lib</file>
         <name>_printfi.c.obj</name>
      </input_file>
      <input_file id="fl-ca">
         <path>C:\ti\ccs1020\ccs\tools\compiler\ti-cgt-arm_20.2.4.LTS\lib\</path>
         <kind>archive</kind>
         <file>rtsv7M4_T_le_v4SPD16_eabi.lib</file>
         <name>sprintf.c.obj</name>
      </input_file>
      <input_file id="fl-cb">
         <path>C:\ti\ccs1020\ccs\tools\compiler\ti-cgt-arm_20.2.4.LTS\lib\</path>
         <kind>archive</kind>
         <file>rtsv7M4_T_le_v4SPD16_eabi.lib</file>
         <name>fputc.c.obj</name>
      </input_file>
      <input_file id="fl-cc">
         <path>C:\ti\ccs1020\ccs\tools\compiler\ti-cgt-arm_20.2.4.LTS\lib\</path>
         <kind>archive</kind>
         <file>rtsv7M4_T_le_v4SPD16_eabi.lib</file>
         <name>fputs.c.obj</name>
      </input_file>
      <input_file id="fl-cd">
         <path>C:\ti\ccs1020\ccs\tools\compiler\ti-cgt-arm_20.2.4.LTS\lib\</path>
         <kind>archive</kind>
         <file>rtsv7M4_T_le_v4SPD16_eabi.lib</file>
         <name>_io_perm.c.obj</name>
      </input_file>
      <input_file id="fl-ce">
         <path>C:\ti\ccs1020\ccs\tools\compiler\ti-cgt-arm_20.2.4.LTS\lib\</path>
         <kind>archive</kind>
         <file>rtsv7M4_T_le_v4SPD16_eabi.lib</file>
         <name>setvbuf.c.obj</name>
      </input_file>
      <input_file id="fl-cf">
         <path>C:\ti\ccs1020\ccs\tools\compiler\ti-cgt-arm_20.2.4.LTS\lib\</path>
         <kind>archive</kind>
         <file>rtsv7M4_T_le_v4SPD16_eabi.lib</file>
         <name>s_frexp.c.obj</name>
      </input_file>
      <input_file id="fl-d0">
         <path>C:\ti\ccs1020\ccs\tools\compiler\ti-cgt-arm_20.2.4.LTS\lib\</path>
         <kind>archive</kind>
         <file>rtsv7M4_T_le_v4SPD16_eabi.lib</file>
         <name>s_scalbn.c.obj</name>
      </input_file>
      <input_file id="fl-d1">
         <path>C:\ti\ccs1020\ccs\tools\compiler\ti-cgt-arm_20.2.4.LTS\lib\</path>
         <kind>archive</kind>
         <file>rtsv7M4_T_le_v4SPD16_eabi.lib</file>
         <name>s_copysign.c.obj</name>
      </input_file>
      <input_file id="fl-d2">
         <path>C:\ti\ccs1020\ccs\tools\compiler\ti-cgt-arm_20.2.4.LTS\lib\</path>
         <kind>archive</kind>
         <file>rtsv7M4_T_le_v4SPD16_eabi.lib</file>
         <name>ull_div_t2.asm.obj</name>
      </input_file>
      <input_file id="fl-d3">
         <path>C:\ti\ccs1020\ccs\tools\compiler\ti-cgt-arm_20.2.4.LTS\lib\</path>
         <kind>archive</kind>
         <file>rtsv7M4_T_le_v4SPD16_eabi.lib</file>
         <name>memset_t2.asm.obj</name>
      </input_file>
      <input_file id="fl-d4">
         <path>C:\ti\ccs1020\ccs\tools\compiler\ti-cgt-arm_20.2.4.LTS\lib\</path>
         <kind>archive</kind>
         <file>rtsv7M4_T_le_v4SPD16_eabi.lib</file>
         <name>fd_add_t2.asm.obj</name>
      </input_file>
      <input_file id="fl-d5">
         <path>C:\ti\ccs1020\ccs\tools\compiler\ti-cgt-arm_20.2.4.LTS\lib\</path>
         <kind>archive</kind>
         <file>rtsv7M4_T_le_v4SPD16_eabi.lib</file>
         <name>fd_cmp_t2.asm.obj</name>
      </input_file>
      <input_file id="fl-d6">
         <path>C:\ti\ccs1020\ccs\tools\compiler\ti-cgt-arm_20.2.4.LTS\lib\</path>
         <kind>archive</kind>
         <file>rtsv7M4_T_le_v4SPD16_eabi.lib</file>
         <name>fd_div_t2.asm.obj</name>
      </input_file>
      <input_file id="fl-d7">
         <path>C:\ti\ccs1020\ccs\tools\compiler\ti-cgt-arm_20.2.4.LTS\lib\</path>
         <kind>archive</kind>
         <file>rtsv7M4_T_le_v4SPD16_eabi.lib</file>
         <name>fd_mul_t2.asm.obj</name>
      </input_file>
      <input_file id="fl-d8">
         <path>C:\ti\ccs1020\ccs\tools\compiler\ti-cgt-arm_20.2.4.LTS\lib\</path>
         <kind>archive</kind>
         <file>rtsv7M4_T_le_v4SPD16_eabi.lib</file>
         <name>fd_toi_t2.asm.obj</name>
      </input_file>
      <input_file id="fl-d9">
         <path>C:\ti\ccs1020\ccs\tools\compiler\ti-cgt-arm_20.2.4.LTS\lib\</path>
         <kind>archive</kind>
         <file>rtsv7M4_T_le_v4SPD16_eabi.lib</file>
         <name>fd_tos_t2.asm.obj</name>
      </input_file>
      <input_file id="fl-da">
         <path>C:\ti\ccs1020\ccs\tools\compiler\ti-cgt-arm_20.2.4.LTS\lib\</path>
         <kind>archive</kind>
         <file>rtsv7M4_T_le_v4SPD16_eabi.lib</file>
         <name>fs_tod_t2.asm.obj</name>
      </input_file>
      <input_file id="fl-db">
         <path>C:\ti\ccs1020\ccs\tools\compiler\ti-cgt-arm_20.2.4.LTS\lib\</path>
         <kind>archive</kind>
         <file>rtsv7M4_T_le_v4SPD16_eabi.lib</file>
         <name>i_tofd_t2.asm.obj</name>
      </input_file>
      <input_file id="fl-dc">
         <path>C:\ti\ccs1020\ccs\tools\compiler\ti-cgt-arm_20.2.4.LTS\lib\</path>
         <kind>archive</kind>
         <file>rtsv7M4_T_le_v4SPD16_eabi.lib</file>
         <name>memcpy_t2.asm.obj</name>
      </input_file>
      <input_file id="fl-dd">
         <path>C:\ti\ccs1020\ccs\tools\compiler\ti-cgt-arm_20.2.4.LTS\lib\</path>
         <kind>archive</kind>
         <file>rtsv7M4_T_le_v4SPD16_eabi.lib</file>
         <name>copy_zero_init.c.obj</name>
      </input_file>
      <input_file id="fl-de">
         <path>C:\ti\ccs1020\ccs\tools\compiler\ti-cgt-arm_20.2.4.LTS\lib\</path>
         <kind>archive</kind>
         <file>rtsv7M4_T_le_v4SPD16_eabi.lib</file>
         <name>copy_decompress_none.c.obj</name>
      </input_file>
      <input_file id="fl-df">
         <path>C:\ti\ccs1020\ccs\tools\compiler\ti-cgt-arm_20.2.4.LTS\lib\</path>
         <kind>archive</kind>
         <file>rtsv7M4_T_le_v4SPD16_eabi.lib</file>
         <name>copy_decompress_lzss.c.obj</name>
      </input_file>
      <input_file id="fl-e0">
         <path>C:\ti\ccs1020\ccs\tools\compiler\ti-cgt-arm_20.2.4.LTS\lib\</path>
         <kind>archive</kind>
         <file>rtsv7M4_T_le_v4SPD16_eabi.lib</file>
         <name>exit.c.obj</name>
      </input_file>
      <input_file id="fl-e1">
         <path>C:\ti\ccs1020\ccs\tools\compiler\ti-cgt-arm_20.2.4.LTS\lib\</path>
         <kind>archive</kind>
         <file>rtsv7M4_T_le_v4SPD16_eabi.lib</file>
         <name>_lock.c.obj</name>
      </input_file>
      <input_file id="fl-e2">
         <path>C:\ti\ccs1020\ccs\tools\compiler\ti-cgt-arm_20.2.4.LTS\lib\</path>
         <kind>archive</kind>
         <file>rtsv7M4_T_le_v4SPD16_eabi.lib</file>
         <name>_ltoa.c.obj</name>
      </input_file>
      <input_file id="fl-e3">
         <path>C:\ti\ccs1020\ccs\tools\compiler\ti-cgt-arm_20.2.4.LTS\lib\</path>
         <kind>archive</kind>
         <file>rtsv7M4_T_le_v4SPD16_eabi.lib</file>
         <name>atoi.c.obj</name>
      </input_file>
      <input_file id="fl-e4">
         <path>C:\ti\ccs1020\ccs\tools\compiler\ti-cgt-arm_20.2.4.LTS\lib\</path>
         <kind>archive</kind>
         <file>rtsv7M4_T_le_v4SPD16_eabi.lib</file>
         <name>ctype.c.obj</name>
      </input_file>
      <input_file id="fl-e5">
         <path>C:\ti\ccs1020\ccs\tools\compiler\ti-cgt-arm_20.2.4.LTS\lib\</path>
         <kind>archive</kind>
         <file>rtsv7M4_T_le_v4SPD16_eabi.lib</file>
         <name>defs.c.obj</name>
      </input_file>
      <input_file id="fl-e6">
         <path>C:\ti\ccs1020\ccs\tools\compiler\ti-cgt-arm_20.2.4.LTS\lib\</path>
         <kind>archive</kind>
         <file>rtsv7M4_T_le_v4SPD16_eabi.lib</file>
         <name>memccpy.c.obj</name>
      </input_file>
      <input_file id="fl-e7">
         <path>C:\ti\ccs1020\ccs\tools\compiler\ti-cgt-arm_20.2.4.LTS\lib\</path>
         <kind>archive</kind>
         <file>rtsv7M4_T_le_v4SPD16_eabi.lib</file>
         <name>memchr.c.obj</name>
      </input_file>
      <input_file id="fl-e8">
         <path>C:\ti\ccs1020\ccs\tools\compiler\ti-cgt-arm_20.2.4.LTS\lib\</path>
         <kind>archive</kind>
         <file>rtsv7M4_T_le_v4SPD16_eabi.lib</file>
         <name>memory.c.obj</name>
      </input_file>
      <input_file id="fl-e9">
         <path>C:\ti\ccs1020\ccs\tools\compiler\ti-cgt-arm_20.2.4.LTS\lib\</path>
         <kind>archive</kind>
         <file>rtsv7M4_T_le_v4SPD16_eabi.lib</file>
         <name>strchr.c.obj</name>
      </input_file>
      <input_file id="fl-ea">
         <path>C:\ti\ccs1020\ccs\tools\compiler\ti-cgt-arm_20.2.4.LTS\lib\</path>
         <kind>archive</kind>
         <file>rtsv7M4_T_le_v4SPD16_eabi.lib</file>
         <name>strcpy.c.obj</name>
      </input_file>
      <input_file id="fl-eb">
         <path>C:\ti\ccs1020\ccs\tools\compiler\ti-cgt-arm_20.2.4.LTS\lib\</path>
         <kind>archive</kind>
         <file>rtsv7M4_T_le_v4SPD16_eabi.lib</file>
         <name>strlen.c.obj</name>
      </input_file>
      <input_file id="fl-ec">
         <path>C:\ti\ccs1020\ccs\tools\compiler\ti-cgt-arm_20.2.4.LTS\lib\</path>
         <kind>archive</kind>
         <file>rtsv7M4_T_le_v4SPD16_eabi.lib</file>
         <name>strncat.c.obj</name>
      </input_file>
      <input_file id="fl-ed">
         <path>C:\ti\ccs1020\ccs\tools\compiler\ti-cgt-arm_20.2.4.LTS\lib\</path>
         <kind>archive</kind>
         <file>rtsv7M4_T_le_v4SPD16_eabi.lib</file>
         <name>errno.c.obj</name>
      </input_file>
      <input_file id="fl-ee">
         <path>C:\ti\ccs1020\ccs\tools\compiler\ti-cgt-arm_20.2.4.LTS\lib\</path>
         <kind>archive</kind>
         <file>rtsv7M4_T_le_v4SPD16_eabi.lib</file>
         <name>boot_cortex_m.c.obj</name>
      </input_file>
      <input_file id="fl-ef">
         <path>C:\ti\ccs1020\ccs\tools\compiler\ti-cgt-arm_20.2.4.LTS\lib\</path>
         <kind>archive</kind>
         <file>rtsv7M4_T_le_v4SPD16_eabi.lib</file>
         <name>write.c.obj</name>
      </input_file>
      <input_file id="fl-f0">
         <path>C:\ti\ccs1020\ccs\tools\compiler\ti-cgt-arm_20.2.4.LTS\lib\</path>
         <kind>archive</kind>
         <file>rtsv7M4_T_le_v4SPD16_eabi.lib</file>
         <name>host_device.c.obj</name>
      </input_file>
      <input_file id="fl-f1">
         <path>C:\ti\ccs1020\ccs\tools\compiler\ti-cgt-arm_20.2.4.LTS\lib\</path>
         <kind>archive</kind>
         <file>rtsv7M4_T_le_v4SPD16_eabi.lib</file>
         <name>wcslen.c.obj</name>
      </input_file>
      <input_file id="fl-f2">
         <path>C:\ti\ccs1020\ccs\tools\compiler\ti-cgt-arm_20.2.4.LTS\lib\</path>
         <kind>archive</kind>
         <file>rtsv7M4_T_le_v4SPD16_eabi.lib</file>
         <name>fflush.c.obj</name>
      </input_file>
      <input_file id="fl-f3">
         <path>C:\ti\ccs1020\ccs\tools\compiler\ti-cgt-arm_20.2.4.LTS\lib\</path>
         <kind>archive</kind>
         <file>rtsv7M4_T_le_v4SPD16_eabi.lib</file>
         <name>fopen.c.obj</name>
      </input_file>
      <input_file id="fl-f4">
         <path>C:\ti\ccs1020\ccs\tools\compiler\ti-cgt-arm_20.2.4.LTS\lib\</path>
         <kind>archive</kind>
         <file>rtsv7M4_T_le_v4SPD16_eabi.lib</file>
         <name>fseek.c.obj</name>
      </input_file>
      <input_file id="fl-f5">
         <path>C:\ti\ccs1020\ccs\tools\compiler\ti-cgt-arm_20.2.4.LTS\lib\</path>
         <kind>archive</kind>
         <file>rtsv7M4_T_le_v4SPD16_eabi.lib</file>
         <name>div0.asm.obj</name>
      </input_file>
      <input_file id="fl-f6">
         <path>C:\ti\ccs1020\ccs\tools\compiler\ti-cgt-arm_20.2.4.LTS\lib\</path>
         <kind>archive</kind>
         <file>rtsv7M4_T_le_v4SPD16_eabi.lib</file>
         <name>autoinit.c.obj</name>
      </input_file>
      <input_file id="fl-f7">
         <path>C:\ti\ccs1020\ccs\tools\compiler\ti-cgt-arm_20.2.4.LTS\lib\</path>
         <kind>archive</kind>
         <file>rtsv7M4_T_le_v4SPD16_eabi.lib</file>
         <name>pre_init.c.obj</name>
      </input_file>
      <input_file id="fl-f8">
         <path>C:\ti\ccs1020\ccs\tools\compiler\ti-cgt-arm_20.2.4.LTS\lib\</path>
         <kind>archive</kind>
         <file>rtsv7M4_T_le_v4SPD16_eabi.lib</file>
         <name>cpy_tbl.c.obj</name>
      </input_file>
      <input_file id="fl-f9">
         <path>C:\ti\ccs1020\ccs\tools\compiler\ti-cgt-arm_20.2.4.LTS\lib\</path>
         <kind>archive</kind>
         <file>rtsv7M4_T_le_v4SPD16_eabi.lib</file>
         <name>args_main.c.obj</name>
      </input_file>
      <input_file id="fl-fa">
         <path>C:\ti\ccs1020\ccs\tools\compiler\ti-cgt-arm_20.2.4.LTS\lib\</path>
         <kind>archive</kind>
         <file>rtsv7M4_T_le_v4SPD16_eabi.lib</file>
         <name>hostclose.c.obj</name>
      </input_file>
      <input_file id="fl-fb">
         <path>C:\ti\ccs1020\ccs\tools\compiler\ti-cgt-arm_20.2.4.LTS\lib\</path>
         <kind>archive</kind>
         <file>rtsv7M4_T_le_v4SPD16_eabi.lib</file>
         <name>hostlseek.c.obj</name>
      </input_file>
      <input_file id="fl-fc">
         <path>C:\ti\ccs1020\ccs\tools\compiler\ti-cgt-arm_20.2.4.LTS\lib\</path>
         <kind>archive</kind>
         <file>rtsv7M4_T_le_v4SPD16_eabi.lib</file>
         <name>hostopen.c.obj</name>
      </input_file>
      <input_file id="fl-fd">
         <path>C:\ti\ccs1020\ccs\tools\compiler\ti-cgt-arm_20.2.4.LTS\lib\</path>
         <kind>archive</kind>
         <file>rtsv7M4_T_le_v4SPD16_eabi.lib</file>
         <name>hostread.c.obj</name>
      </input_file>
      <input_file id="fl-fe">
         <path>C:\ti\ccs1020\ccs\tools\compiler\ti-cgt-arm_20.2.4.LTS\lib\</path>
         <kind>archive</kind>
         <file>rtsv7M4_T_le_v4SPD16_eabi.lib</file>
         <name>hostrename.c.obj</name>
      </input_file>
      <input_file id="fl-ff">
         <path>C:\ti\ccs1020\ccs\tools\compiler\ti-cgt-arm_20.2.4.LTS\lib\</path>
         <kind>archive</kind>
         <file>rtsv7M4_T_le_v4SPD16_eabi.lib</file>
         <name>hostunlink.c.obj</name>
      </input_file>
      <input_file id="fl-100">
         <path>C:\ti\ccs1020\ccs\tools\compiler\ti-cgt-arm_20.2.4.LTS\lib\</path>
         <kind>archive</kind>
         <file>rtsv7M4_T_le_v4SPD16_eabi.lib</file>
         <name>hostwrite.c.obj</name>
      </input_file>
      <input_file id="fl-101">
         <path>C:\ti\ccs1020\ccs\tools\compiler\ti-cgt-arm_20.2.4.LTS\lib\</path>
         <kind>archive</kind>
         <file>rtsv7M4_T_le_v4SPD16_eabi.lib</file>
         <name>trgmsg.c.obj</name>
      </input_file>
      <input_file id="fl-102">
         <path>C:\ti\ccs1020\ccs\tools\compiler\ti-cgt-arm_20.2.4.LTS\lib\</path>
         <kind>archive</kind>
         <file>rtsv7M4_T_le_v4SPD16_eabi.lib</file>
         <name>open.c.obj</name>
      </input_file>
      <input_file id="fl-103">
         <path>C:\ti\ccs1020\ccs\tools\compiler\ti-cgt-arm_20.2.4.LTS\lib\</path>
         <kind>archive</kind>
         <file>rtsv7M4_T_le_v4SPD16_eabi.lib</file>
         <name>lseek.c.obj</name>
      </input_file>
      <input_file id="fl-104">
         <path>C:\ti\ccs1020\ccs\tools\compiler\ti-cgt-arm_20.2.4.LTS\lib\</path>
         <kind>archive</kind>
         <file>rtsv7M4_T_le_v4SPD16_eabi.lib</file>
         <name>fclose.c.obj</name>
      </input_file>
      <input_file id="fl-105">
         <path>C:\ti\ccs1020\ccs\tools\compiler\ti-cgt-arm_20.2.4.LTS\lib\</path>
         <kind>archive</kind>
         <file>rtsv7M4_T_le_v4SPD16_eabi.lib</file>
         <name>getdevice.c.obj</name>
      </input_file>
      <input_file id="fl-106">
         <path>C:\ti\ccs1020\ccs\tools\compiler\ti-cgt-arm_20.2.4.LTS\lib\</path>
         <kind>archive</kind>
         <file>rtsv7M4_T_le_v4SPD16_eabi.lib</file>
         <name>strcmp.c.obj</name>
      </input_file>
      <input_file id="fl-107">
         <path>C:\ti\ccs1020\ccs\tools\compiler\ti-cgt-arm_20.2.4.LTS\lib\</path>
         <kind>archive</kind>
         <file>rtsv7M4_T_le_v4SPD16_eabi.lib</file>
         <name>strncpy.c.obj</name>
      </input_file>
      <input_file id="fl-108">
         <path>C:\ti\ccs1020\ccs\tools\compiler\ti-cgt-arm_20.2.4.LTS\lib\</path>
         <kind>archive</kind>
         <file>rtsv7M4_T_le_v4SPD16_eabi.lib</file>
         <name>remove.c.obj</name>
      </input_file>
      <input_file id="fl-109">
         <path>C:\ti\ccs1020\ccs\tools\compiler\ti-cgt-arm_20.2.4.LTS\lib\</path>
         <kind>archive</kind>
         <file>rtsv7M4_T_le_v4SPD16_eabi.lib</file>
         <name>close.c.obj</name>
      </input_file>
      <input_file id="fl-10a">
         <path>C:\ti\ccs1020\ccs\tools\compiler\ti-cgt-arm_20.2.4.LTS\lib\</path>
         <kind>archive</kind>
         <file>rtsv7M4_T_le_v4SPD16_eabi.lib</file>
         <name>unlink.c.obj</name>
      </input_file>
   </input_file_list>
   <object_component_list>
      <object_component id="oc-26">
         <name>.intvecs:retain</name>
         <load_address>0x0</load_address>
         <run_address>0x0</run_address>
         <size>0xe4</size>
         <input_file_ref idref="fl-a"/>
      </object_component>
      <object_component id="oc-1dd">
         <name>.text:__TI_printfi</name>
         <load_address>0xe4</load_address>
         <run_address>0xe4</run_address>
         <size>0xa4e</size>
         <input_file_ref idref="fl-c9"/>
      </object_component>
      <object_component id="oc-29a">
         <name>.text:_nop</name>
         <load_address>0xb32</load_address>
         <run_address>0xb32</run_address>
         <size>0x2</size>
         <input_file_ref idref="fl-e1"/>
      </object_component>
      <object_component id="oc-c9">
         <name>.text</name>
         <load_address>0xb34</load_address>
         <run_address>0xb34</run_address>
         <size>0x3f0</size>
         <input_file_ref idref="fl-3"/>
      </object_component>
      <object_component id="oc-ac">
         <name>.text</name>
         <load_address>0xf24</load_address>
         <run_address>0xf24</run_address>
         <size>0x350</size>
         <input_file_ref idref="fl-7"/>
      </object_component>
      <object_component id="oc-13c">
         <name>.text</name>
         <load_address>0x1274</load_address>
         <run_address>0x1274</run_address>
         <size>0x338</size>
         <input_file_ref idref="fl-2"/>
      </object_component>
      <object_component id="oc-be">
         <name>.text</name>
         <load_address>0x15ac</load_address>
         <run_address>0x15ac</run_address>
         <size>0x334</size>
         <input_file_ref idref="fl-c"/>
      </object_component>
      <object_component id="oc-101">
         <name>.text</name>
         <load_address>0x18e0</load_address>
         <run_address>0x18e0</run_address>
         <size>0x330</size>
         <input_file_ref idref="fl-9"/>
      </object_component>
      <object_component id="oc-136">
         <name>.text</name>
         <load_address>0x1c10</load_address>
         <run_address>0x1c10</run_address>
         <size>0x2f8</size>
         <input_file_ref idref="fl-5"/>
      </object_component>
      <object_component id="oc-26a">
         <name>.text:_pconv_a</name>
         <load_address>0x1f08</load_address>
         <run_address>0x1f08</run_address>
         <size>0x270</size>
         <input_file_ref idref="fl-c9"/>
      </object_component>
      <object_component id="oc-12a">
         <name>.text</name>
         <load_address>0x2178</load_address>
         <run_address>0x2178</run_address>
         <size>0x25c</size>
         <input_file_ref idref="fl-6"/>
      </object_component>
      <object_component id="oc-7c">
         <name>.text</name>
         <load_address>0x23d4</load_address>
         <run_address>0x23d4</run_address>
         <size>0x1d4</size>
         <input_file_ref idref="fl-b"/>
      </object_component>
      <object_component id="oc-258">
         <name>.text:_pconv_g</name>
         <load_address>0x25a8</load_address>
         <run_address>0x25a8</run_address>
         <size>0x1d0</size>
         <input_file_ref idref="fl-c9"/>
      </object_component>
      <object_component id="oc-1cf">
         <name>.text</name>
         <load_address>0x2778</load_address>
         <run_address>0x2778</run_address>
         <size>0x1b6</size>
         <input_file_ref idref="fl-d4"/>
      </object_component>
      <object_component id="oc-371">
         <name>.text</name>
         <load_address>0x292e</load_address>
         <run_address>0x292e</run_address>
         <size>0x2</size>
         <input_file_ref idref="fl-f5"/>
      </object_component>
      <object_component id="oc-264">
         <name>.text:_pconv_e</name>
         <load_address>0x2930</load_address>
         <run_address>0x2930</run_address>
         <size>0x13c</size>
         <input_file_ref idref="fl-c9"/>
      </object_component>
      <object_component id="oc-147">
         <name>.text</name>
         <load_address>0x2a6c</load_address>
         <run_address>0x2a6c</run_address>
         <size>0x136</size>
         <input_file_ref idref="fl-d6"/>
      </object_component>
      <object_component id="oc-2ff">
         <name>.text:fcvt</name>
         <load_address>0x2ba4</load_address>
         <run_address>0x2ba4</run_address>
         <size>0x124</size>
         <input_file_ref idref="fl-c9"/>
      </object_component>
      <object_component id="oc-107">
         <name>.text</name>
         <load_address>0x2cc8</load_address>
         <run_address>0x2cc8</run_address>
         <size>0x120</size>
         <input_file_ref idref="fl-8"/>
      </object_component>
      <object_component id="oc-2a8">
         <name>.text:fputs</name>
         <load_address>0x2de8</load_address>
         <run_address>0x2de8</run_address>
         <size>0x114</size>
         <input_file_ref idref="fl-cc"/>
      </object_component>
      <object_component id="oc-313">
         <name>.text:scalbn</name>
         <load_address>0x2efc</load_address>
         <run_address>0x2efc</run_address>
         <size>0x110</size>
         <input_file_ref idref="fl-d0"/>
      </object_component>
      <object_component id="oc-76">
         <name>.text</name>
         <load_address>0x300c</load_address>
         <run_address>0x300c</run_address>
         <size>0x108</size>
         <input_file_ref idref="fl-e"/>
      </object_component>
      <object_component id="oc-418">
         <name>.text:aligned_alloc</name>
         <load_address>0x3114</load_address>
         <run_address>0x3114</run_address>
         <size>0x100</size>
         <input_file_ref idref="fl-e8"/>
      </object_component>
      <object_component id="oc-1ca">
         <name>.text</name>
         <load_address>0x3214</load_address>
         <run_address>0x3214</run_address>
         <size>0xfc</size>
         <input_file_ref idref="fl-d7"/>
      </object_component>
      <object_component id="oc-3d6">
         <name>.text:free</name>
         <load_address>0x3310</load_address>
         <run_address>0x3310</run_address>
         <size>0xe4</size>
         <input_file_ref idref="fl-e8"/>
      </object_component>
      <object_component id="oc-3a8">
         <name>.text:setvbuf</name>
         <load_address>0x33f4</load_address>
         <run_address>0x33f4</run_address>
         <size>0xdc</size>
         <input_file_ref idref="fl-ce"/>
      </object_component>
      <object_component id="oc-70">
         <name>.text</name>
         <load_address>0x34d0</load_address>
         <run_address>0x34d0</run_address>
         <size>0xc0</size>
         <input_file_ref idref="fl-d"/>
      </object_component>
      <object_component id="oc-24d">
         <name>.text:_ltostr</name>
         <load_address>0x3590</load_address>
         <run_address>0x3590</run_address>
         <size>0xb1</size>
         <input_file_ref idref="fl-c9"/>
      </object_component>
      <object_component id="oc-3a">
         <name>.text</name>
         <load_address>0x3642</load_address>
         <run_address>0x3642</run_address>
         <size>0x9c</size>
         <input_file_ref idref="fl-dc"/>
      </object_component>
      <object_component id="oc-2db">
         <name>.text</name>
         <load_address>0x36de</load_address>
         <run_address>0x36de</run_address>
         <size>0x96</size>
         <input_file_ref idref="fl-d2"/>
      </object_component>
      <object_component id="oc-2af">
         <name>.text:fputc</name>
         <load_address>0x3774</load_address>
         <run_address>0x3774</run_address>
         <size>0x8c</size>
         <input_file_ref idref="fl-cb"/>
      </object_component>
      <object_component id="oc-253">
         <name>.text:__aeabi_cdcmple</name>
         <load_address>0x3800</load_address>
         <run_address>0x3800</run_address>
         <size>0x86</size>
         <input_file_ref idref="fl-d5"/>
      </object_component>
      <object_component id="oc-2e2">
         <name>.text:__aeabi_cdrcmple</name>
         <load_address>0x3886</load_address>
         <run_address>0x3886</run_address>
         <size>0x86</size>
         <input_file_ref idref="fl-d5"/>
      </object_component>
      <object_component id="oc-a0">
         <name>.text</name>
         <load_address>0x390c</load_address>
         <run_address>0x390c</run_address>
         <size>0x7a</size>
         <input_file_ref idref="fl-d3"/>
      </object_component>
      <object_component id="oc-41f">
         <name>.text:__TI_closefile</name>
         <load_address>0x3988</load_address>
         <run_address>0x3988</run_address>
         <size>0x74</size>
         <input_file_ref idref="fl-104"/>
      </object_component>
      <object_component id="oc-460">
         <name>.text:split</name>
         <load_address>0x39fc</load_address>
         <run_address>0x39fc</run_address>
         <size>0x70</size>
         <input_file_ref idref="fl-e8"/>
      </object_component>
      <object_component id="oc-2f8">
         <name>.text:_mcpy</name>
         <load_address>0x3a6c</load_address>
         <run_address>0x3a6c</run_address>
         <size>0x6e</size>
         <input_file_ref idref="fl-c9"/>
      </object_component>
      <object_component id="oc-14c">
         <name>.text</name>
         <load_address>0x3ada</load_address>
         <run_address>0x3ada</run_address>
         <size>0x6e</size>
         <input_file_ref idref="fl-d9"/>
      </object_component>
      <object_component id="oc-44f">
         <name>.text:HOSTrename</name>
         <load_address>0x3b48</load_address>
         <run_address>0x3b48</run_address>
         <size>0x6c</size>
         <input_file_ref idref="fl-fe"/>
      </object_component>
      <object_component id="oc-443">
         <name>.text:HOSTlseek</name>
         <load_address>0x3bb4</load_address>
         <run_address>0x3bb4</run_address>
         <size>0x68</size>
         <input_file_ref idref="fl-fb"/>
      </object_component>
      <object_component id="oc-17">
         <name>.text:decompress:lzss:__TI_decompress_lzss</name>
         <load_address>0x3c1c</load_address>
         <run_address>0x3c1c</run_address>
         <size>0x68</size>
         <input_file_ref idref="fl-df"/>
      </object_component>
      <object_component id="oc-151">
         <name>.text:printf</name>
         <load_address>0x3c84</load_address>
         <run_address>0x3c84</run_address>
         <size>0x68</size>
         <input_file_ref idref="fl-c8"/>
      </object_component>
      <object_component id="oc-30d">
         <name>.text:frexp</name>
         <load_address>0x3cec</load_address>
         <run_address>0x3cec</run_address>
         <size>0x64</size>
         <input_file_ref idref="fl-cf"/>
      </object_component>
      <object_component id="oc-3a2">
         <name>.text:fseek</name>
         <load_address>0x3d50</load_address>
         <run_address>0x3d50</run_address>
         <size>0x64</size>
         <input_file_ref idref="fl-f4"/>
      </object_component>
      <object_component id="oc-344">
         <name>.text:__TI_wrt_ok</name>
         <load_address>0x3db4</load_address>
         <run_address>0x3db4</run_address>
         <size>0x62</size>
         <input_file_ref idref="fl-cd"/>
      </object_component>
      <object_component id="oc-42b">
         <name>.text:HOSTopen</name>
         <load_address>0x3e18</load_address>
         <run_address>0x3e18</run_address>
         <size>0x60</size>
         <input_file_ref idref="fl-fc"/>
      </object_component>
      <object_component id="oc-467">
         <name>.text:close</name>
         <load_address>0x3e78</load_address>
         <run_address>0x3e78</run_address>
         <size>0x5c</size>
         <input_file_ref idref="fl-109"/>
      </object_component>
      <object_component id="oc-437">
         <name>.text:HOSTread</name>
         <load_address>0x3ed4</load_address>
         <run_address>0x3ed4</run_address>
         <size>0x58</size>
         <input_file_ref idref="fl-fd"/>
      </object_component>
      <object_component id="oc-43d">
         <name>.text:HOSTwrite</name>
         <load_address>0x3f2c</load_address>
         <run_address>0x3f2c</run_address>
         <size>0x58</size>
         <input_file_ref idref="fl-100"/>
      </object_component>
      <object_component id="oc-25e">
         <name>.text:_pconv_f</name>
         <load_address>0x3f84</load_address>
         <run_address>0x3f84</run_address>
         <size>0x56</size>
         <input_file_ref idref="fl-c9"/>
      </object_component>
      <object_component id="oc-2ec">
         <name>.text:__TI_ltoa</name>
         <load_address>0x3fda</load_address>
         <run_address>0x3fda</run_address>
         <size>0x54</size>
         <input_file_ref idref="fl-e2"/>
      </object_component>
      <object_component id="oc-2f2">
         <name>.text:_ecpy</name>
         <load_address>0x402e</load_address>
         <run_address>0x402e</run_address>
         <size>0x52</size>
         <input_file_ref idref="fl-c9"/>
      </object_component>
      <object_component id="oc-350">
         <name>.text:__TI_doflush</name>
         <load_address>0x4080</load_address>
         <run_address>0x4080</run_address>
         <size>0x4c</size>
         <input_file_ref idref="fl-f2"/>
      </object_component>
      <object_component id="oc-247">
         <name>.text:atoi</name>
         <load_address>0x40cc</load_address>
         <run_address>0x40cc</run_address>
         <size>0x4c</size>
         <input_file_ref idref="fl-e3"/>
      </object_component>
      <object_component id="oc-165">
         <name>.text:exit</name>
         <load_address>0x4118</load_address>
         <run_address>0x4118</run_address>
         <size>0x48</size>
         <input_file_ref idref="fl-e0"/>
      </object_component>
      <object_component id="oc-2e7">
         <name>.text</name>
         <load_address>0x4160</load_address>
         <run_address>0x4160</run_address>
         <size>0x48</size>
         <input_file_ref idref="fl-d8"/>
      </object_component>
      <object_component id="oc-431">
         <name>.text:HOSTclose</name>
         <load_address>0x41a8</load_address>
         <run_address>0x41a8</run_address>
         <size>0x44</size>
         <input_file_ref idref="fl-fa"/>
      </object_component>
      <object_component id="oc-449">
         <name>.text:HOSTunlink</name>
         <load_address>0x41ec</load_address>
         <run_address>0x41ec</run_address>
         <size>0x44</size>
         <input_file_ref idref="fl-ff"/>
      </object_component>
      <object_component id="oc-16b">
         <name>.text:__TI_auto_init_nobinit_nopinit:__TI_auto_init_nobinit_nopinit</name>
         <load_address>0x4230</load_address>
         <run_address>0x4230</run_address>
         <size>0x44</size>
         <input_file_ref idref="fl-f6"/>
      </object_component>
      <object_component id="oc-499">
         <name>.text:getdevice</name>
         <load_address>0x4274</load_address>
         <run_address>0x4274</run_address>
         <size>0x44</size>
         <input_file_ref idref="fl-105"/>
      </object_component>
      <object_component id="oc-118">
         <name>.text:sprintf</name>
         <load_address>0x42b8</load_address>
         <run_address>0x42b8</run_address>
         <size>0x40</size>
         <input_file_ref idref="fl-ca"/>
      </object_component>
      <object_component id="oc-305">
         <name>.text:_fcpy</name>
         <load_address>0x42f8</load_address>
         <run_address>0x42f8</run_address>
         <size>0x3e</size>
         <input_file_ref idref="fl-c9"/>
      </object_component>
      <object_component id="oc-130">
         <name>.text</name>
         <load_address>0x4338</load_address>
         <run_address>0x4338</run_address>
         <size>0x3c</size>
         <input_file_ref idref="fl-4"/>
      </object_component>
      <object_component id="oc-478">
         <name>.text:__TI_writemsg</name>
         <load_address>0x4374</load_address>
         <run_address>0x4374</run_address>
         <size>0x38</size>
         <input_file_ref idref="fl-101"/>
      </object_component>
      <object_component id="oc-113">
         <name>.text</name>
         <load_address>0x43ac</load_address>
         <run_address>0x43ac</run_address>
         <size>0x38</size>
         <input_file_ref idref="fl-da"/>
      </object_component>
      <object_component id="oc-4b9">
         <name>.text:strncpy</name>
         <load_address>0x43e4</load_address>
         <run_address>0x43e4</run_address>
         <size>0x36</size>
         <input_file_ref idref="fl-107"/>
      </object_component>
      <object_component id="oc-3e2">
         <name>.text:__TI_cleanup</name>
         <load_address>0x441c</load_address>
         <run_address>0x441c</run_address>
         <size>0x34</size>
         <input_file_ref idref="fl-f3"/>
      </object_component>
      <object_component id="oc-47e">
         <name>.text:__TI_readmsg</name>
         <load_address>0x4450</load_address>
         <run_address>0x4450</run_address>
         <size>0x34</size>
         <input_file_ref idref="fl-101"/>
      </object_component>
      <object_component id="oc-58">
         <name>.text:_c_int00_noargs:_c_int00_noargs</name>
         <load_address>0x4484</load_address>
         <run_address>0x4484</run_address>
         <size>0x34</size>
         <input_file_ref idref="fl-ee"/>
      </object_component>
      <object_component id="oc-4bf">
         <name>.text:finddevice</name>
         <load_address>0x44b8</load_address>
         <run_address>0x44b8</run_address>
         <size>0x30</size>
         <input_file_ref idref="fl-105"/>
      </object_component>
      <object_component id="oc-142">
         <name>.text</name>
         <load_address>0x44e8</load_address>
         <run_address>0x44e8</run_address>
         <size>0x2e</size>
         <input_file_ref idref="fl-db"/>
      </object_component>
      <object_component id="oc-124">
         <name>.text:strncat</name>
         <load_address>0x4516</load_address>
         <run_address>0x4516</run_address>
         <size>0x2e</size>
         <input_file_ref idref="fl-ec"/>
      </object_component>
      <object_component id="oc-46d">
         <name>.text:unlink</name>
         <load_address>0x4544</load_address>
         <run_address>0x4544</run_address>
         <size>0x2c</size>
         <input_file_ref idref="fl-10a"/>
      </object_component>
      <object_component id="oc-411">
         <name>.text:free_list_insert</name>
         <load_address>0x4570</load_address>
         <run_address>0x4570</run_address>
         <size>0x28</size>
         <input_file_ref idref="fl-e8"/>
      </object_component>
      <object_component id="oc-3ce">
         <name>.text:lseek</name>
         <load_address>0x4598</load_address>
         <run_address>0x4598</run_address>
         <size>0x28</size>
         <input_file_ref idref="fl-103"/>
      </object_component>
      <object_component id="oc-356">
         <name>.text:write</name>
         <load_address>0x45c0</load_address>
         <run_address>0x45c0</run_address>
         <size>0x28</size>
         <input_file_ref idref="fl-ef"/>
      </object_component>
      <object_component id="oc-34a">
         <name>.text:memchr</name>
         <load_address>0x45e8</load_address>
         <run_address>0x45e8</run_address>
         <size>0x20</size>
         <input_file_ref idref="fl-e7"/>
      </object_component>
      <object_component id="oc-40b">
         <name>.text:free_list_remove</name>
         <load_address>0x4608</load_address>
         <run_address>0x4608</run_address>
         <size>0x1c</size>
         <input_file_ref idref="fl-e8"/>
      </object_component>
      <object_component id="oc-270">
         <name>.text:memccpy</name>
         <load_address>0x4624</load_address>
         <run_address>0x4624</run_address>
         <size>0x1c</size>
         <input_file_ref idref="fl-e6"/>
      </object_component>
      <object_component id="oc-386">
         <name>.text:copysign</name>
         <load_address>0x4640</load_address>
         <run_address>0x4640</run_address>
         <size>0x1a</size>
         <input_file_ref idref="fl-d1"/>
      </object_component>
      <object_component id="oc-1e3">
         <name>.text:_outs</name>
         <load_address>0x465a</load_address>
         <run_address>0x465a</run_address>
         <size>0x18</size>
         <input_file_ref idref="fl-ca"/>
      </object_component>
      <object_component id="oc-4d4">
         <name>.text:strcmp</name>
         <load_address>0x4672</load_address>
         <run_address>0x4672</run_address>
         <size>0x18</size>
         <input_file_ref idref="fl-106"/>
      </object_component>
      <object_component id="oc-319">
         <name>.text:strchr</name>
         <load_address>0x468a</load_address>
         <run_address>0x468a</run_address>
         <size>0x16</size>
         <input_file_ref idref="fl-e9"/>
      </object_component>
      <object_component id="oc-10d">
         <name>.text:strcpy</name>
         <load_address>0x46a0</load_address>
         <run_address>0x46a0</run_address>
         <size>0x14</size>
         <input_file_ref idref="fl-ea"/>
      </object_component>
      <object_component id="oc-11e">
         <name>.text:strlen</name>
         <load_address>0x46b4</load_address>
         <run_address>0x46b4</run_address>
         <size>0x14</size>
         <input_file_ref idref="fl-eb"/>
      </object_component>
      <object_component id="oc-276">
         <name>.text:wcslen</name>
         <load_address>0x46c8</load_address>
         <run_address>0x46c8</run_address>
         <size>0x12</size>
         <input_file_ref idref="fl-f1"/>
      </object_component>
      <object_component id="oc-1d">
         <name>.text:decompress:none:__TI_decompress_none</name>
         <load_address>0x46da</load_address>
         <run_address>0x46da</run_address>
         <size>0xe</size>
         <input_file_ref idref="fl-de"/>
      </object_component>
      <object_component id="oc-6a">
         <name>.text</name>
         <load_address>0x46e8</load_address>
         <run_address>0x46e8</run_address>
         <size>0xe</size>
         <input_file_ref idref="fl-a"/>
      </object_component>
      <object_component id="oc-4c">
         <name>.text:decompress:ZI:__TI_zero_init</name>
         <load_address>0x46f6</load_address>
         <run_address>0x46f6</run_address>
         <size>0xc</size>
         <input_file_ref idref="fl-dd"/>
      </object_component>
      <object_component id="oc-1e9">
         <name>.text:_outc</name>
         <load_address>0x4702</load_address>
         <run_address>0x4702</run_address>
         <size>0xa</size>
         <input_file_ref idref="fl-ca"/>
      </object_component>
      <object_component id="oc-27c">
         <name>.text:__aeabi_errno_addr</name>
         <load_address>0x470c</load_address>
         <run_address>0x470c</run_address>
         <size>0x8</size>
         <input_file_ref idref="fl-ed"/>
      </object_component>
      <object_component id="oc-3dc">
         <name>.text:malloc</name>
         <load_address>0x4714</load_address>
         <run_address>0x4714</run_address>
         <size>0x8</size>
         <input_file_ref idref="fl-e8"/>
      </object_component>
      <object_component id="oc-211">
         <name>.text:_outc</name>
         <load_address>0x471c</load_address>
         <run_address>0x471c</run_address>
         <size>0x4</size>
         <input_file_ref idref="fl-c8"/>
      </object_component>
      <object_component id="oc-20b">
         <name>.text:_outs</name>
         <load_address>0x4720</load_address>
         <run_address>0x4720</run_address>
         <size>0x4</size>
         <input_file_ref idref="fl-c8"/>
      </object_component>
      <object_component id="oc-a6">
         <name>.text:_system_pre_init</name>
         <load_address>0x4724</load_address>
         <run_address>0x4724</run_address>
         <size>0x4</size>
         <input_file_ref idref="fl-f7"/>
      </object_component>
      <object_component id="oc-15f">
         <name>.text:abort:abort</name>
         <load_address>0x4728</load_address>
         <run_address>0x4728</run_address>
         <size>0x4</size>
         <input_file_ref idref="fl-e0"/>
      </object_component>
      <object_component id="oc-1fa">
         <name>.const:font</name>
         <load_address>0x472c</load_address>
         <run_address>0x472c</run_address>
         <size>0x1e0</size>
         <input_file_ref idref="fl-6"/>
      </object_component>
      <object_component id="oc-2d6">
         <name>.const:.string:_ctypes_</name>
         <load_address>0x490c</load_address>
         <run_address>0x490c</run_address>
         <size>0x101</size>
         <input_file_ref idref="fl-e4"/>
      </object_component>
      <object_component id="oc-514">
         <name>.cinit..data.load</name>
         <load_address>0x4a10</load_address>
         <run_address>0x4a10</run_address>
         <size>0x70</size>
      </object_component>
      <object_component id="oc-512">
         <name>__TI_handler_table</name>
         <load_address>0x4a80</load_address>
         <run_address>0x4a80</run_address>
         <size>0xc</size>
      </object_component>
      <object_component id="oc-515">
         <name>.cinit..bss.load</name>
         <load_address>0x4a90</load_address>
         <run_address>0x4a90</run_address>
         <size>0x8</size>
      </object_component>
      <object_component id="oc-513">
         <name>__TI_cinit_table</name>
         <load_address>0x4a98</load_address>
         <run_address>0x4a98</run_address>
         <size>0x10</size>
      </object_component>
      <object_component id="oc-4e6">
         <name>.binit</name>
         <load_address>0x0</load_address>
         <run_address>0x0</run_address>
         <size>0x0</size>
      </object_component>
      <object_component id="oc-19d">
         <name>.data</name>
         <load_address>0x200009e4</load_address>
         <run_address>0x200009e4</run_address>
         <size>0x4</size>
         <input_file_ref idref="fl-c"/>
      </object_component>
      <object_component id="oc-c5">
         <name>.data</name>
         <load_address>0x200009e8</load_address>
         <run_address>0x200009e8</run_address>
         <size>0x4</size>
         <input_file_ref idref="fl-d"/>
      </object_component>
      <object_component id="oc-21c">
         <name>.data:$O1$$</name>
         <load_address>0x200009c4</load_address>
         <run_address>0x200009c4</run_address>
         <size>0xc</size>
         <input_file_ref idref="fl-e0"/>
      </object_component>
      <object_component id="oc-205">
         <name>.data:$O1$$</name>
         <load_address>0x200009d0</load_address>
         <run_address>0x200009d0</run_address>
         <size>0x8</size>
         <input_file_ref idref="fl-e1"/>
      </object_component>
      <object_component id="oc-208">
         <name>.data:_ftable</name>
         <load_address>0x200007fc</load_address>
         <run_address>0x200007fc</run_address>
         <size>0xf0</size>
         <input_file_ref idref="fl-e5"/>
      </object_component>
      <object_component id="oc-425">
         <name>.data</name>
         <load_address>0x200009b4</load_address>
         <run_address>0x200009b4</run_address>
         <size>0x10</size>
         <input_file_ref idref="fl-e5"/>
      </object_component>
      <object_component id="oc-45b">
         <name>.data:$O1$$</name>
         <load_address>0x200009d8</load_address>
         <run_address>0x200009d8</run_address>
         <size>0x8</size>
         <input_file_ref idref="fl-e8"/>
      </object_component>
      <object_component id="oc-329">
         <name>.data</name>
         <load_address>0x200009e0</load_address>
         <run_address>0x200009e0</run_address>
         <size>0x4</size>
         <input_file_ref idref="fl-ed"/>
      </object_component>
      <object_component id="oc-3f5">
         <name>.data:_device</name>
         <load_address>0x200008ec</load_address>
         <run_address>0x200008ec</run_address>
         <size>0x78</size>
         <input_file_ref idref="fl-f0"/>
      </object_component>
      <object_component id="oc-3b4">
         <name>.data:_stream</name>
         <load_address>0x20000964</load_address>
         <run_address>0x20000964</run_address>
         <size>0x50</size>
         <input_file_ref idref="fl-f0"/>
      </object_component>
      <object_component id="oc-4a3">
         <name>.bss:_CIOBUF_</name>
         <uninitialized>true</uninitialized>
         <run_address>0x20000400</run_address>
         <size>0x120</size>
         <input_file_ref idref="fl-101"/>
      </object_component>
      <object_component id="oc-159">
         <name>.common:am2320_databuffer</name>
         <uninitialized>true</uninitialized>
         <run_address>0x200007d0</run_address>
         <size>0x8</size>
      </object_component>
      <object_component id="oc-d9">
         <name>.common:am2320_poll_frequency</name>
         <uninitialized>true</uninitialized>
         <run_address>0x200007ec</run_address>
         <size>0x4</size>
      </object_component>
      <object_component id="oc-15c">
         <name>.common:am2320_temp_in_degC</name>
         <uninitialized>true</uninitialized>
         <run_address>0x200007f0</run_address>
         <size>0x4</size>
      </object_component>
      <object_component id="oc-15d">
         <name>.common:am2320_humidity</name>
         <uninitialized>true</uninitialized>
         <run_address>0x200007e8</run_address>
         <size>0x4</size>
      </object_component>
      <object_component id="oc-157">
         <name>.common:si7021_temp_in_degC</name>
         <uninitialized>true</uninitialized>
         <run_address>0x200007f8</run_address>
         <size>0x4</size>
      </object_component>
      <object_component id="oc-158">
         <name>.common:si7021_humidity</name>
         <uninitialized>true</uninitialized>
         <run_address>0x200007f4</run_address>
         <size>0x4</size>
      </object_component>
      <object_component id="oc-1d4">
         <name>.common:si7021_databuffer</name>
         <uninitialized>true</uninitialized>
         <run_address>0x200007e0</run_address>
         <size>0x8</size>
      </object_component>
      <object_component id="oc-d2">
         <name>.common:cbfifo_tx</name>
         <uninitialized>true</uninitialized>
         <run_address>0x20000628</run_address>
         <size>0x108</size>
      </object_component>
      <object_component id="oc-cf">
         <name>.common:cbfifo_rx</name>
         <uninitialized>true</uninitialized>
         <run_address>0x20000520</run_address>
         <size>0x108</size>
      </object_component>
      <object_component id="oc-473">
         <name>.common:__TI_tmpnams</name>
         <uninitialized>true</uninitialized>
         <run_address>0x20000730</run_address>
         <size>0xa0</size>
      </object_component>
      <object_component id="oc-484">
         <name>.common:parmbuf</name>
         <uninitialized>true</uninitialized>
         <run_address>0x200007d8</run_address>
         <size>0x8</size>
      </object_component>
      <object_component id="oc-29">
         <name>.sysmem</name>
         <uninitialized>true</uninitialized>
         <run_address>0x20000000</run_address>
         <size>0x10</size>
         <input_file_ref idref="fl-e8"/>
      </object_component>
      <object_component id="oc-518">
         <name>.sysmem</name>
         <uninitialized>true</uninitialized>
         <run_address>0x20000000</run_address>
         <size>0x0</size>
      </object_component>
      <object_component id="oc-2c">
         <name>.stack</name>
         <uninitialized>true</uninitialized>
         <run_address>0x2000fe00</run_address>
         <size>0x4</size>
         <input_file_ref idref="fl-ee"/>
      </object_component>
      <object_component id="oc-517">
         <name>.stack</name>
         <uninitialized>true</uninitialized>
         <run_address>0x2000fe00</run_address>
         <size>0x0</size>
      </object_component>
      <object_component id="oc-15a">
         <name>.debug_info</name>
         <load_address>0x0</load_address>
         <run_address>0x0</run_address>
         <size>0x5df</size>
         <input_file_ref idref="fl-2"/>
      </object_component>
      <object_component id="oc-13d">
         <name>.debug_info</name>
         <load_address>0x5df</load_address>
         <run_address>0x5df</run_address>
         <size>0x741</size>
         <input_file_ref idref="fl-2"/>
      </object_component>
      <object_component id="oc-1ad">
         <name>.debug_info</name>
         <load_address>0xd20</load_address>
         <run_address>0xd20</run_address>
         <size>0x37e2</size>
         <input_file_ref idref="fl-2"/>
      </object_component>
      <object_component id="oc-e0">
         <name>.debug_info</name>
         <load_address>0x4502</load_address>
         <run_address>0x4502</run_address>
         <size>0x26b</size>
         <input_file_ref idref="fl-2"/>
      </object_component>
      <object_component id="oc-1b2">
         <name>.debug_info</name>
         <load_address>0x476d</load_address>
         <run_address>0x476d</run_address>
         <size>0x1055</size>
         <input_file_ref idref="fl-2"/>
      </object_component>
      <object_component id="oc-35">
         <name>.debug_info</name>
         <load_address>0x57c2</load_address>
         <run_address>0x57c2</run_address>
         <size>0x84</size>
         <input_file_ref idref="fl-2"/>
      </object_component>
      <object_component id="oc-1c1">
         <name>.debug_info</name>
         <load_address>0x5846</load_address>
         <run_address>0x5846</run_address>
         <size>0x2a4</size>
         <input_file_ref idref="fl-2"/>
      </object_component>
      <object_component id="oc-d4">
         <name>.debug_info</name>
         <load_address>0x5aea</load_address>
         <run_address>0x5aea</run_address>
         <size>0xbb</size>
         <input_file_ref idref="fl-2"/>
      </object_component>
      <object_component id="oc-1aa">
         <name>.debug_info</name>
         <load_address>0x5ba5</load_address>
         <run_address>0x5ba5</run_address>
         <size>0x5a0</size>
         <input_file_ref idref="fl-3"/>
      </object_component>
      <object_component id="oc-ca">
         <name>.debug_info</name>
         <load_address>0x6145</load_address>
         <run_address>0x6145</run_address>
         <size>0x705</size>
         <input_file_ref idref="fl-3"/>
      </object_component>
      <object_component id="oc-1a5">
         <name>.debug_info</name>
         <load_address>0x684a</load_address>
         <run_address>0x684a</run_address>
         <size>0x110</size>
         <input_file_ref idref="fl-3"/>
      </object_component>
      <object_component id="oc-1f1">
         <name>.debug_info</name>
         <load_address>0x695a</load_address>
         <run_address>0x695a</run_address>
         <size>0x2c</size>
         <input_file_ref idref="fl-3"/>
      </object_component>
      <object_component id="oc-1b7">
         <name>.debug_info</name>
         <load_address>0x6986</load_address>
         <run_address>0x6986</run_address>
         <size>0xa3</size>
         <input_file_ref idref="fl-3"/>
      </object_component>
      <object_component id="oc-23e">
         <name>.debug_info</name>
         <load_address>0x6a29</load_address>
         <run_address>0x6a29</run_address>
         <size>0x528</size>
         <input_file_ref idref="fl-4"/>
      </object_component>
      <object_component id="oc-131">
         <name>.debug_info</name>
         <load_address>0x6f51</load_address>
         <run_address>0x6f51</run_address>
         <size>0xf7</size>
         <input_file_ref idref="fl-4"/>
      </object_component>
      <object_component id="oc-1bc">
         <name>.debug_info</name>
         <load_address>0x7048</load_address>
         <run_address>0x7048</run_address>
         <size>0xcc</size>
         <input_file_ref idref="fl-4"/>
      </object_component>
      <object_component id="oc-137">
         <name>.debug_info</name>
         <load_address>0x7114</load_address>
         <run_address>0x7114</run_address>
         <size>0x731</size>
         <input_file_ref idref="fl-5"/>
      </object_component>
      <object_component id="oc-1fe">
         <name>.debug_info</name>
         <load_address>0x7845</load_address>
         <run_address>0x7845</run_address>
         <size>0x57b</size>
         <input_file_ref idref="fl-6"/>
      </object_component>
      <object_component id="oc-1fb">
         <name>.debug_info</name>
         <load_address>0x7dc0</load_address>
         <run_address>0x7dc0</run_address>
         <size>0xc5</size>
         <input_file_ref idref="fl-6"/>
      </object_component>
      <object_component id="oc-12e">
         <name>.debug_info</name>
         <load_address>0x7e85</load_address>
         <run_address>0x7e85</run_address>
         <size>0x5e8</size>
         <input_file_ref idref="fl-6"/>
      </object_component>
      <object_component id="oc-da">
         <name>.debug_info</name>
         <load_address>0x846d</load_address>
         <run_address>0x846d</run_address>
         <size>0xc14</size>
         <input_file_ref idref="fl-7"/>
      </object_component>
      <object_component id="oc-ad">
         <name>.debug_info</name>
         <load_address>0x9081</load_address>
         <run_address>0x9081</run_address>
         <size>0x845</size>
         <input_file_ref idref="fl-7"/>
      </object_component>
      <object_component id="oc-1d9">
         <name>.debug_info</name>
         <load_address>0x98c6</load_address>
         <run_address>0x98c6</run_address>
         <size>0x56c</size>
         <input_file_ref idref="fl-8"/>
      </object_component>
      <object_component id="oc-109">
         <name>.debug_info</name>
         <load_address>0x9e32</load_address>
         <run_address>0x9e32</run_address>
         <size>0x2d7</size>
         <input_file_ref idref="fl-8"/>
      </object_component>
      <object_component id="oc-1d5">
         <name>.debug_info</name>
         <load_address>0xa109</load_address>
         <run_address>0xa109</run_address>
         <size>0x629</size>
         <input_file_ref idref="fl-9"/>
      </object_component>
      <object_component id="oc-103">
         <name>.debug_info</name>
         <load_address>0xa732</load_address>
         <run_address>0xa732</run_address>
         <size>0x719</size>
         <input_file_ref idref="fl-9"/>
      </object_component>
      <object_component id="oc-84">
         <name>.debug_info</name>
         <load_address>0xae4b</load_address>
         <run_address>0xae4b</run_address>
         <size>0x2c2</size>
         <input_file_ref idref="fl-a"/>
      </object_component>
      <object_component id="oc-27">
         <name>.debug_info</name>
         <load_address>0xb10d</load_address>
         <run_address>0xb10d</run_address>
         <size>0xee</size>
         <input_file_ref idref="fl-a"/>
      </object_component>
      <object_component id="oc-6b">
         <name>.debug_info</name>
         <load_address>0xb1fb</load_address>
         <run_address>0xb1fb</run_address>
         <size>0x1b5</size>
         <input_file_ref idref="fl-a"/>
      </object_component>
      <object_component id="oc-dd">
         <name>.debug_info</name>
         <load_address>0xb3b0</load_address>
         <run_address>0xb3b0</run_address>
         <size>0x560</size>
         <input_file_ref idref="fl-b"/>
      </object_component>
      <object_component id="oc-7d">
         <name>.debug_info</name>
         <load_address>0xb910</load_address>
         <run_address>0xb910</run_address>
         <size>0x24f</size>
         <input_file_ref idref="fl-b"/>
      </object_component>
      <object_component id="oc-19e">
         <name>.debug_info</name>
         <load_address>0xbb5f</load_address>
         <run_address>0xbb5f</run_address>
         <size>0xe7</size>
         <input_file_ref idref="fl-c"/>
      </object_component>
      <object_component id="oc-bf">
         <name>.debug_info</name>
         <load_address>0xbc46</load_address>
         <run_address>0xbc46</run_address>
         <size>0x259</size>
         <input_file_ref idref="fl-c"/>
      </object_component>
      <object_component id="oc-1a3">
         <name>.debug_info</name>
         <load_address>0xbe9f</load_address>
         <run_address>0xbe9f</run_address>
         <size>0x526</size>
         <input_file_ref idref="fl-d"/>
      </object_component>
      <object_component id="oc-c6">
         <name>.debug_info</name>
         <load_address>0xc3c5</load_address>
         <run_address>0xc3c5</run_address>
         <size>0xf2</size>
         <input_file_ref idref="fl-d"/>
      </object_component>
      <object_component id="oc-71">
         <name>.debug_info</name>
         <load_address>0xc4b7</load_address>
         <run_address>0xc4b7</run_address>
         <size>0x282</size>
         <input_file_ref idref="fl-d"/>
      </object_component>
      <object_component id="oc-d0">
         <name>.debug_info</name>
         <load_address>0xc739</load_address>
         <run_address>0xc739</run_address>
         <size>0x67b</size>
         <input_file_ref idref="fl-e"/>
      </object_component>
      <object_component id="oc-78">
         <name>.debug_info</name>
         <load_address>0xcdb4</load_address>
         <run_address>0xcdb4</run_address>
         <size>0x203</size>
         <input_file_ref idref="fl-e"/>
      </object_component>
      <object_component id="oc-218">
         <name>.debug_info</name>
         <load_address>0xcfb7</load_address>
         <run_address>0xcfb7</run_address>
         <size>0x3e5</size>
         <input_file_ref idref="fl-c8"/>
      </object_component>
      <object_component id="oc-215">
         <name>.debug_info</name>
         <load_address>0xd39c</load_address>
         <run_address>0xd39c</run_address>
         <size>0x157</size>
         <input_file_ref idref="fl-c8"/>
      </object_component>
      <object_component id="oc-20d">
         <name>.debug_info</name>
         <load_address>0xd4f3</load_address>
         <run_address>0xd4f3</run_address>
         <size>0x166</size>
         <input_file_ref idref="fl-c8"/>
      </object_component>
      <object_component id="oc-154">
         <name>.debug_info</name>
         <load_address>0xd659</load_address>
         <run_address>0xd659</run_address>
         <size>0x1ac</size>
         <input_file_ref idref="fl-c8"/>
      </object_component>
      <object_component id="oc-2b8">
         <name>.debug_info</name>
         <load_address>0xd805</load_address>
         <run_address>0xd805</run_address>
         <size>0xb2</size>
         <input_file_ref idref="fl-c8"/>
      </object_component>
      <object_component id="oc-283">
         <name>.debug_info</name>
         <load_address>0xd8b7</load_address>
         <run_address>0xd8b7</run_address>
         <size>0x590</size>
         <input_file_ref idref="fl-c9"/>
      </object_component>
      <object_component id="oc-250">
         <name>.debug_info</name>
         <load_address>0xde47</load_address>
         <run_address>0xde47</run_address>
         <size>0x21e</size>
         <input_file_ref idref="fl-c9"/>
      </object_component>
      <object_component id="oc-2f6">
         <name>.debug_info</name>
         <load_address>0xe065</load_address>
         <run_address>0xe065</run_address>
         <size>0x1b3</size>
         <input_file_ref idref="fl-c9"/>
      </object_component>
      <object_component id="oc-2fb">
         <name>.debug_info</name>
         <load_address>0xe218</load_address>
         <run_address>0xe218</run_address>
         <size>0x21b</size>
         <input_file_ref idref="fl-c9"/>
      </object_component>
      <object_component id="oc-25b">
         <name>.debug_info</name>
         <load_address>0xe433</load_address>
         <run_address>0xe433</run_address>
         <size>0x3c0</size>
         <input_file_ref idref="fl-c9"/>
      </object_component>
      <object_component id="oc-303">
         <name>.debug_info</name>
         <load_address>0xe7f3</load_address>
         <run_address>0xe7f3</run_address>
         <size>0x30a</size>
         <input_file_ref idref="fl-c9"/>
      </object_component>
      <object_component id="oc-308">
         <name>.debug_info</name>
         <load_address>0xeafd</load_address>
         <run_address>0xeafd</run_address>
         <size>0x215</size>
         <input_file_ref idref="fl-c9"/>
      </object_component>
      <object_component id="oc-261">
         <name>.debug_info</name>
         <load_address>0xed12</load_address>
         <run_address>0xed12</run_address>
         <size>0x215</size>
         <input_file_ref idref="fl-c9"/>
      </object_component>
      <object_component id="oc-267">
         <name>.debug_info</name>
         <load_address>0xef27</load_address>
         <run_address>0xef27</run_address>
         <size>0x304</size>
         <input_file_ref idref="fl-c9"/>
      </object_component>
      <object_component id="oc-26d">
         <name>.debug_info</name>
         <load_address>0xf22b</load_address>
         <run_address>0xf22b</run_address>
         <size>0x4b5</size>
         <input_file_ref idref="fl-c9"/>
      </object_component>
      <object_component id="oc-1e0">
         <name>.debug_info</name>
         <load_address>0xf6e0</load_address>
         <run_address>0xf6e0</run_address>
         <size>0x5f4</size>
         <input_file_ref idref="fl-c9"/>
      </object_component>
      <object_component id="oc-284">
         <name>.debug_info</name>
         <load_address>0xfcd4</load_address>
         <run_address>0xfcd4</run_address>
         <size>0x86</size>
         <input_file_ref idref="fl-c9"/>
      </object_component>
      <object_component id="oc-335">
         <name>.debug_info</name>
         <load_address>0xfd5a</load_address>
         <run_address>0xfd5a</run_address>
         <size>0x39</size>
         <input_file_ref idref="fl-c9"/>
      </object_component>
      <object_component id="oc-39d">
         <name>.debug_info</name>
         <load_address>0xfd93</load_address>
         <run_address>0xfd93</run_address>
         <size>0xb6</size>
         <input_file_ref idref="fl-c9"/>
      </object_component>
      <object_component id="oc-33a">
         <name>.debug_info</name>
         <load_address>0xfe49</load_address>
         <run_address>0xfe49</run_address>
         <size>0x46</size>
         <input_file_ref idref="fl-c9"/>
      </object_component>
      <object_component id="oc-289">
         <name>.debug_info</name>
         <load_address>0xfe8f</load_address>
         <run_address>0xfe8f</run_address>
         <size>0x46</size>
         <input_file_ref idref="fl-c9"/>
      </object_component>
      <object_component id="oc-330">
         <name>.debug_info</name>
         <load_address>0xfed5</load_address>
         <run_address>0xfed5</run_address>
         <size>0x2c</size>
         <input_file_ref idref="fl-c9"/>
      </object_component>
      <object_component id="oc-1f0">
         <name>.debug_info</name>
         <load_address>0xff01</load_address>
         <run_address>0xff01</run_address>
         <size>0x333</size>
         <input_file_ref idref="fl-ca"/>
      </object_component>
      <object_component id="oc-11a">
         <name>.debug_info</name>
         <load_address>0x10234</load_address>
         <run_address>0x10234</run_address>
         <size>0x1d1</size>
         <input_file_ref idref="fl-ca"/>
      </object_component>
      <object_component id="oc-1e6">
         <name>.debug_info</name>
         <load_address>0x10405</load_address>
         <run_address>0x10405</run_address>
         <size>0x18d</size>
         <input_file_ref idref="fl-ca"/>
      </object_component>
      <object_component id="oc-1ea">
         <name>.debug_info</name>
         <load_address>0x10592</load_address>
         <run_address>0x10592</run_address>
         <size>0x16d</size>
         <input_file_ref idref="fl-ca"/>
      </object_component>
      <object_component id="oc-35f">
         <name>.debug_info</name>
         <load_address>0x106ff</load_address>
         <run_address>0x106ff</run_address>
         <size>0x383</size>
         <input_file_ref idref="fl-cb"/>
      </object_component>
      <object_component id="oc-2b0">
         <name>.debug_info</name>
         <load_address>0x10a82</load_address>
         <run_address>0x10a82</run_address>
         <size>0x1ea</size>
         <input_file_ref idref="fl-cb"/>
      </object_component>
      <object_component id="oc-35d">
         <name>.debug_info</name>
         <load_address>0x10c6c</load_address>
         <run_address>0x10c6c</run_address>
         <size>0x3fc</size>
         <input_file_ref idref="fl-cc"/>
      </object_component>
      <object_component id="oc-2ac">
         <name>.debug_info</name>
         <load_address>0x11068</load_address>
         <run_address>0x11068</run_address>
         <size>0x2e2</size>
         <input_file_ref idref="fl-cc"/>
      </object_component>
      <object_component id="oc-f8">
         <name>.debug_info</name>
         <load_address>0x1134a</load_address>
         <run_address>0x1134a</run_address>
         <size>0x2c</size>
         <input_file_ref idref="fl-cc"/>
      </object_component>
      <object_component id="oc-3af">
         <name>.debug_info</name>
         <load_address>0x11376</load_address>
         <run_address>0x11376</run_address>
         <size>0x300</size>
         <input_file_ref idref="fl-cd"/>
      </object_component>
      <object_component id="oc-345">
         <name>.debug_info</name>
         <load_address>0x11676</load_address>
         <run_address>0x11676</run_address>
         <size>0x19c</size>
         <input_file_ref idref="fl-cd"/>
      </object_component>
      <object_component id="oc-3ea">
         <name>.debug_info</name>
         <load_address>0x11812</load_address>
         <run_address>0x11812</run_address>
         <size>0xbf</size>
         <input_file_ref idref="fl-cd"/>
      </object_component>
      <object_component id="oc-3e9">
         <name>.debug_info</name>
         <load_address>0x118d1</load_address>
         <run_address>0x118d1</run_address>
         <size>0x374</size>
         <input_file_ref idref="fl-ce"/>
      </object_component>
      <object_component id="oc-3a9">
         <name>.debug_info</name>
         <load_address>0x11c45</load_address>
         <run_address>0x11c45</run_address>
         <size>0x20b</size>
         <input_file_ref idref="fl-ce"/>
      </object_component>
      <object_component id="oc-380">
         <name>.debug_info</name>
         <load_address>0x11e50</load_address>
         <run_address>0x11e50</run_address>
         <size>0x29a</size>
         <input_file_ref idref="fl-cf"/>
      </object_component>
      <object_component id="oc-311">
         <name>.debug_info</name>
         <load_address>0x120ea</load_address>
         <run_address>0x120ea</run_address>
         <size>0x195</size>
         <input_file_ref idref="fl-cf"/>
      </object_component>
      <object_component id="oc-3c4">
         <name>.debug_info</name>
         <load_address>0x1227f</load_address>
         <run_address>0x1227f</run_address>
         <size>0x39</size>
         <input_file_ref idref="fl-cf"/>
      </object_component>
      <object_component id="oc-381">
         <name>.debug_info</name>
         <load_address>0x122b8</load_address>
         <run_address>0x122b8</run_address>
         <size>0x2c</size>
         <input_file_ref idref="fl-cf"/>
      </object_component>
      <object_component id="oc-38d">
         <name>.debug_info</name>
         <load_address>0x122e4</load_address>
         <run_address>0x122e4</run_address>
         <size>0x2fd</size>
         <input_file_ref idref="fl-d0"/>
      </object_component>
      <object_component id="oc-317">
         <name>.debug_info</name>
         <load_address>0x125e1</load_address>
         <run_address>0x125e1</run_address>
         <size>0x225</size>
         <input_file_ref idref="fl-d0"/>
      </object_component>
      <object_component id="oc-389">
         <name>.debug_info</name>
         <load_address>0x12806</load_address>
         <run_address>0x12806</run_address>
         <size>0x161</size>
         <input_file_ref idref="fl-d1"/>
      </object_component>
      <object_component id="oc-2dc">
         <name>.debug_info</name>
         <load_address>0x12967</load_address>
         <run_address>0x12967</run_address>
         <size>0x134</size>
         <input_file_ref idref="fl-d2"/>
      </object_component>
      <object_component id="oc-a1">
         <name>.debug_info</name>
         <load_address>0x12a9b</load_address>
         <run_address>0x12a9b</run_address>
         <size>0x147</size>
         <input_file_ref idref="fl-d3"/>
      </object_component>
      <object_component id="oc-1d0">
         <name>.debug_info</name>
         <load_address>0x12be2</load_address>
         <run_address>0x12be2</run_address>
         <size>0x14c</size>
         <input_file_ref idref="fl-d4"/>
      </object_component>
      <object_component id="oc-254">
         <name>.debug_info</name>
         <load_address>0x12d2e</load_address>
         <run_address>0x12d2e</run_address>
         <size>0x128</size>
         <input_file_ref idref="fl-d5"/>
      </object_component>
      <object_component id="oc-2e4">
         <name>.debug_info</name>
         <load_address>0x12e56</load_address>
         <run_address>0x12e56</run_address>
         <size>0x12a</size>
         <input_file_ref idref="fl-d5"/>
      </object_component>
      <object_component id="oc-149">
         <name>.debug_info</name>
         <load_address>0x12f80</load_address>
         <run_address>0x12f80</run_address>
         <size>0x13a</size>
         <input_file_ref idref="fl-d6"/>
      </object_component>
      <object_component id="oc-1cc">
         <name>.debug_info</name>
         <load_address>0x130ba</load_address>
         <run_address>0x130ba</run_address>
         <size>0x13a</size>
         <input_file_ref idref="fl-d7"/>
      </object_component>
      <object_component id="oc-2e9">
         <name>.debug_info</name>
         <load_address>0x131f4</load_address>
         <run_address>0x131f4</run_address>
         <size>0x12e</size>
         <input_file_ref idref="fl-d8"/>
      </object_component>
      <object_component id="oc-14d">
         <name>.debug_info</name>
         <load_address>0x13322</load_address>
         <run_address>0x13322</run_address>
         <size>0x13e</size>
         <input_file_ref idref="fl-d9"/>
      </object_component>
      <object_component id="oc-114">
         <name>.debug_info</name>
         <load_address>0x13460</load_address>
         <run_address>0x13460</run_address>
         <size>0x12c</size>
         <input_file_ref idref="fl-da"/>
      </object_component>
      <object_component id="oc-144">
         <name>.debug_info</name>
         <load_address>0x1358c</load_address>
         <run_address>0x1358c</run_address>
         <size>0x12c</size>
         <input_file_ref idref="fl-db"/>
      </object_component>
      <object_component id="oc-3b">
         <name>.debug_info</name>
         <load_address>0x136b8</load_address>
         <run_address>0x136b8</run_address>
         <size>0x119</size>
         <input_file_ref idref="fl-dc"/>
      </object_component>
      <object_component id="oc-9f">
         <name>.debug_info</name>
         <load_address>0x137d1</load_address>
         <run_address>0x137d1</run_address>
         <size>0x2d4</size>
         <input_file_ref idref="fl-dd"/>
      </object_component>
      <object_component id="oc-50">
         <name>.debug_info</name>
         <load_address>0x13aa5</load_address>
         <run_address>0x13aa5</run_address>
         <size>0x1b5</size>
         <input_file_ref idref="fl-dd"/>
      </object_component>
      <object_component id="oc-9a">
         <name>.debug_info</name>
         <load_address>0x13c5a</load_address>
         <run_address>0x13c5a</run_address>
         <size>0x46</size>
         <input_file_ref idref="fl-dd"/>
      </object_component>
      <object_component id="oc-45">
         <name>.debug_info</name>
         <load_address>0x13ca0</load_address>
         <run_address>0x13ca0</run_address>
         <size>0x2a8</size>
         <input_file_ref idref="fl-de"/>
      </object_component>
      <object_component id="oc-1e">
         <name>.debug_info</name>
         <load_address>0x13f48</load_address>
         <run_address>0x13f48</run_address>
         <size>0x1ea</size>
         <input_file_ref idref="fl-de"/>
      </object_component>
      <object_component id="oc-40">
         <name>.debug_info</name>
         <load_address>0x14132</load_address>
         <run_address>0x14132</run_address>
         <size>0x46</size>
         <input_file_ref idref="fl-de"/>
      </object_component>
      <object_component id="oc-92">
         <name>.debug_info</name>
         <load_address>0x14178</load_address>
         <run_address>0x14178</run_address>
         <size>0x2c</size>
         <input_file_ref idref="fl-de"/>
      </object_component>
      <object_component id="oc-90">
         <name>.debug_info</name>
         <load_address>0x141a4</load_address>
         <run_address>0x141a4</run_address>
         <size>0x29e</size>
         <input_file_ref idref="fl-df"/>
      </object_component>
      <object_component id="oc-18">
         <name>.debug_info</name>
         <load_address>0x14442</load_address>
         <run_address>0x14442</run_address>
         <size>0x250</size>
         <input_file_ref idref="fl-df"/>
      </object_component>
      <object_component id="oc-30">
         <name>.debug_info</name>
         <load_address>0x14692</load_address>
         <run_address>0x14692</run_address>
         <size>0x60</size>
         <input_file_ref idref="fl-df"/>
      </object_component>
      <object_component id="oc-f1">
         <name>.debug_info</name>
         <load_address>0x146f2</load_address>
         <run_address>0x146f2</run_address>
         <size>0x46</size>
         <input_file_ref idref="fl-df"/>
      </object_component>
      <object_component id="oc-8b">
         <name>.debug_info</name>
         <load_address>0x14738</load_address>
         <run_address>0x14738</run_address>
         <size>0x39</size>
         <input_file_ref idref="fl-df"/>
      </object_component>
      <object_component id="oc-220">
         <name>.debug_info</name>
         <load_address>0x14771</load_address>
         <run_address>0x14771</run_address>
         <size>0x3ad</size>
         <input_file_ref idref="fl-e0"/>
      </object_component>
      <object_component id="oc-21d">
         <name>.debug_info</name>
         <load_address>0x14b1e</load_address>
         <run_address>0x14b1e</run_address>
         <size>0x190</size>
         <input_file_ref idref="fl-e0"/>
      </object_component>
      <object_component id="oc-162">
         <name>.debug_info</name>
         <load_address>0x14cae</load_address>
         <run_address>0x14cae</run_address>
         <size>0x122</size>
         <input_file_ref idref="fl-e0"/>
      </object_component>
      <object_component id="oc-166">
         <name>.debug_info</name>
         <load_address>0x14dd0</load_address>
         <run_address>0x14dd0</run_address>
         <size>0x184</size>
         <input_file_ref idref="fl-e0"/>
      </object_component>
      <object_component id="oc-2a2">
         <name>.debug_info</name>
         <load_address>0x14f54</load_address>
         <run_address>0x14f54</run_address>
         <size>0x2c9</size>
         <input_file_ref idref="fl-e1"/>
[...]
      </symbol>
      <symbol id="sm-556">
         <name>__aeabi_memset</name>
         <value>0x390f</value>
         <object_component_ref idref="oc-a0"/>
      </symbol>
      <symbol id="sm-557">
         <name>memset</name>
         <value>0x3915</value>
         <object_component_ref idref="oc-a0"/>
      </symbol>
      <symbol id="sm-558">
         <name>__aeabi_memset8</name>
         <value>0x390f</value>
         <object_component_ref idref="oc-a0"/>
      </symbol>
      <symbol id="sm-559">
         <name>__aeabi_memset4</name>
         <value>0x390f</value>
         <object_component_ref idref="oc-a0"/>
      </symbol>
      <symbol id="sm-55a">
         <name>__aeabi_memclr8</name>
         <value>0x390d</value>
         <object_component_ref idref="oc-a0"/>
      </symbol>
      <symbol id="sm-55b">
         <name>__aeabi_memclr4</name>
         <value>0x390d</value>
         <object_component_ref idref="oc-a0"/>
      </symbol>
      <symbol id="sm-55c">
         <name>__aeabi_memclr</name>
         <value>0x390d</value>
         <object_component_ref idref="oc-a0"/>
      </symbol>
      <symbol id="sm-573">
         <name>__aeabi_dsub</name>
         <value>0x2779</value>
         <object_component_ref idref="oc-1cf"/>
      </symbol>
      <symbol id="sm-574">
         <name>__aeabi_dadd</name>
         <value>0x2783</value>
         <object_component_ref idref="oc-1cf"/>
      </symbol>
      <symbol id="sm-596">
         <name>__aeabi_cdcmpeq</name>
         <value>0x3801</value>
         <object_component_ref idref="oc-253"/>
      </symbol>
      <symbol id="sm-597">
         <name>__aeabi_cdcmple</name>
         <value>0x3801</value>
         <object_component_ref idref="oc-253"/>
      </symbol>
      <symbol id="sm-598">
         <name>__aeabi_cdrcmple</name>
         <value>0x3887</value>
         <object_component_ref idref="oc-2e2"/>
      </symbol>
      <symbol id="sm-5ac">
         <name>__aeabi_ddiv</name>
         <value>0x2a6d</value>
         <object_component_ref idref="oc-147"/>
      </symbol>
      <symbol id="sm-5b7">
         <name>__aeabi_dmul</name>
         <value>0x3215</value>
         <object_component_ref idref="oc-1ca"/>
      </symbol>
      <symbol id="sm-5c1">
         <name>__aeabi_d2iz</name>
         <value>0x4161</value>
         <object_component_ref idref="oc-2e7"/>
      </symbol>
      <symbol id="sm-5cd">
         <name>__aeabi_d2f</name>
         <value>0x3adb</value>
         <object_component_ref idref="oc-14c"/>
      </symbol>
      <symbol id="sm-5d8">
         <name>__aeabi_f2d</name>
         <value>0x43ad</value>
         <object_component_ref idref="oc-113"/>
      </symbol>
      <symbol id="sm-5e2">
         <name>__aeabi_i2d</name>
         <value>0x44e9</value>
         <object_component_ref idref="oc-142"/>
      </symbol>
      <symbol id="sm-5fd">
         <name>memcpy</name>
         <value>0x3643</value>
         <object_component_ref idref="oc-3a"/>
      </symbol>
      <symbol id="sm-5fe">
         <name>__aeabi_memcpy</name>
         <value>0x3643</value>
         <object_component_ref idref="oc-3a"/>
      </symbol>
      <symbol id="sm-5ff">
         <name>__aeabi_memcpy8</name>
         <value>0x3643</value>
         <object_component_ref idref="oc-3a"/>
      </symbol>
      <symbol id="sm-600">
         <name>__aeabi_memcpy4</name>
         <value>0x3643</value>
         <object_component_ref idref="oc-3a"/>
      </symbol>
      <symbol id="sm-612">
         <name>__TI_zero_init</name>
         <value>0x46f7</value>
         <object_component_ref idref="oc-4c"/>
      </symbol>
      <symbol id="sm-629">
         <name>__TI_decompress_none</name>
         <value>0x46db</value>
         <object_component_ref idref="oc-1d"/>
      </symbol>
      <symbol id="sm-64c">
         <name>__TI_decompress_lzss</name>
         <value>0x3c1d</value>
         <object_component_ref idref="oc-17"/>
      </symbol>
      <symbol id="sm-672">
         <name>C$$EXIT</name>
         <value>0x4729</value>
         <object_component_ref idref="oc-15f"/>
      </symbol>
      <symbol id="sm-673">
         <name>abort</name>
         <value>0x4729</value>
         <object_component_ref idref="oc-15f"/>
      </symbol>
      <symbol id="sm-674">
         <name>__TI_dtors_ptr</name>
         <value>0x200009c8</value>
         <object_component_ref idref="oc-21c"/>
      </symbol>
      <symbol id="sm-675">
         <name>__TI_cleanup_ptr</name>
         <value>0x200009c4</value>
         <object_component_ref idref="oc-21c"/>
      </symbol>
      <symbol id="sm-676">
         <name>__TI_enable_exit_profile_output</name>
         <value>0x200009cc</value>
         <object_component_ref idref="oc-21c"/>
      </symbol>
      <symbol id="sm-677">
         <name>exit</name>
         <value>0x4119</value>
         <object_component_ref idref="oc-165"/>
      </symbol>
      <symbol id="sm-68c">
         <name>_nop</name>
         <value>0xb33</value>
         <object_component_ref idref="oc-29a"/>
      </symbol>
      <symbol id="sm-68d">
         <name>_lock</name>
         <value>0x200009d0</value>
         <object_component_ref idref="oc-205"/>
      </symbol>
      <symbol id="sm-68e">
         <name>_unlock</name>
         <value>0x200009d4</value>
         <object_component_ref idref="oc-205"/>
      </symbol>
      <symbol id="sm-69d">
         <name>__TI_ltoa</name>
         <value>0x3fdb</value>
         <object_component_ref idref="oc-2ec"/>
      </symbol>
      <symbol id="sm-6b3">
         <name>atoi</name>
         <value>0x40cd</value>
         <object_component_ref idref="oc-247"/>
      </symbol>
      <symbol id="sm-6be">
         <name>_ctypes_</name>
         <value>0x490c</value>
         <object_component_ref idref="oc-2d6"/>
      </symbol>
      <symbol id="sm-6d3">
         <name>__TI_tmpnams</name>
         <value>0x20000730</value>
      </symbol>
      <symbol id="sm-6d4">
         <name>__aeabi_stdout</name>
         <value>0x200009bc</value>
         <object_component_ref idref="oc-425"/>
      </symbol>
      <symbol id="sm-6d5">
         <name>__aeabi_stderr</name>
         <value>0x200009c0</value>
         <object_component_ref idref="oc-425"/>
      </symbol>
      <symbol id="sm-6d6">
         <name>__aeabi_stdin</name>
         <value>0x200009b8</value>
         <object_component_ref idref="oc-425"/>
      </symbol>
      <symbol id="sm-6d7">
         <name>_ftable</name>
         <value>0x200007fc</value>
         <object_component_ref idref="oc-208"/>
      </symbol>
      <symbol id="sm-6d8">
         <name>__TI_ft_end</name>
         <value>0x200009b4</value>
         <object_component_ref idref="oc-425"/>
      </symbol>
      <symbol id="sm-6e8">
         <name>memccpy</name>
         <value>0x4625</value>
         <object_component_ref idref="oc-270"/>
      </symbol>
      <symbol id="sm-6f8">
         <name>memchr</name>
         <value>0x45e9</value>
         <object_component_ref idref="oc-34a"/>
      </symbol>
      <symbol id="sm-781">
         <name>_sys_memory</name>
         <value>0x20000000</value>
         <object_component_ref idref="oc-29"/>
      </symbol>
      <symbol id="sm-782">
         <name>free</name>
         <value>0x3311</value>
         <object_component_ref idref="oc-3d6"/>
      </symbol>
      <symbol id="sm-783">
         <name>memalign</name>
         <value>0x3115</value>
         <object_component_ref idref="oc-418"/>
      </symbol>
      <symbol id="sm-784">
         <name>malloc</name>
         <value>0x4715</value>
         <object_component_ref idref="oc-3dc"/>
      </symbol>
      <symbol id="sm-785">
         <name>aligned_alloc</name>
         <value>0x3115</value>
         <object_component_ref idref="oc-418"/>
      </symbol>
      <symbol id="sm-795">
         <name>strchr</name>
         <value>0x468b</value>
         <object_component_ref idref="oc-319"/>
      </symbol>
      <symbol id="sm-7a3">
         <name>strcpy</name>
         <value>0x46a1</value>
         <object_component_ref idref="oc-10d"/>
      </symbol>
      <symbol id="sm-7b1">
         <name>strlen</name>
         <value>0x46b5</value>
         <object_component_ref idref="oc-11e"/>
      </symbol>
      <symbol id="sm-7c2">
         <name>strncat</name>
         <value>0x4517</value>
         <object_component_ref idref="oc-124"/>
      </symbol>
      <symbol id="sm-7d8">
         <name>__aeabi_errno_addr</name>
         <value>0x470d</value>
         <object_component_ref idref="oc-27c"/>
      </symbol>
      <symbol id="sm-7d9">
         <name>errno</name>
         <value>0x200009e0</value>
         <object_component_ref idref="oc-329"/>
      </symbol>
      <symbol id="sm-7ec">
         <name>__stack</name>
         <value>0x2000fe00</value>
         <object_component_ref idref="oc-2c"/>
      </symbol>
      <symbol id="sm-7ed">
         <name>_c_int00_noargs</name>
         <value>0x4485</value>
         <object_component_ref idref="oc-58"/>
      </symbol>
      <symbol id="sm-807">
         <name>write</name>
         <value>0x45c1</value>
         <object_component_ref idref="oc-356"/>
      </symbol>
      <symbol id="sm-818">
         <name>_stream</name>
         <value>0x20000964</value>
         <object_component_ref idref="oc-3b4"/>
      </symbol>
      <symbol id="sm-819">
         <name>_device</name>
         <value>0x200008ec</value>
         <object_component_ref idref="oc-3f5"/>
      </symbol>
      <symbol id="sm-832">
         <name>wcslen</name>
         <value>0x46c9</value>
         <object_component_ref idref="oc-276"/>
      </symbol>
      <symbol id="sm-842">
         <name>__TI_doflush</name>
         <value>0x4081</value>
         <object_component_ref idref="oc-350"/>
      </symbol>
      <symbol id="sm-852">
         <name>__TI_cleanup</name>
         <value>0x441d</value>
         <object_component_ref idref="oc-3e2"/>
      </symbol>
      <symbol id="sm-864">
         <name>fseek</name>
         <value>0x3d51</value>
         <object_component_ref idref="oc-3a2"/>
      </symbol>
      <symbol id="sm-86e">
         <name>__aeabi_idiv0</name>
         <value>0x292f</value>
         <object_component_ref idref="oc-371"/>
      </symbol>
      <symbol id="sm-86f">
         <name>__aeabi_ldiv0</name>
         <value>0x292f</value>
         <object_component_ref idref="oc-371"/>
      </symbol>
      <symbol id="sm-897">
         <name>__TI_auto_init_nobinit_nopinit</name>
         <value>0x4231</value>
         <object_component_ref idref="oc-16b"/>
      </symbol>
      <symbol id="sm-8a1">
         <name>_system_pre_init</name>
         <value>0x4725</value>
         <object_component_ref idref="oc-a6"/>
      </symbol>
      <symbol id="sm-8b4">
         <name>HOSTclose</name>
         <value>0x41a9</value>
         <object_component_ref idref="oc-431"/>
      </symbol>
      <symbol id="sm-8c5">
         <name>HOSTlseek</name>
         <value>0x3bb5</value>
         <object_component_ref idref="oc-443"/>
      </symbol>
      <symbol id="sm-8d7">
         <name>parmbuf</name>
         <value>0x200007d8</value>
      </symbol>
      <symbol id="sm-8d8">
         <name>HOSTopen</name>
         <value>0x3e19</value>
         <object_component_ref idref="oc-42b"/>
      </symbol>
      <symbol id="sm-8e9">
         <name>HOSTread</name>
         <value>0x3ed5</value>
         <object_component_ref idref="oc-437"/>
      </symbol>
      <symbol id="sm-8fa">
         <name>HOSTrename</name>
         <value>0x3b49</value>
         <object_component_ref idref="oc-44f"/>
      </symbol>
      <symbol id="sm-90b">
         <name>HOSTunlink</name>
         <value>0x41ed</value>
         <object_component_ref idref="oc-449"/>
      </symbol>
      <symbol id="sm-91c">
         <name>HOSTwrite</name>
         <value>0x3f2d</value>
         <object_component_ref idref="oc-43d"/>
      </symbol>
      <symbol id="sm-940">
         <name>__TI_readmsg</name>
         <value>0x4451</value>
         <object_component_ref idref="oc-47e"/>
      </symbol>
      <symbol id="sm-941">
         <name>C$$IO$$</name>
         <value>0x43a3</value>
         <object_component_ref idref="oc-478"/>
      </symbol>
      <symbol id="sm-942">
         <name>__CIOBUF_</name>
         <value>0x20000400</value>
         <object_component_ref idref="oc-4a3"/>
      </symbol>
      <symbol id="sm-943">
         <name>__TI_writemsg</name>
         <value>0x4375</value>
         <object_component_ref idref="oc-478"/>
      </symbol>
      <symbol id="sm-954">
         <name>lseek</name>
         <value>0x4599</value>
         <object_component_ref idref="oc-3ce"/>
      </symbol>
      <symbol id="sm-969">
         <name>__TI_closefile</name>
         <value>0x3989</value>
         <object_component_ref idref="oc-41f"/>
      </symbol>
      <symbol id="sm-98c">
         <name>finddevice</name>
         <value>0x44b9</value>
         <object_component_ref idref="oc-4bf"/>
      </symbol>
      <symbol id="sm-98d">
         <name>getdevice</name>
         <value>0x4275</value>
         <object_component_ref idref="oc-499"/>
      </symbol>
      <symbol id="sm-99c">
         <name>strcmp</name>
         <value>0x4673</value>
         <object_component_ref idref="oc-4d4"/>
      </symbol>
      <symbol id="sm-9ac">
         <name>strncpy</name>
         <value>0x43e5</value>
         <object_component_ref idref="oc-4b9"/>
      </symbol>
      <symbol id="sm-9c1">
         <name>close</name>
         <value>0x3e79</value>
         <object_component_ref idref="oc-467"/>
      </symbol>
      <symbol id="sm-9d1">
         <name>unlink</name>
         <value>0x4545</value>
         <object_component_ref idref="oc-46d"/>
      </symbol>
      <symbol id="sm-9d2">
         <name>__TI_static_base__</name>
         <value>0x0</value>
      </symbol>
      <symbol id="sm-9d5">
         <name>__mpu_init</name>
         <value>0x0</value>
      </symbol>
      <symbol id="sm-9d6">
         <name>_system_post_cinit</name>
         <value>0x0</value>
      </symbol>
      <symbol id="sm-9d7">
         <name>NMI_Handler</name>
         <value>0x46f5</value>
      </symbol>
      <symbol id="sm-9d8">
         <name>HardFault_Handler</name>
         <value>0x46f5</value>
      </symbol>
      <symbol id="sm-9d9">
         <name>MemManage_Handler</name>
         <value>0x46f5</value>
      </symbol>
      <symbol id="sm-9da">
         <name>BusFault_Handler</name>
         <value>0x46f5</value>
      </symbol>
      <symbol id="sm-9db">
         <name>UsageFault_Handler</name>
         <value>0x46f5</value>
      </symbol>
      <symbol id="sm-9dc">
         <name>SVC_Handler</name>
         <value>0x46f5</value>
      </symbol>
      <symbol id="sm-9dd">
         <name>DebugMon_Handler</name>
         <value>0x46f5</value>
      </symbol>
      <symbol id="sm-9de">
         <name>PendSV_Handler</name>
         <value>0x46f5</value>
      </symbol>
      <symbol id="sm-9df">
         <name>SysTick_Handler</name>
         <value>0x46f5</value>
      </symbol>
      <symbol id="sm-9e0">
         <name>PSS_IRQHandler</name>
         <value>0x46f5</value>
      </symbol>
      <symbol id="sm-9e1">
         <name>CS_IRQHandler</name>
         <value>0x46f5</value>
      </symbol>
      <symbol id="sm-9e2">
         <name>PCM_IRQHandler</name>
         <value>0x46f5</value>
      </symbol>
      <symbol id="sm-9e3">
         <name>WDT_A_IRQHandler</name>
         <value>0x46f5</value>
      </symbol>
      <symbol id="sm-9e4">
         <name>FPU_IRQHandler</name>
         <value>0x46f5</value>
      </symbol>
      <symbol id="sm-9e5">
         <name>FLCTL_IRQHandler</name>
         <value>0x46f5</value>
      </symbol>
      <symbol id="sm-9e6">
         <name>COMP_E0_IRQHandler</name>
         <value>0x46f5</value>
      </symbol>
      <symbol id="sm-9e7">
         <name>COMP_E1_IRQHandler</name>
         <value>0x46f5</value>
      </symbol>
      <symbol id="sm-9e8">
         <name>TA0_0_IRQHandler</name>
         <value>0x350b</value>
      </symbol>
      <symbol id="sm-9e9">
         <name>TA0_N_IRQHandler</name>
         <value>0x46f5</value>
      </symbol>
      <symbol id="sm-9ea">
         <name>TA1_0_IRQHandler</name>
         <value>0x46f5</value>
      </symbol>
      <symbol id="sm-9eb">
         <name>TA1_N_IRQHandler</name>
         <value>0x46f5</value>
      </symbol>
      <symbol id="sm-9ec">
         <name>TA2_0_IRQHandler</name>
         <value>0x46f5</value>
      </symbol>
      <symbol id="sm-9ed">
         <name>TA2_N_IRQHandler</name>
         <value>0x46f5</value>
      </symbol>
      <symbol id="sm-9ee">
         <name>TA3_0_IRQHandler</name>
         <value>0x46f5</value>
      </symbol>
      <symbol id="sm-9ef">
         <name>TA3_N_IRQHandler</name>
         <value>0x46f5</value>
      </symbol>
      <symbol id="sm-9f0">
         <name>EUSCIA0_IRQHandler</name>
         <value>0x300d</value>
      </symbol>
      <symbol id="sm-9f1">
         <name>EUSCIA1_IRQHandler</name>
         <value>0x46f5</value>
      </symbol>
      <symbol id="sm-9f2">
         <name>EUSCIA2_IRQHandler</name>
         <value>0x46f5</value>
      </symbol>
      <symbol id="sm-9f3">
         <name>EUSCIA3_IRQHandler</name>
         <value>0x46f5</value>
      </symbol>
      <symbol id="sm-9f4">
         <name>EUSCIB0_IRQHandler</name>
         <value>0x46f5</value>
      </symbol>
      <symbol id="sm-9f5">
         <name>EUSCIB1_IRQHandler</name>
         <value>0x46f5</value>
      </symbol>
      <symbol id="sm-9f6">
         <name>EUSCIB2_IRQHandler</name>
         <value>0x46f5</value>
      </symbol>
      <symbol id="sm-9f7">
         <name>EUSCIB3_IRQHandler</name>
         <value>0x46f5</value>
      </symbol>
      <symbol id="sm-9f8">
         <name>ADC14_IRQHandler</name>
         <value>0x46f5</value>
      </symbol>
      <symbol id="sm-9f9">
         <name>T32_INT1_IRQHandler</name>
         <value>0x46f5</value>
      </symbol>
      <symbol id="sm-9fa">
         <name>T32_INT2_IRQHandler</name>
         <value>0x46f5</value>
      </symbol>
      <symbol id="sm-9fb">
         <name>T32_INTC_IRQHandler</name>
         <value>0x46f5</value>
      </symbol>
      <symbol id="sm-9fc">
         <name>AES256_IRQHandler</name>
         <value>0x46f5</value>
      </symbol>
      <symbol id="sm-9fd">
         <name>RTC_C_IRQHandler</name>
         <value>0x46f5</value>
      </symbol>
      <symbol id="sm-9fe">
         <name>DMA_ERR_IRQHandler</name>
         <value>0x46f5</value>
      </symbol>
      <symbol id="sm-9ff">
         <name>DMA_INT3_IRQHandler</name>
         <value>0x46f5</value>
      </symbol>
      <symbol id="sm-a00">
         <name>DMA_INT2_IRQHandler</name>
         <value>0x46f5</value>
      </symbol>
      <symbol id="sm-a01">
         <name>DMA_INT1_IRQHandler</name>
         <value>0x46f5</value>
      </symbol>
      <symbol id="sm-a02">
         <name>DMA_INT0_IRQHandler</name>
         <value>0x46f5</value>
      </symbol>
      <symbol id="sm-a03">
         <name>PORT1_IRQHandler</name>
         <value>0x24f1</value>
      </symbol>
      <symbol id="sm-a04">
         <name>PORT2_IRQHandler</name>
         <value>0x46f5</value>
      </symbol>
      <symbol id="sm-a05">
         <name>PORT3_IRQHandler</name>
         <value>0x46f5</value>
      </symbol>
      <symbol id="sm-a06">
         <name>PORT4_IRQHandler</name>
         <value>0x46f5</value>
      </symbol>
      <symbol id="sm-a07">
         <name>PORT5_IRQHandler</name>
         <value>0x46f5</value>
      </symbol>
      <symbol id="sm-a08">
         <name>PORT6_IRQHandler</name>
         <value>0x46f5</value>
      </symbol>
      <symbol id="sm-a09">
         <name>remove</name>
         <value>0x4545</value>
      </symbol>
   </symbol_table>
   <title>Link successful</title>
</link_info>
