******************************************************************************
                  TI ARM Linker PC v20.2.4                     
******************************************************************************
>> Linked Sat May  1 16:20:40 2021

OUTPUT FILE NAME:   <ESD_Project.out>
ENTRY POINT SYMBOL: "_c_int00_noargs"  address: 00003cf9


MEMORY CONFIGURATION

         name            origin    length      used     unused   attr    fill
----------------------  --------  ---------  --------  --------  ----  --------
  MAIN                  00000000   00040000  00004319  0003bce7  R  X
  INFO                  00200000   00004000  00000000  00004000  R  X
  SRAM_CODE             01000000   00010000  00000bdc  0000f424  RW X
  SRAM_DATA             20000000   00010000  00000bdc  0000f424  RW  


SEGMENT ALLOCATION MAP

run origin  load origin   length   init length attrs members
----------  ----------- ---------- ----------- ----- -------
00000000    00000000    00004320   00004320    r-x
  00000000    00000000    000000e4   000000e4    r-- .intvecs
  000000e4    000000e4    00003ebc   00003ebc    r-x .text
  00003fa0    00003fa0    000002e1   000002e1    r-- .const
  00004288    00004288    00000098   00000098    r-- .cinit
20000000    20000000    000009dc   00000000    rw-
  20000000    20000000    00000400   00000000    rw- .sysmem
  20000400    20000400    000003ec   00000000    rw- .bss
  200007ec    200007ec    000001f0   00000000    rw- .data
2000fe00    2000fe00    00000200   00000000    rw-
  2000fe00    2000fe00    00000200   00000000    rw- .stack


SECTION ALLOCATION MAP

 output                                  attributes/
section   page    origin      length       input sections
--------  ----  ----------  ----------   ----------------
.intvecs   0    00000000    000000e4     
                  00000000    000000e4     startup_msp432p401r_ccs.obj (.intvecs:retain)

.text      0    000000e4    00003ebc     
                  000000e4    00000a4e     rtsv7M4_T_le_v4SPD16_eabi.lib : _printfi.c.obj (.text:__TI_printfi)
                  00000b32    00000002                                   : _lock.c.obj (.text:_nop)
                  00000b34    000003f0     cbfifo.obj (.text)
                  00000f24    00000334     system_msp432p401r.obj (.text)
                  00001258    00000330     si7021_i2c.obj (.text)
                  00001588    00000270     rtsv7M4_T_le_v4SPD16_eabi.lib : _printfi.c.obj (.text:_pconv_a)
                  000017f8    0000026c     main.obj (.text)
                  00001a64    0000025c     lcd_spi.obj (.text)
                  00001cc0    000001d0     rtsv7M4_T_le_v4SPD16_eabi.lib : _printfi.c.obj (.text:_pconv_g)
                  00001e90    000001b6                                   : fd_add_t2.asm.obj (.text)
                  00002046    00000002                                   : div0.asm.obj (.text)
                  00002048    00000150     switch.obj (.text)
                  00002198    0000013c     rtsv7M4_T_le_v4SPD16_eabi.lib : _printfi.c.obj (.text:_pconv_e)
                  000022d4    00000136                                   : fd_div_t2.asm.obj (.text)
                  0000240a    00000002     --HOLE-- [fill = 0]
                  0000240c    00000124                                   : _printfi.c.obj (.text:fcvt)
                  00002530    00000120     rtc.obj (.text)
                  00002650    00000114     rtsv7M4_T_le_v4SPD16_eabi.lib : fputs.c.obj (.text:fputs)
                  00002764    00000110                                   : s_scalbn.c.obj (.text:scalbn)
                  00002874    00000108     uart.obj (.text)
                  0000297c    00000100     rtsv7M4_T_le_v4SPD16_eabi.lib : memory.c.obj (.text:aligned_alloc)
                  00002a7c    000000fc                                   : fd_mul_t2.asm.obj (.text)
                  00002b78    000000e4                                   : memory.c.obj (.text:free)
                  00002c5c    000000dc                                   : setvbuf.c.obj (.text:setvbuf)
                  00002d38    000000c0     systimer.obj (.text)
                  00002df8    000000b1     rtsv7M4_T_le_v4SPD16_eabi.lib : _printfi.c.obj (.text:_ltostr)
                  00002ea9    00000001     --HOLE-- [fill = 0]
                  00002eaa    0000009c                                   : memcpy_t2.asm.obj (.text)
                  00002f46    00000096                                   : ull_div_t2.asm.obj (.text)
                  00002fdc    0000008c                                   : fputc.c.obj (.text:fputc)
                  00003068    00000086                                   : fd_cmp_t2.asm.obj (.text:__aeabi_cdcmple)
                  000030ee    00000086                                   : fd_cmp_t2.asm.obj (.text:__aeabi_cdrcmple)
                  00003174    0000007a                                   : memset_t2.asm.obj (.text)
                  000031ee    00000002     --HOLE-- [fill = 0]
                  000031f0    00000074                                   : fclose.c.obj (.text:__TI_closefile)
                  00003264    00000070                                   : memory.c.obj (.text:split)
                  000032d4    0000006e                                   : _printfi.c.obj (.text:_mcpy)
                  00003342    0000006e                                   : fd_tos_t2.asm.obj (.text)
                  000033b0    0000006c                                   : hostrename.c.obj (.text:HOSTrename)
                  0000341c    00000068                                   : hostlseek.c.obj (.text:HOSTlseek)
                  00003484    00000068                                   : copy_decompress_lzss.c.obj (.text:decompress:lzss:__TI_decompress_lzss)
                  000034ec    00000068                                   : printf.c.obj (.text:printf)
                  00003554    00000064                                   : s_frexp.c.obj (.text:frexp)
                  000035b8    00000064                                   : fseek.c.obj (.text:fseek)
                  0000361c    00000062                                   : _io_perm.c.obj (.text:__TI_wrt_ok)
                  0000367e    00000002     --HOLE-- [fill = 0]
                  00003680    00000060                                   : hostopen.c.obj (.text:HOSTopen)
                  000036e0    0000005c                                   : close.c.obj (.text:close)
                  0000373c    00000058                                   : hostread.c.obj (.text:HOSTread)
                  00003794    00000058                                   : hostwrite.c.obj (.text:HOSTwrite)
                  000037ec    00000056                                   : _printfi.c.obj (.text:_pconv_f)
                  00003842    00000054                                   : _ltoa.c.obj (.text:__TI_ltoa)
                  00003896    00000052                                   : _printfi.c.obj (.text:_ecpy)
                  000038e8    0000004c                                   : fflush.c.obj (.text:__TI_doflush)
                  00003934    0000004c                                   : atoi.c.obj (.text:atoi)
                  00003980    00000048                                   : exit.c.obj (.text:exit)
                  000039c8    00000048     gpio.obj (.text)
                  00003a10    00000048     rtsv7M4_T_le_v4SPD16_eabi.lib : fd_toi_t2.asm.obj (.text)
                  00003a58    00000044                                   : hostclose.c.obj (.text:HOSTclose)
                  00003a9c    00000044                                   : hostunlink.c.obj (.text:HOSTunlink)
                  00003ae0    00000044                                   : autoinit.c.obj (.text:__TI_auto_init_nobinit_nopinit:__TI_auto_init_nobinit_nopinit)
                  00003b24    00000044                                   : getdevice.c.obj (.text:getdevice)
                  00003b68    00000040                                   : sprintf.c.obj (.text:sprintf)
                  00003ba8    0000003e                                   : _printfi.c.obj (.text:_fcpy)
                  00003be6    00000002     --HOLE-- [fill = 0]
                  00003be8    00000038                                   : trgmsg.c.obj (.text:__TI_writemsg)
                  00003c20    00000038                                   : fs_tod_t2.asm.obj (.text)
                  00003c58    00000036                                   : strncpy.c.obj (.text:strncpy)
                  00003c8e    00000002     --HOLE-- [fill = 0]
                  00003c90    00000034                                   : fopen.c.obj (.text:__TI_cleanup)
                  00003cc4    00000034                                   : trgmsg.c.obj (.text:__TI_readmsg)
                  00003cf8    00000034                                   : boot_cortex_m.c.obj (.text:_c_int00_noargs:_c_int00_noargs)
                  00003d2c    00000030                                   : getdevice.c.obj (.text:finddevice)
                  00003d5c    0000002e                                   : i_tofd_t2.asm.obj (.text)
                  00003d8a    0000002e                                   : strncat.c.obj (.text:strncat)
                  00003db8    0000002c                                   : unlink.c.obj (.text:unlink)
                  00003de4    00000028                                   : memory.c.obj (.text:free_list_insert)
                  00003e0c    00000028                                   : lseek.c.obj (.text:lseek)
                  00003e34    00000028                                   : write.c.obj (.text:write)
                  00003e5c    00000020                                   : memchr.c.obj (.text:memchr)
                  00003e7c    0000001c                                   : memory.c.obj (.text:free_list_remove)
                  00003e98    0000001c                                   : memccpy.c.obj (.text:memccpy)
                  00003eb4    0000001a                                   : s_copysign.c.obj (.text:copysign)
                  00003ece    00000018                                   : sprintf.c.obj (.text:_outs)
                  00003ee6    00000018                                   : strcmp.c.obj (.text:strcmp)
                  00003efe    00000016                                   : strchr.c.obj (.text:strchr)
                  00003f14    00000014                                   : strcpy.c.obj (.text:strcpy)
                  00003f28    00000014                                   : strlen.c.obj (.text:strlen)
                  00003f3c    00000012                                   : wcslen.c.obj (.text:wcslen)
                  00003f4e    0000000e                                   : copy_decompress_none.c.obj (.text:decompress:none:__TI_decompress_none)
                  00003f5c    0000000e     startup_msp432p401r_ccs.obj (.text)
                  00003f6a    0000000c     rtsv7M4_T_le_v4SPD16_eabi.lib : copy_zero_init.c.obj (.text:decompress:ZI:__TI_zero_init)
                  00003f76    0000000a                                   : sprintf.c.obj (.text:_outc)
                  00003f80    00000008                                   : errno.c.obj (.text:__aeabi_errno_addr)
                  00003f88    00000008                                   : memory.c.obj (.text:malloc)
                  00003f90    00000004                                   : printf.c.obj (.text:_outc)
                  00003f94    00000004                                   : printf.c.obj (.text:_outs)
                  00003f98    00000004                                   : pre_init.c.obj (.text:_system_pre_init)
                  00003f9c    00000004                                   : exit.c.obj (.text:abort:abort)

.const     0    00003fa0    000002e1     
                  00003fa0    000001e0     lcd_spi.obj (.const:font)
                  00004180    00000101     rtsv7M4_T_le_v4SPD16_eabi.lib : ctype.c.obj (.const:.string:_ctypes_)

.cinit     0    00004288    00000098     
                  00004288    0000006f     (.cinit..data.load) [load image, compression = lzss]
                  000042f7    00000001     --HOLE-- [fill = 0]
                  000042f8    0000000c     (__TI_handler_table)
                  00004304    00000004     --HOLE-- [fill = 0]
                  00004308    00000008     (.cinit..bss.load) [load image, compression = zero_init]
                  00004310    00000010     (__TI_cinit_table)

.init_array 
*          0    00000000    00000000     UNINITIALIZED

.binit     0    00000000    00000000     

.sysmem    0    20000000    00000400     UNINITIALIZED
                  20000000    00000010     rtsv7M4_T_le_v4SPD16_eabi.lib : memory.c.obj (.sysmem)
                  20000010    000003f0     --HOLE--

.bss       0    20000400    000003ec     UNINITIALIZED
                  20000400    00000120     rtsv7M4_T_le_v4SPD16_eabi.lib : trgmsg.c.obj (.bss:_CIOBUF_)
                  20000520    00000108     (.common:cbfifo_rx)
                  20000628    00000108     (.common:cbfifo_tx)
                  20000730    000000a0     (.common:__TI_tmpnams)
                  200007d0    00000008     (.common:parmbuf)
                  200007d8    00000008     (.common:si7021_databuffer)
                  200007e0    00000004     (.common:T_RH_poll_frequency)
                  200007e4    00000004     (.common:si7021_humidity)
                  200007e8    00000004     (.common:si7021_temp_in_degC)

.data      0    200007ec    000001f0     UNINITIALIZED
                  200007ec    000000f0     rtsv7M4_T_le_v4SPD16_eabi.lib : defs.c.obj (.data:_ftable)
                  200008dc    00000078                                   : host_device.c.obj (.data:_device)
                  20000954    00000050                                   : host_device.c.obj (.data:_stream)
                  200009a4    00000010                                   : defs.c.obj (.data)
                  200009b4    0000000c                                   : exit.c.obj (.data:$O1$$)
                  200009c0    00000008                                   : _lock.c.obj (.data:$O1$$)
                  200009c8    00000008                                   : memory.c.obj (.data:$O1$$)
                  200009d0    00000004                                   : errno.c.obj (.data)
                  200009d4    00000004     system_msp432p401r.obj (.data)
                  200009d8    00000004     systimer.obj (.data)

.stack     0    2000fe00    00000200     UNINITIALIZED
                  2000fe00    00000004     rtsv7M4_T_le_v4SPD16_eabi.lib : boot_cortex_m.c.obj (.stack)
                  2000fe04    000001fc     --HOLE--

__llvm_prf_cnts 
*          0    20000000    00000000     UNINITIALIZED

MODULE SUMMARY

       Module                        code    ro data   rw data
       ------                        ----    -------   -------
    .\
       uart.obj                      264     0         1056   
       lcd_spi.obj                   604     480       0      
       cbfifo.obj                    1008    0         0      
       si7021_i2c.obj                816     0         16     
       system_msp432p401r.obj        820     0         8      
       main.obj                      620     0         24     
       switch.obj                    336     0         0      
       rtc.obj                       288     0         0      
       startup_msp432p401r_ccs.obj   14      228       0      
       systimer.obj                  192     0         8      
       gpio.obj                      72      0         0      
    +--+-----------------------------+-------+---------+---------+
       Total:                        5034    708       1112   
                                                              
    C:\ti\ccs1020\ccs\tools\compiler\ti-cgt-arm_20.2.4.LTS\lib\rtsv7M4_T_le_v4SPD16_eabi.lib
       _printfi.c.obj                4851    0         0      
       defs.c.obj                    0       0         832    
       memory.c.obj                  672     0         16     
       trgmsg.c.obj                  108     0         576    
       fd_add_t2.asm.obj             438     0         0      
       host_device.c.obj             0       0         400    
       fd_div_t2.asm.obj             310     0         0      
       fputs.c.obj                   276     0         0      
       s_scalbn.c.obj                272     0         0      
       fd_cmp_t2.asm.obj             268     0         0      
       ctype.c.obj                   0       257       0      
       fd_mul_t2.asm.obj             252     0         0      
       setvbuf.c.obj                 220     0         0      
       memcpy_t2.asm.obj             156     0         0      
       ull_div_t2.asm.obj            150     0         0      
       fputc.c.obj                   140     0         0      
       memset_t2.asm.obj             122     0         0      
       fclose.c.obj                  116     0         0      
       getdevice.c.obj               116     0         0      
       hostopen.c.obj                96      0         16     
       printf.c.obj                  112     0         0      
       fd_tos_t2.asm.obj             110     0         0      
       hostrename.c.obj              108     0         0      
       copy_decompress_lzss.c.obj    104     0         0      
       hostlseek.c.obj               104     0         0      
       exit.c.obj                    76      0         24     
       fseek.c.obj                   100     0         0      
       s_frexp.c.obj                 100     0         0      
       _io_perm.c.obj                98      0         0      
       sprintf.c.obj                 98      0         0      
       close.c.obj                   92      0         0      
       hostread.c.obj                88      0         0      
       hostwrite.c.obj               88      0         0      
       _ltoa.c.obj                   84      0         0      
       atoi.c.obj                    76      0         0      
       fflush.c.obj                  76      0         0      
       fd_toi_t2.asm.obj             72      0         0      
       autoinit.c.obj                68      0         0      
       hostclose.c.obj               68      0         0      
       hostunlink.c.obj              68      0         0      
       fs_tod_t2.asm.obj             56      0         0      
       strncpy.c.obj                 54      0         0      
       boot_cortex_m.c.obj           52      0         0      
       fopen.c.obj                   52      0         0      
       i_tofd_t2.asm.obj             46      0         0      
       strncat.c.obj                 46      0         0      
       unlink.c.obj                  44      0         0      
       lseek.c.obj                   40      0         0      
       write.c.obj                   40      0         0      
       memchr.c.obj                  32      0         0      
       memccpy.c.obj                 28      0         0      
       s_copysign.c.obj              26      0         0      
       strcmp.c.obj                  24      0         0      
       strchr.c.obj                  22      0         0      
       strcpy.c.obj                  20      0         0      
       strlen.c.obj                  20      0         0      
       _lock.c.obj                   2       0         16     
       wcslen.c.obj                  18      0         0      
       errno.c.obj                   8       0         8      
       copy_decompress_none.c.obj    14      0         0      
       copy_zero_init.c.obj          12      0         0      
       pre_init.c.obj                4       0         0      
       div0.asm.obj                  2       0         0      
    +--+-----------------------------+-------+---------+---------+
       Total:                        11015   257       1888   
                                                              
       Heap:                         0       0         2048   
       Stack:                        0       0         1024   
       Linker Generated:             0       147       0      
    +--+-----------------------------+-------+---------+---------+
       Grand Total:                  16049   1112      6072   


LINKER GENERATED COPY TABLES

__TI_cinit_table @ 00004310 records: 2, size/record: 8, table size: 16
	.data: load addr=00004288, load size=0000006f bytes, run addr=200007ec, run size=000001f0 bytes, compression=lzss
	.bss: load addr=00004308, load size=00000008 bytes, run addr=20000400, run size=000003ec bytes, compression=zero_init


LINKER GENERATED HANDLER TABLE

__TI_handler_table @ 000042f8 records: 3, size/record: 4, table size: 12
	index: 0, handler: __TI_decompress_lzss
	index: 1, handler: __TI_decompress_none
	index: 2, handler: __TI_zero_init


GLOBAL SYMBOLS: SORTED ALPHABETICALLY BY Name 

address   name                                   
-------   ----                                   
00003f69  ADC14_IRQHandler                       
00003f69  AES256_IRQHandler                      
00003f69  BusFault_Handler                       
00003f9d  C$$EXIT                                
00003c17  C$$IO$$                                
00003f69  COMP_E0_IRQHandler                     
00003f69  COMP_E1_IRQHandler                     
00003f69  CS_IRQHandler                          
00003f69  DMA_ERR_IRQHandler                     
00003f69  DMA_INT0_IRQHandler                    
00003f69  DMA_INT1_IRQHandler                    
00003f69  DMA_INT2_IRQHandler                    
00003f69  DMA_INT3_IRQHandler                    
00003f69  DebugMon_Handler                       
00003f69  Default_Handler                        
00000db1  DiagnosticMessage                      
00002875  EUSCIA0_IRQHandler                     
00002875  EUSCIA0_IRQHandler                     
00003f69  EUSCIA1_IRQHandler                     
00003f69  EUSCIA2_IRQHandler                     
00003f69  EUSCIA3_IRQHandler                     
00003f69  EUSCIB0_IRQHandler                     
00003f69  EUSCIB1_IRQHandler                     
00003f69  EUSCIB2_IRQHandler                     
00003f69  EUSCIB3_IRQHandler                     
00003f69  FLCTL_IRQHandler                       
00003f69  FPU_IRQHandler                         
00003a59  HOSTclose                              
0000341d  HOSTlseek                              
00003681  HOSTopen                               
0000373d  HOSTread                               
000033b1  HOSTrename                             
00003a9d  HOSTunlink                             
00003795  HOSTwrite                              
00003f69  HardFault_Handler                      
00003f69  MemManage_Handler                      
00003f69  NMI_Handler                            
00003f69  PCM_IRQHandler                         
000020eb  PORT1_IRQHandler                       
000020eb  PORT1_IRQHandler                       
00003f69  PORT2_IRQHandler                       
00003f69  PORT3_IRQHandler                       
00003f69  PORT4_IRQHandler                       
00003f69  PORT5_IRQHandler                       
00003f69  PORT6_IRQHandler                       
00003f69  PSS_IRQHandler                         
00003f69  PendSV_Handler                         
00003f69  RTC_C_IRQHandler                       
00003f5d  Reset_Handler                          
00003f69  SVC_Handler                            
00003f69  SysTick_Handler                        
200009d4  SystemCoreClock                        
00000f25  SystemCoreClockUpdate                  
0000119d  SystemInit                             
00003f69  T32_INT1_IRQHandler                    
00003f69  T32_INT2_IRQHandler                    
00003f69  T32_INTC_IRQHandler                    
00002d73  TA0_0_IRQHandler                       
00002d73  TA0_0_IRQHandler                       
00003f69  TA0_N_IRQHandler                       
00003f69  TA1_0_IRQHandler                       
00003f69  TA1_N_IRQHandler                       
00003f69  TA2_0_IRQHandler                       
00003f69  TA2_N_IRQHandler                       
00003f69  TA3_0_IRQHandler                       
00003f69  TA3_N_IRQHandler                       
200007e0  T_RH_poll_frequency                    
00003f69  UsageFault_Handler                     
4000480c  WDTCTL_SYM                             
00003f69  WDT_A_IRQHandler                       
20000400  __CIOBUF_                              
20010000  __STACK_END                            
00000200  __STACK_SIZE                           
00000400  __SYSMEM_SIZE                          
00004310  __TI_CINIT_Base                        
00004320  __TI_CINIT_Limit                       
000042f8  __TI_Handler_Table_Base                
00004304  __TI_Handler_Table_Limit               
00003ae1  __TI_auto_init_nobinit_nopinit         
00003c91  __TI_cleanup                           
200009b4  __TI_cleanup_ptr                       
000031f1  __TI_closefile                         
00003485  __TI_decompress_lzss                   
00003f4f  __TI_decompress_none                   
000038e9  __TI_doflush                           
200009b8  __TI_dtors_ptr                         
200009bc  __TI_enable_exit_profile_output        
200009a4  __TI_ft_end                            
00003843  __TI_ltoa                              
ffffffff  __TI_pprof_out_hndl                    
000000e5  __TI_printfi                           
ffffffff  __TI_prof_data_size                    
ffffffff  __TI_prof_data_start                   
00003cc5  __TI_readmsg                           
00000000  __TI_static_base__                     
20000730  __TI_tmpnams                           
00003be9  __TI_writemsg                          
0000361d  __TI_wrt_ok                            
00003f6b  __TI_zero_init                         
00003069  __aeabi_cdcmpeq                        
00003069  __aeabi_cdcmple                        
000030ef  __aeabi_cdrcmple                       
00003343  __aeabi_d2f                            
00003a11  __aeabi_d2iz                           
00001e9b  __aeabi_dadd                           
000022d5  __aeabi_ddiv                           
00002a7d  __aeabi_dmul                           
00001e91  __aeabi_dsub                           
00003f81  __aeabi_errno_addr                     
00003c21  __aeabi_f2d                            
00003d5d  __aeabi_i2d                            
00002047  __aeabi_idiv0                          
00002047  __aeabi_ldiv0                          
00003175  __aeabi_memclr                         
00003175  __aeabi_memclr4                        
00003175  __aeabi_memclr8                        
00002eab  __aeabi_memcpy                         
00002eab  __aeabi_memcpy4                        
00002eab  __aeabi_memcpy8                        
00003177  __aeabi_memset                         
00003177  __aeabi_memset4                        
00003177  __aeabi_memset8                        
200009b0  __aeabi_stderr                         
200009a8  __aeabi_stdin                          
200009ac  __aeabi_stdout                         
00002f47  __aeabi_uldivmod                       
ffffffff  __binit__                              
ffffffff  __c_args__                             
UNDEFED   __mpu_init                             
2000fe00  __stack                                
20000000  __start___llvm_prf_cnts                
20000000  __stop___llvm_prf_cnts                 
00003cf9  _c_int00_noargs                        
00004180  _ctypes_                               
200008dc  _device                                
200007ec  _ftable                                
200009c0  _lock                                  
00000b33  _nop                                   
20000954  _stream                                
20000000  _sys_memory                            
UNDEFED   _system_post_cinit                     
00003f99  _system_pre_init                       
200009c4  _unlock                                
00003f9d  abort                                  
0000297d  aligned_alloc                          
00003935  atoi                                   
ffffffff  binit                                  
00002581  calculate_rtc_time                     
00000d67  cbfifo_capacity                        
00000c3b  cbfifo_dequeue                         
00000d79  cbfifo_dump_state                      
00000b35  cbfifo_enqueue                         
00000def  cbfifo_full                            
00000e09  cbfifo_init                            
00000d45  cbfifo_length                          
20000520  cbfifo_rx                              
20000628  cbfifo_tx                              
00001c21  clear_lcd                              
000028bb  clock_init                             
000036e1  close                                  
000028e1  config_uart                            
00003eb5  copysign                               
00003eb5  copysignl                              
00002da5  delay_msec                             
00002dab  delay_usec                             
200009d0  errno                                  
00003981  exit                                   
00003d2d  finddevice                             
00002fdd  fputc                                  
00002651  fputs                                  
00002b79  free                                   
00003555  frexp                                  
00003555  frexpl                                 
000035b9  fseek                                  
200009d8  g_count                                
200009da  g_counter2                             
00003b25  getdevice                              
000039c9  gpio_init                              
00001af3  init_lcd                               
00002d39  init_timer                             
00000000  interruptVectors                       
00002765  ldexp                                  
00002765  ldexpl                                 
00003e0d  lseek                                  
000017f9  main                                   
00003f89  malloc                                 
0000297d  memalign                               
00003e99  memccpy                                
00003e5d  memchr                                 
00002eab  memcpy                                 
0000317d  memset                                 
200007d0  parmbuf                                
000034ed  printf                                 
00002fdd  putc                                   
00003db9  remove                                 
00002d9d  reset_timer                            
00002531  rtc_init                               
00002765  scalbn                                 
00002765  scalbnl                                
00001c57  set_address                            
00002c5d  setvbuf                                
200007d8  si7021_databuffer                      
200007e4  si7021_humidity                        
00001259  si7021_i2c_init                        
200007e8  si7021_temp_in_degC                    
00001421  si7021_temperature_humidity_measurement
00001aad  spi_config                             
00003b69  sprintf                                
00003eff  strchr                                 
00003ee7  strcmp                                 
00003f15  strcpy                                 
00003f29  strlen                                 
00003d8b  strncat                                
00003c59  strncpy                                
00002049  switch_init                            
00003db9  unlink                                 
00003f3d  wcslen                                 
00003e35  write                                  
00001bb5  write_char_to_lcd                      
00001c05  write_string_to_lcd                    
00001b55  write_to_lcd                           


GLOBAL SYMBOLS: SORTED BY Symbol Address 

address   name                                   
-------   ----                                   
00000000  __TI_static_base__                     
00000000  interruptVectors                       
000000e5  __TI_printfi                           
00000200  __STACK_SIZE                           
00000400  __SYSMEM_SIZE                          
00000b33  _nop                                   
00000b35  cbfifo_enqueue                         
00000c3b  cbfifo_dequeue                         
00000d45  cbfifo_length                          
00000d67  cbfifo_capacity                        
00000d79  cbfifo_dump_state                      
00000db1  DiagnosticMessage                      
00000def  cbfifo_full                            
00000e09  cbfifo_init                            
00000f25  SystemCoreClockUpdate                  
0000119d  SystemInit                             
00001259  si7021_i2c_init                        
00001421  si7021_temperature_humidity_measurement
000017f9  main                                   
00001aad  spi_config                             
00001af3  init_lcd                               
00001b55  write_to_lcd                           
00001bb5  write_char_to_lcd                      
00001c05  write_string_to_lcd                    
00001c21  clear_lcd                              
00001c57  set_address                            
00001e91  __aeabi_dsub                           
00001e9b  __aeabi_dadd                           
00002047  __aeabi_idiv0                          
00002047  __aeabi_ldiv0                          
00002049  switch_init                            
000020eb  PORT1_IRQHandler                       
000020eb  PORT1_IRQHandler                       
000022d5  __aeabi_ddiv                           
00002531  rtc_init                               
00002581  calculate_rtc_time                     
00002651  fputs                                  
00002765  ldexp                                  
00002765  ldexpl                                 
00002765  scalbn                                 
00002765  scalbnl                                
00002875  EUSCIA0_IRQHandler                     
00002875  EUSCIA0_IRQHandler                     
000028bb  clock_init                             
000028e1  config_uart                            
0000297d  aligned_alloc                          
0000297d  memalign                               
00002a7d  __aeabi_dmul                           
00002b79  free                                   
00002c5d  setvbuf                                
00002d39  init_timer                             
00002d73  TA0_0_IRQHandler                       
00002d73  TA0_0_IRQHandler                       
00002d9d  reset_timer                            
00002da5  delay_msec                             
00002dab  delay_usec                             
00002eab  __aeabi_memcpy                         
00002eab  __aeabi_memcpy4                        
00002eab  __aeabi_memcpy8                        
00002eab  memcpy                                 
00002f47  __aeabi_uldivmod                       
00002fdd  fputc                                  
00002fdd  putc                                   
00003069  __aeabi_cdcmpeq                        
00003069  __aeabi_cdcmple                        
000030ef  __aeabi_cdrcmple                       
00003175  __aeabi_memclr                         
00003175  __aeabi_memclr4                        
00003175  __aeabi_memclr8                        
00003177  __aeabi_memset                         
00003177  __aeabi_memset4                        
00003177  __aeabi_memset8                        
0000317d  memset                                 
000031f1  __TI_closefile                         
00003343  __aeabi_d2f                            
000033b1  HOSTrename                             
0000341d  HOSTlseek                              
00003485  __TI_decompress_lzss                   
000034ed  printf                                 
00003555  frexp                                  
00003555  frexpl                                 
000035b9  fseek                                  
0000361d  __TI_wrt_ok                            
00003681  HOSTopen                               
000036e1  close                                  
0000373d  HOSTread                               
00003795  HOSTwrite                              
00003843  __TI_ltoa                              
000038e9  __TI_doflush                           
00003935  atoi                                   
00003981  exit                                   
000039c9  gpio_init                              
00003a11  __aeabi_d2iz                           
00003a59  HOSTclose                              
00003a9d  HOSTunlink                             
00003ae1  __TI_auto_init_nobinit_nopinit         
00003b25  getdevice                              
00003b69  sprintf                                
00003be9  __TI_writemsg                          
00003c17  C$$IO$$                                
00003c21  __aeabi_f2d                            
00003c59  strncpy                                
00003c91  __TI_cleanup                           
00003cc5  __TI_readmsg                           
00003cf9  _c_int00_noargs                        
00003d2d  finddevice                             
00003d5d  __aeabi_i2d                            
00003d8b  strncat                                
00003db9  remove                                 
00003db9  unlink                                 
00003e0d  lseek                                  
00003e35  write                                  
00003e5d  memchr                                 
00003e99  memccpy                                
00003eb5  copysign                               
00003eb5  copysignl                              
00003ee7  strcmp                                 
00003eff  strchr                                 
00003f15  strcpy                                 
00003f29  strlen                                 
00003f3d  wcslen                                 
00003f4f  __TI_decompress_none                   
00003f5d  Reset_Handler                          
00003f69  ADC14_IRQHandler                       
00003f69  AES256_IRQHandler                      
00003f69  BusFault_Handler                       
00003f69  COMP_E0_IRQHandler                     
00003f69  COMP_E1_IRQHandler                     
00003f69  CS_IRQHandler                          
00003f69  DMA_ERR_IRQHandler                     
00003f69  DMA_INT0_IRQHandler                    
00003f69  DMA_INT1_IRQHandler                    
00003f69  DMA_INT2_IRQHandler                    
00003f69  DMA_INT3_IRQHandler                    
00003f69  DebugMon_Handler                       
00003f69  Default_Handler                        
00003f69  EUSCIA1_IRQHandler                     
00003f69  EUSCIA2_IRQHandler                     
00003f69  EUSCIA3_IRQHandler                     
00003f69  EUSCIB0_IRQHandler                     
00003f69  EUSCIB1_IRQHandler                     
00003f69  EUSCIB2_IRQHandler                     
00003f69  EUSCIB3_IRQHandler                     
00003f69  FLCTL_IRQHandler                       
00003f69  FPU_IRQHandler                         
00003f69  HardFault_Handler                      
00003f69  MemManage_Handler                      
00003f69  NMI_Handler                            
00003f69  PCM_IRQHandler                         
00003f69  PORT2_IRQHandler                       
00003f69  PORT3_IRQHandler                       
00003f69  PORT4_IRQHandler                       
00003f69  PORT5_IRQHandler                       
00003f69  PORT6_IRQHandler                       
00003f69  PSS_IRQHandler                         
00003f69  PendSV_Handler                         
00003f69  RTC_C_IRQHandler                       
00003f69  SVC_Handler                            
00003f69  SysTick_Handler                        
00003f69  T32_INT1_IRQHandler                    
00003f69  T32_INT2_IRQHandler                    
00003f69  T32_INTC_IRQHandler                    
00003f69  TA0_N_IRQHandler                       
00003f69  TA1_0_IRQHandler                       
00003f69  TA1_N_IRQHandler                       
00003f69  TA2_0_IRQHandler                       
00003f69  TA2_N_IRQHandler                       
00003f69  TA3_0_IRQHandler                       
00003f69  TA3_N_IRQHandler                       
00003f69  UsageFault_Handler                     
00003f69  WDT_A_IRQHandler                       
00003f6b  __TI_zero_init                         
00003f81  __aeabi_errno_addr                     
00003f89  malloc                                 
00003f99  _system_pre_init                       
00003f9d  C$$EXIT                                
00003f9d  abort                                  
00004180  _ctypes_                               
000042f8  __TI_Handler_Table_Base                
00004304  __TI_Handler_Table_Limit               
00004310  __TI_CINIT_Base                        
00004320  __TI_CINIT_Limit                       
20000000  __start___llvm_prf_cnts                
20000000  __stop___llvm_prf_cnts                 
20000000  _sys_memory                            
20000400  __CIOBUF_                              
20000520  cbfifo_rx                              
20000628  cbfifo_tx                              
20000730  __TI_tmpnams                           
200007d0  parmbuf                                
200007d8  si7021_databuffer                      
200007e0  T_RH_poll_frequency                    
200007e4  si7021_humidity                        
200007e8  si7021_temp_in_degC                    
200007ec  _ftable                                
200008dc  _device                                
20000954  _stream                                
200009a4  __TI_ft_end                            
200009a8  __aeabi_stdin                          
200009ac  __aeabi_stdout                         
200009b0  __aeabi_stderr                         
200009b4  __TI_cleanup_ptr                       
200009b8  __TI_dtors_ptr                         
200009bc  __TI_enable_exit_profile_output        
200009c0  _lock                                  
200009c4  _unlock                                
200009d0  errno                                  
200009d4  SystemCoreClock                        
200009d8  g_count                                
200009da  g_counter2                             
2000fe00  __stack                                
20010000  __STACK_END                            
4000480c  WDTCTL_SYM                             
ffffffff  __TI_pprof_out_hndl                    
ffffffff  __TI_prof_data_size                    
ffffffff  __TI_prof_data_start                   
ffffffff  __binit__                              
ffffffff  __c_args__                             
ffffffff  binit                                  
UNDEFED   __mpu_init                             
UNDEFED   _system_post_cinit                     

[221 symbols]
