******************************************************************************
                  TI ARM Linker PC v20.2.4                     
******************************************************************************
>> Linked Tue Apr 20 11:06:17 2021

OUTPUT FILE NAME:   <ESD_Project.out>
ENTRY POINT SYMBOL: "_c_int00_noargs"  address: 000032b5


MEMORY CONFIGURATION

         name            origin    length      used     unused   attr    fill
----------------------  --------  ---------  --------  --------  ----  --------
  MAIN                  00000000   00040000  000036b9  0003c947  R  X
  INFO                  00200000   00004000  00000000  00004000  R  X
  SRAM_CODE             01000000   00010000  000009c4  0000f63c  RW X
  SRAM_DATA             20000000   00010000  000009c4  0000f63c  RW  


SEGMENT ALLOCATION MAP

run origin  load origin   length   init length attrs members
----------  ----------- ---------- ----------- ----- -------
00000000    00000000    000036c0   000036c0    r-x
  00000000    00000000    000000e4   000000e4    r-- .intvecs
  000000e4    000000e4    0000343c   0000343c    r-x .text
  00003520    00003520    00000101   00000101    r-- .const
  00003628    00003628    00000098   00000098    r-- .cinit
20000000    20000000    000007c4   00000000    rw-
  20000000    20000000    00000400   00000000    rw- .sysmem
  20000400    20000400    000001f0   00000000    rw- .data
  200005f0    200005f0    000001d4   00000000    rw- .bss
2000fe00    2000fe00    00000200   00000000    rw-
  2000fe00    2000fe00    00000200   00000000    rw- .stack


SECTION ALLOCATION MAP

 output                                  attributes/
section   page    origin      length       input sections
--------  ----  ----------  ----------   ----------------
.intvecs   0    00000000    000000e4     
                  00000000    000000e4     startup_msp432p401r_ccs.obj (.intvecs:retain)

.text      0    000000e4    0000343c     
                  000000e4    00000a4e     rtsv7M4_T_le_v4SPD16_eabi.lib : _printfi.c.obj (.text:__TI_printfi)
                  00000b32    00000002                                   : _lock.c.obj (.text:_nop)
                  00000b34    00000390     i2c.obj (.text)
                  00000ec4    00000334     system_msp432p401r.obj (.text)
                  000011f8    00000270     rtsv7M4_T_le_v4SPD16_eabi.lib : _printfi.c.obj (.text:_pconv_a)
                  00001468    000001d0                                   : _printfi.c.obj (.text:_pconv_g)
                  00001638    000001cc     switch.obj (.text)
                  00001804    000001b6     rtsv7M4_T_le_v4SPD16_eabi.lib : fd_add_t2.asm.obj (.text)
                  000019ba    00000002                                   : div0.asm.obj (.text)
                  000019bc    0000013c                                   : _printfi.c.obj (.text:_pconv_e)
                  00001af8    00000136                                   : fd_div_t2.asm.obj (.text)
                  00001c2e    00000002     --HOLE-- [fill = 0]
                  00001c30    00000124                                   : _printfi.c.obj (.text:fcvt)
                  00001d54    00000124     main.obj (.text)
                  00001e78    00000114     rtsv7M4_T_le_v4SPD16_eabi.lib : fputs.c.obj (.text:fputs)
                  00001f8c    00000110                                   : s_scalbn.c.obj (.text:scalbn)
                  0000209c    00000100                                   : memory.c.obj (.text:aligned_alloc)
                  0000219c    000000fc                                   : fd_mul_t2.asm.obj (.text)
                  00002298    000000e4                                   : memory.c.obj (.text:free)
                  0000237c    000000dc                                   : setvbuf.c.obj (.text:setvbuf)
                  00002458    000000b1                                   : _printfi.c.obj (.text:_ltostr)
                  00002509    00000001     --HOLE-- [fill = 0]
                  0000250a    0000009c                                   : memcpy_t2.asm.obj (.text)
                  000025a6    00000096                                   : ull_div_t2.asm.obj (.text)
                  0000263c    0000008c                                   : fputc.c.obj (.text:fputc)
                  000026c8    00000088     systimer.obj (.text)
                  00002750    00000086     rtsv7M4_T_le_v4SPD16_eabi.lib : fd_cmp_t2.asm.obj (.text:__aeabi_cdcmple)
                  000027d6    00000086                                   : fd_cmp_t2.asm.obj (.text:__aeabi_cdrcmple)
                  0000285c    0000007a                                   : memset_t2.asm.obj (.text)
                  000028d6    00000002     --HOLE-- [fill = 0]
                  000028d8    00000074                                   : fclose.c.obj (.text:__TI_closefile)
                  0000294c    00000070                                   : memory.c.obj (.text:split)
                  000029bc    0000006e                                   : _printfi.c.obj (.text:_mcpy)
                  00002a2a    00000002     --HOLE-- [fill = 0]
                  00002a2c    0000006c                                   : hostrename.c.obj (.text:HOSTrename)
                  00002a98    00000068                                   : hostlseek.c.obj (.text:HOSTlseek)
                  00002b00    00000068                                   : copy_decompress_lzss.c.obj (.text:decompress:lzss:__TI_decompress_lzss)
                  00002b68    00000068                                   : printf.c.obj (.text:printf)
                  00002bd0    00000064                                   : s_frexp.c.obj (.text:frexp)
                  00002c34    00000064                                   : fseek.c.obj (.text:fseek)
                  00002c98    00000062                                   : _io_perm.c.obj (.text:__TI_wrt_ok)
                  00002cfa    00000002     --HOLE-- [fill = 0]
                  00002cfc    00000060                                   : hostopen.c.obj (.text:HOSTopen)
                  00002d5c    0000005c                                   : close.c.obj (.text:close)
                  00002db8    00000058                                   : hostread.c.obj (.text:HOSTread)
                  00002e10    00000058                                   : hostwrite.c.obj (.text:HOSTwrite)
                  00002e68    00000056                                   : _printfi.c.obj (.text:_pconv_f)
                  00002ebe    00000054                                   : _ltoa.c.obj (.text:__TI_ltoa)
                  00002f12    00000052                                   : _printfi.c.obj (.text:_ecpy)
                  00002f64    0000004c                                   : fflush.c.obj (.text:__TI_doflush)
                  00002fb0    0000004c                                   : atoi.c.obj (.text:atoi)
                  00002ffc    00000048                                   : exit.c.obj (.text:exit)
                  00003044    00000048                                   : fd_toi_t2.asm.obj (.text)
                  0000308c    00000044                                   : hostclose.c.obj (.text:HOSTclose)
                  000030d0    00000044                                   : hostunlink.c.obj (.text:HOSTunlink)
                  00003114    00000044                                   : autoinit.c.obj (.text:__TI_auto_init_nobinit_nopinit:__TI_auto_init_nobinit_nopinit)
                  00003158    00000044                                   : getdevice.c.obj (.text:getdevice)
                  0000319c    0000003e                                   : _printfi.c.obj (.text:_fcpy)
                  000031da    00000002     --HOLE-- [fill = 0]
                  000031dc    00000038                                   : trgmsg.c.obj (.text:__TI_writemsg)
                  00003214    00000036                                   : strncpy.c.obj (.text:strncpy)
                  0000324a    00000002     --HOLE-- [fill = 0]
                  0000324c    00000034                                   : fopen.c.obj (.text:__TI_cleanup)
                  00003280    00000034                                   : trgmsg.c.obj (.text:__TI_readmsg)
                  000032b4    00000034                                   : boot_cortex_m.c.obj (.text:_c_int00_noargs:_c_int00_noargs)
                  000032e8    00000030                                   : getdevice.c.obj (.text:finddevice)
                  00003318    0000002e                                   : i_tofd_t2.asm.obj (.text)
                  00003346    00000002     --HOLE-- [fill = 0]
                  00003348    0000002c                                   : unlink.c.obj (.text:unlink)
                  00003374    00000028                                   : memory.c.obj (.text:free_list_insert)
                  0000339c    00000028                                   : lseek.c.obj (.text:lseek)
                  000033c4    00000028                                   : write.c.obj (.text:write)
                  000033ec    00000020                                   : memchr.c.obj (.text:memchr)
                  0000340c    0000001c                                   : copy_zero_init.c.obj (.text:decompress:ZI:__TI_zero_init_nomemset:__TI_zero_init_nomemset)
                  00003428    0000001c                                   : memory.c.obj (.text:free_list_remove)
                  00003444    0000001c                                   : memccpy.c.obj (.text:memccpy)
                  00003460    0000001a                                   : s_copysign.c.obj (.text:copysign)
                  0000347a    00000018                                   : strcmp.c.obj (.text:strcmp)
                  00003492    00000016                                   : strchr.c.obj (.text:strchr)
                  000034a8    00000014                                   : strcpy.c.obj (.text:strcpy)
                  000034bc    00000014                                   : strlen.c.obj (.text:strlen)
                  000034d0    00000012                                   : wcslen.c.obj (.text:wcslen)
                  000034e2    0000000e                                   : copy_decompress_none.c.obj (.text:decompress:none:__TI_decompress_none)
                  000034f0    0000000e     startup_msp432p401r_ccs.obj (.text)
                  000034fe    00000002     --HOLE-- [fill = 0]
                  00003500    00000008     rtsv7M4_T_le_v4SPD16_eabi.lib : errno.c.obj (.text:__aeabi_errno_addr)
                  00003508    00000008                                   : memory.c.obj (.text:malloc)
                  00003510    00000004                                   : printf.c.obj (.text:_outc)
                  00003514    00000004                                   : printf.c.obj (.text:_outs)
                  00003518    00000004                                   : pre_init.c.obj (.text:_system_pre_init)
                  0000351c    00000004                                   : exit.c.obj (.text:abort:abort)

.const     0    00003520    00000101     
                  00003520    00000101     rtsv7M4_T_le_v4SPD16_eabi.lib : ctype.c.obj (.const:.string:_ctypes_)

.cinit     0    00003628    00000098     
                  00003628    00000070     (.cinit..data.load) [load image, compression = lzss]
                  00003698    0000000c     (__TI_handler_table)
                  000036a4    00000004     --HOLE-- [fill = 0]
                  000036a8    00000008     (.cinit..bss.load) [load image, compression = zero_init]
                  000036b0    00000010     (__TI_cinit_table)

.init_array 
*          0    00000000    00000000     UNINITIALIZED

.binit     0    00000000    00000000     

.sysmem    0    20000000    00000400     UNINITIALIZED
                  20000000    00000010     rtsv7M4_T_le_v4SPD16_eabi.lib : memory.c.obj (.sysmem)
                  20000010    000003f0     --HOLE--

.data      0    20000400    000001f0     UNINITIALIZED
                  20000400    000000f0     rtsv7M4_T_le_v4SPD16_eabi.lib : defs.c.obj (.data:_ftable)
                  200004f0    00000078                                   : host_device.c.obj (.data:_device)
                  20000568    00000050                                   : host_device.c.obj (.data:_stream)
                  200005b8    00000010                                   : defs.c.obj (.data)
                  200005c8    0000000c                                   : exit.c.obj (.data:$O1$$)
                  200005d4    00000008                                   : _lock.c.obj (.data:$O1$$)
                  200005dc    00000008                                   : memory.c.obj (.data:$O1$$)
                  200005e4    00000004                                   : errno.c.obj (.data)
                  200005e8    00000004     system_msp432p401r.obj (.data)
                  200005ec    00000004     systimer.obj (.data)

.bss       0    200005f0    000001d4     UNINITIALIZED
                  200005f0    00000120     rtsv7M4_T_le_v4SPD16_eabi.lib : trgmsg.c.obj (.bss:_CIOBUF_)
                  20000710    000000a0     (.common:__TI_tmpnams)
                  200007b0    00000008     (.common:data_buffer)
                  200007b8    00000008     (.common:parmbuf)
                  200007c0    00000004     (.common:am2320_poll_frequency)

.stack     0    2000fe00    00000200     UNINITIALIZED
                  2000fe00    00000004     rtsv7M4_T_le_v4SPD16_eabi.lib : boot_cortex_m.c.obj (.stack)
                  2000fe04    000001fc     --HOLE--

__llvm_prf_cnts 
*          0    20000000    00000000     UNINITIALIZED

MODULE SUMMARY

       Module                        code    ro data   rw data
       ------                        ----    -------   -------
    .\
       i2c.obj                       912     0         16     
       system_msp432p401r.obj        820     0         8      
       switch.obj                    460     0         0      
       main.obj                      292     0         8      
       startup_msp432p401r_ccs.obj   14      228       0      
       systimer.obj                  136     0         8      
    +--+-----------------------------+-------+---------+---------+
       Total:                        2634    228       40     
                                                              
    C:\ti\ccs1020\ccs\tools\compiler\ti-cgt-arm_20.2.4.LTS\lib\rtsv7M4_T_le_v4SPD16_eabi.lib
       _printfi.c.obj                4851    0         0      
       defs.c.obj                    0       0         832    
       memory.c.obj                  672     0         16     
       trgmsg.c.obj                  108     0         576    
       fd_add_t2.asm.obj             438     0         0      
       host_device.c.obj             0       0         400    
       fd_div_t2.asm.obj             310     0         0      
       fputs.c.obj                   276     0         0      
       s_scalbn.c.obj                272     0         0      
       fd_cmp_t2.asm.obj             268     0         0      
       ctype.c.obj                   0       257       0      
       fd_mul_t2.asm.obj             252     0         0      
       setvbuf.c.obj                 220     0         0      
       memcpy_t2.asm.obj             156     0         0      
       ull_div_t2.asm.obj            150     0         0      
       fputc.c.obj                   140     0         0      
       memset_t2.asm.obj             122     0         0      
       fclose.c.obj                  116     0         0      
       getdevice.c.obj               116     0         0      
       hostopen.c.obj                96      0         16     
       printf.c.obj                  112     0         0      
       hostrename.c.obj              108     0         0      
       copy_decompress_lzss.c.obj    104     0         0      
       hostlseek.c.obj               104     0         0      
       exit.c.obj                    76      0         24     
       fseek.c.obj                   100     0         0      
       s_frexp.c.obj                 100     0         0      
       _io_perm.c.obj                98      0         0      
       close.c.obj                   92      0         0      
       hostread.c.obj                88      0         0      
       hostwrite.c.obj               88      0         0      
       _ltoa.c.obj                   84      0         0      
       atoi.c.obj                    76      0         0      
       fflush.c.obj                  76      0         0      
       fd_toi_t2.asm.obj             72      0         0      
       autoinit.c.obj                68      0         0      
       hostclose.c.obj               68      0         0      
       hostunlink.c.obj              68      0         0      
       strncpy.c.obj                 54      0         0      
       boot_cortex_m.c.obj           52      0         0      
       fopen.c.obj                   52      0         0      
       i_tofd_t2.asm.obj             46      0         0      
       unlink.c.obj                  44      0         0      
       lseek.c.obj                   40      0         0      
       write.c.obj                   40      0         0      
       memchr.c.obj                  32      0         0      
       copy_zero_init.c.obj          28      0         0      
       memccpy.c.obj                 28      0         0      
       s_copysign.c.obj              26      0         0      
       strcmp.c.obj                  24      0         0      
       strchr.c.obj                  22      0         0      
       strcpy.c.obj                  20      0         0      
       strlen.c.obj                  20      0         0      
       _lock.c.obj                   2       0         16     
       wcslen.c.obj                  18      0         0      
       errno.c.obj                   8       0         8      
       copy_decompress_none.c.obj    14      0         0      
       pre_init.c.obj                4       0         0      
       div0.asm.obj                  2       0         0      
    +--+-----------------------------+-------+---------+---------+
       Total:                        10721   257       1888   
                                                              
       Heap:                         0       0         2048   
       Stack:                        0       0         1024   
       Linker Generated:             0       148       0      
    +--+-----------------------------+-------+---------+---------+
       Grand Total:                  13355   633       5000   


LINKER GENERATED COPY TABLES

__TI_cinit_table @ 000036b0 records: 2, size/record: 8, table size: 16
	.data: load addr=00003628, load size=00000070 bytes, run addr=20000400, run size=000001f0 bytes, compression=lzss
	.bss: load addr=000036a8, load size=00000008 bytes, run addr=200005f0, run size=000001d4 bytes, compression=zero_init


LINKER GENERATED HANDLER TABLE

__TI_handler_table @ 00003698 records: 3, size/record: 4, table size: 12
	index: 0, handler: __TI_decompress_lzss
	index: 1, handler: __TI_decompress_none
	index: 2, handler: __TI_zero_init


GLOBAL SYMBOLS: SORTED ALPHABETICALLY BY Name 

address   name                           
-------   ----                           
000034fd  ADC14_IRQHandler               
000034fd  AES256_IRQHandler              
000034fd  BusFault_Handler               
0000351d  C$$EXIT                        
0000320b  C$$IO$$                        
000034fd  COMP_E0_IRQHandler             
000034fd  COMP_E1_IRQHandler             
00000dcb  CRC16                          
000034fd  CS_IRQHandler                  
000034fd  DMA_ERR_IRQHandler             
000034fd  DMA_INT0_IRQHandler            
000034fd  DMA_INT1_IRQHandler            
000034fd  DMA_INT2_IRQHandler            
000034fd  DMA_INT3_IRQHandler            
000034fd  DebugMon_Handler               
000034fd  Default_Handler                
000034fd  EUSCIA0_IRQHandler             
000034fd  EUSCIA1_IRQHandler             
000034fd  EUSCIA2_IRQHandler             
000034fd  EUSCIA3_IRQHandler             
000034fd  EUSCIB0_IRQHandler             
000034fd  EUSCIB1_IRQHandler             
000034fd  EUSCIB2_IRQHandler             
000034fd  EUSCIB3_IRQHandler             
000034fd  FLCTL_IRQHandler               
000034fd  FPU_IRQHandler                 
0000308d  HOSTclose                      
00002a99  HOSTlseek                      
00002cfd  HOSTopen                       
00002db9  HOSTread                       
00002a2d  HOSTrename                     
000030d1  HOSTunlink                     
00002e11  HOSTwrite                      
000034fd  HardFault_Handler              
000034fd  MemManage_Handler              
000034fd  NMI_Handler                    
000034fd  PCM_IRQHandler                 
0000174f  PORT1_IRQHandler               
0000174f  PORT1_IRQHandler               
000034fd  PORT2_IRQHandler               
000034fd  PORT3_IRQHandler               
000034fd  PORT4_IRQHandler               
000034fd  PORT5_IRQHandler               
000034fd  PORT6_IRQHandler               
000034fd  PSS_IRQHandler                 
000034fd  PendSV_Handler                 
000034fd  RTC_C_IRQHandler               
000034f1  Reset_Handler                  
000034fd  SVC_Handler                    
000034fd  SysTick_Handler                
200005e8  SystemCoreClock                
00000ec5  SystemCoreClockUpdate          
0000113d  SystemInit                     
000034fd  T32_INT1_IRQHandler            
000034fd  T32_INT2_IRQHandler            
000034fd  T32_INTC_IRQHandler            
00002703  TA0_0_IRQHandler               
00002703  TA0_0_IRQHandler               
000034fd  TA0_N_IRQHandler               
000034fd  TA1_0_IRQHandler               
000034fd  TA1_N_IRQHandler               
000034fd  TA2_0_IRQHandler               
000034fd  TA2_N_IRQHandler               
000034fd  TA3_0_IRQHandler               
000034fd  TA3_N_IRQHandler               
000034fd  UsageFault_Handler             
4000480c  WDTCTL_SYM                     
000034fd  WDT_A_IRQHandler               
200005f0  __CIOBUF_                      
20010000  __STACK_END                    
00000200  __STACK_SIZE                   
00000400  __SYSMEM_SIZE                  
000036b0  __TI_CINIT_Base                
000036c0  __TI_CINIT_Limit               
00003698  __TI_Handler_Table_Base        
000036a4  __TI_Handler_Table_Limit       
00003115  __TI_auto_init_nobinit_nopinit 
0000324d  __TI_cleanup                   
200005c8  __TI_cleanup_ptr               
000028d9  __TI_closefile                 
00002b01  __TI_decompress_lzss           
000034e3  __TI_decompress_none           
00002f65  __TI_doflush                   
200005cc  __TI_dtors_ptr                 
200005d0  __TI_enable_exit_profile_output
200005b8  __TI_ft_end                    
00002ebf  __TI_ltoa                      
ffffffff  __TI_pprof_out_hndl            
000000e5  __TI_printfi                   
ffffffff  __TI_prof_data_size            
ffffffff  __TI_prof_data_start           
00003281  __TI_readmsg                   
00000000  __TI_static_base__             
20000710  __TI_tmpnams                   
000031dd  __TI_writemsg                  
00002c99  __TI_wrt_ok                    
0000340d  __TI_zero_init_nomemset        
00002751  __aeabi_cdcmpeq                
00002751  __aeabi_cdcmple                
000027d7  __aeabi_cdrcmple               
00003045  __aeabi_d2iz                   
0000180f  __aeabi_dadd                   
00001af9  __aeabi_ddiv                   
0000219d  __aeabi_dmul                   
00001805  __aeabi_dsub                   
00003501  __aeabi_errno_addr             
00003319  __aeabi_i2d                    
000019bb  __aeabi_idiv0                  
000019bb  __aeabi_ldiv0                  
0000285d  __aeabi_memclr                 
0000285d  __aeabi_memclr4                
0000285d  __aeabi_memclr8                
0000250b  __aeabi_memcpy                 
0000250b  __aeabi_memcpy4                
0000250b  __aeabi_memcpy8                
0000285f  __aeabi_memset                 
0000285f  __aeabi_memset4                
0000285f  __aeabi_memset8                
200005c4  __aeabi_stderr                 
200005bc  __aeabi_stdin                  
200005c0  __aeabi_stdout                 
000025a7  __aeabi_uldivmod               
ffffffff  __binit__                      
ffffffff  __c_args__                     
UNDEFED   __mpu_init                     
2000fe00  __stack                        
20000000  __start___llvm_prf_cnts        
20000000  __stop___llvm_prf_cnts         
000032b5  _c_int00_noargs                
00003520  _ctypes_                       
200004f0  _device                        
20000400  _ftable                        
200005d4  _lock                          
00000b33  _nop                           
20000568  _stream                        
20000000  _sys_memory                    
UNDEFED   _system_post_cinit             
00003519  _system_pre_init               
200005d8  _unlock                        
0000351d  abort                          
0000209d  aligned_alloc                  
200007c0  am2320_poll_frequency          
00002fb1  atoi                           
ffffffff  binit                          
00000b35  clear_i2c_buffer               
00002d5d  close                          
00003461  copysign                       
00003461  copysignl                      
200007b0  data_buffer                    
00002737  delay_msec                     
00000e49  delay_usec                     
200005e4  errno                          
00002ffd  exit                           
000032e9  finddevice                     
0000263d  fputc                          
00001e79  fputs                          
00002299  free                           
00002bd1  frexp                          
00002bd1  frexpl                         
00002c35  fseek                          
200005ec  g_count                        
200005ee  g_counter2                     
00000db1  get_CRC                        
00000d85  get_RH_and_temperature         
0000272d  get_timer                      
00003159  getdevice                      
00000b6d  i2c_init                       
00000cc1  i2c_read_data                  
00000c0f  i2c_write_data                 
00000bbb  i2c_write_wakeup               
00001d9f  init_routine                   
000026c9  init_timer                     
00000000  interruptVectors               
00001f8d  ldexp                          
00001f8d  ldexpl                         
0000169f  led_port_init                  
0000339d  lseek                          
00001d55  main                           
00003509  malloc                         
0000209d  memalign                       
00003445  memccpy                        
000033ed  memchr                         
0000250b  memcpy                         
00002865  memset                         
200007b8  parmbuf                        
00002b69  printf                         
0000263d  putc                           
00003349  remove                         
0000272f  reset_timer                    
00001f8d  scalbn                         
00001f8d  scalbnl                        
0000237d  setvbuf                        
00003493  strchr                         
0000347b  strcmp                         
000034a9  strcpy                         
000034bd  strlen                         
00003215  strncpy                        
00001639  switch_init                    
00001719  switch_interrupt_init          
00001da7  temparutremeasureent           
00003349  unlink                         
000034d1  wcslen                         
000033c5  write                          


GLOBAL SYMBOLS: SORTED BY Symbol Address 

address   name                           
-------   ----                           
00000000  __TI_static_base__             
00000000  interruptVectors               
000000e5  __TI_printfi                   
00000200  __STACK_SIZE                   
00000400  __SYSMEM_SIZE                  
00000b33  _nop                           
00000b35  clear_i2c_buffer               
00000b6d  i2c_init                       
00000bbb  i2c_write_wakeup               
00000c0f  i2c_write_data                 
00000cc1  i2c_read_data                  
00000d85  get_RH_and_temperature         
00000db1  get_CRC                        
00000dcb  CRC16                          
00000e49  delay_usec                     
00000ec5  SystemCoreClockUpdate          
0000113d  SystemInit                     
00001639  switch_init                    
0000169f  led_port_init                  
00001719  switch_interrupt_init          
0000174f  PORT1_IRQHandler               
0000174f  PORT1_IRQHandler               
00001805  __aeabi_dsub                   
0000180f  __aeabi_dadd                   
000019bb  __aeabi_idiv0                  
000019bb  __aeabi_ldiv0                  
00001af9  __aeabi_ddiv                   
00001d55  main                           
00001d9f  init_routine                   
00001da7  temparutremeasureent           
00001e79  fputs                          
00001f8d  ldexp                          
00001f8d  ldexpl                         
00001f8d  scalbn                         
00001f8d  scalbnl                        
0000209d  aligned_alloc                  
0000209d  memalign                       
0000219d  __aeabi_dmul                   
00002299  free                           
0000237d  setvbuf                        
0000250b  __aeabi_memcpy                 
0000250b  __aeabi_memcpy4                
0000250b  __aeabi_memcpy8                
0000250b  memcpy                         
000025a7  __aeabi_uldivmod               
0000263d  fputc                          
0000263d  putc                           
000026c9  init_timer                     
00002703  TA0_0_IRQHandler               
00002703  TA0_0_IRQHandler               
0000272d  get_timer                      
0000272f  reset_timer                    
00002737  delay_msec                     
00002751  __aeabi_cdcmpeq                
00002751  __aeabi_cdcmple                
000027d7  __aeabi_cdrcmple               
0000285d  __aeabi_memclr                 
0000285d  __aeabi_memclr4                
0000285d  __aeabi_memclr8                
0000285f  __aeabi_memset                 
0000285f  __aeabi_memset4                
0000285f  __aeabi_memset8                
00002865  memset                         
000028d9  __TI_closefile                 
00002a2d  HOSTrename                     
00002a99  HOSTlseek                      
00002b01  __TI_decompress_lzss           
00002b69  printf                         
00002bd1  frexp                          
00002bd1  frexpl                         
00002c35  fseek                          
00002c99  __TI_wrt_ok                    
00002cfd  HOSTopen                       
00002d5d  close                          
00002db9  HOSTread                       
00002e11  HOSTwrite                      
00002ebf  __TI_ltoa                      
00002f65  __TI_doflush                   
00002fb1  atoi                           
00002ffd  exit                           
00003045  __aeabi_d2iz                   
0000308d  HOSTclose                      
000030d1  HOSTunlink                     
00003115  __TI_auto_init_nobinit_nopinit 
00003159  getdevice                      
000031dd  __TI_writemsg                  
0000320b  C$$IO$$                        
00003215  strncpy                        
0000324d  __TI_cleanup                   
00003281  __TI_readmsg                   
000032b5  _c_int00_noargs                
000032e9  finddevice                     
00003319  __aeabi_i2d                    
00003349  remove                         
00003349  unlink                         
0000339d  lseek                          
000033c5  write                          
000033ed  memchr                         
0000340d  __TI_zero_init_nomemset        
00003445  memccpy                        
00003461  copysign                       
00003461  copysignl                      
0000347b  strcmp                         
00003493  strchr                         
000034a9  strcpy                         
000034bd  strlen                         
000034d1  wcslen                         
000034e3  __TI_decompress_none           
000034f1  Reset_Handler                  
000034fd  ADC14_IRQHandler               
000034fd  AES256_IRQHandler              
000034fd  BusFault_Handler               
000034fd  COMP_E0_IRQHandler             
000034fd  COMP_E1_IRQHandler             
000034fd  CS_IRQHandler                  
000034fd  DMA_ERR_IRQHandler             
000034fd  DMA_INT0_IRQHandler            
000034fd  DMA_INT1_IRQHandler            
000034fd  DMA_INT2_IRQHandler            
000034fd  DMA_INT3_IRQHandler            
000034fd  DebugMon_Handler               
000034fd  Default_Handler                
000034fd  EUSCIA0_IRQHandler             
000034fd  EUSCIA1_IRQHandler             
000034fd  EUSCIA2_IRQHandler             
000034fd  EUSCIA3_IRQHandler             
000034fd  EUSCIB0_IRQHandler             
000034fd  EUSCIB1_IRQHandler             
000034fd  EUSCIB2_IRQHandler             
000034fd  EUSCIB3_IRQHandler             
000034fd  FLCTL_IRQHandler               
000034fd  FPU_IRQHandler                 
000034fd  HardFault_Handler              
000034fd  MemManage_Handler              
000034fd  NMI_Handler                    
000034fd  PCM_IRQHandler                 
000034fd  PORT2_IRQHandler               
000034fd  PORT3_IRQHandler               
000034fd  PORT4_IRQHandler               
000034fd  PORT5_IRQHandler               
000034fd  PORT6_IRQHandler               
000034fd  PSS_IRQHandler                 
000034fd  PendSV_Handler                 
000034fd  RTC_C_IRQHandler               
000034fd  SVC_Handler                    
000034fd  SysTick_Handler                
000034fd  T32_INT1_IRQHandler            
000034fd  T32_INT2_IRQHandler            
000034fd  T32_INTC_IRQHandler            
000034fd  TA0_N_IRQHandler               
000034fd  TA1_0_IRQHandler               
000034fd  TA1_N_IRQHandler               
000034fd  TA2_0_IRQHandler               
000034fd  TA2_N_IRQHandler               
000034fd  TA3_0_IRQHandler               
000034fd  TA3_N_IRQHandler               
000034fd  UsageFault_Handler             
000034fd  WDT_A_IRQHandler               
00003501  __aeabi_errno_addr             
00003509  malloc                         
00003519  _system_pre_init               
0000351d  C$$EXIT                        
0000351d  abort                          
00003520  _ctypes_                       
00003698  __TI_Handler_Table_Base        
000036a4  __TI_Handler_Table_Limit       
000036b0  __TI_CINIT_Base                
000036c0  __TI_CINIT_Limit               
20000000  __start___llvm_prf_cnts        
20000000  __stop___llvm_prf_cnts         
20000000  _sys_memory                    
20000400  _ftable                        
200004f0  _device                        
20000568  _stream                        
200005b8  __TI_ft_end                    
200005bc  __aeabi_stdin                  
200005c0  __aeabi_stdout                 
200005c4  __aeabi_stderr                 
200005c8  __TI_cleanup_ptr               
200005cc  __TI_dtors_ptr                 
200005d0  __TI_enable_exit_profile_output
200005d4  _lock                          
200005d8  _unlock                        
200005e4  errno                          
200005e8  SystemCoreClock                
200005ec  g_count                        
200005ee  g_counter2                     
200005f0  __CIOBUF_                      
20000710  __TI_tmpnams                   
200007b0  data_buffer                    
200007b8  parmbuf                        
200007c0  am2320_poll_frequency          
2000fe00  __stack                        
20010000  __STACK_END                    
4000480c  WDTCTL_SYM                     
ffffffff  __TI_pprof_out_hndl            
ffffffff  __TI_prof_data_size            
ffffffff  __TI_prof_data_start           
ffffffff  __binit__                      
ffffffff  __c_args__                     
ffffffff  binit                          
UNDEFED   __mpu_init                     
UNDEFED   _system_post_cinit             

[203 symbols]
