******************************************************************************
                  TI ARM Linker PC v20.2.4                     
******************************************************************************
>> Linked Sun Apr 25 11:46:27 2021

OUTPUT FILE NAME:   <ESD_Project.out>
ENTRY POINT SYMBOL: "_c_int00_noargs"  address: 00003ca9


MEMORY CONFIGURATION

         name            origin    length      used     unused   attr    fill
----------------------  --------  ---------  --------  --------  ----  --------
  MAIN                  00000000   00040000  000042c9  0003bd37  R  X
  INFO                  00200000   00004000  00000000  00004000  R  X
  SRAM_CODE             01000000   00010000  00000bdc  0000f424  RW X
  SRAM_DATA             20000000   00010000  00000bdc  0000f424  RW  


SEGMENT ALLOCATION MAP

run origin  load origin   length   init length attrs members
----------  ----------- ---------- ----------- ----- -------
00000000    00000000    000042d0   000042d0    r-x
  00000000    00000000    000000e4   000000e4    r-- .intvecs
  000000e4    000000e4    00003e6c   00003e6c    r-x .text
  00003f50    00003f50    000002e1   000002e1    r-- .const
  00004238    00004238    00000098   00000098    r-- .cinit
20000000    20000000    000009dc   00000000    rw-
  20000000    20000000    00000400   00000000    rw- .sysmem
  20000400    20000400    000003ec   00000000    rw- .bss
  200007ec    200007ec    000001f0   00000000    rw- .data
2000fe00    2000fe00    00000200   00000000    rw-
  2000fe00    2000fe00    00000200   00000000    rw- .stack


SECTION ALLOCATION MAP

 output                                  attributes/
section   page    origin      length       input sections
--------  ----  ----------  ----------   ----------------
.intvecs   0    00000000    000000e4     
                  00000000    000000e4     startup_msp432p401r_ccs.obj (.intvecs:retain)

.text      0    000000e4    00003e6c     
                  000000e4    00000a4e     rtsv7M4_T_le_v4SPD16_eabi.lib : _printfi.c.obj (.text:__TI_printfi)
                  00000b32    00000002                                   : _lock.c.obj (.text:_nop)
                  00000b34    000003f0     cbfifo.obj (.text)
                  00000f24    00000334     system_msp432p401r.obj (.text)
                  00001258    00000330     si7021_i2c.obj (.text)
                  00001588    00000270     rtsv7M4_T_le_v4SPD16_eabi.lib : _printfi.c.obj (.text:_pconv_a)
                  000017f8    0000025c     lcd_spi.obj (.text)
                  00001a54    000001d4     switch.obj (.text)
                  00001c28    000001d0     rtsv7M4_T_le_v4SPD16_eabi.lib : _printfi.c.obj (.text:_pconv_g)
                  00001df8    000001b6                                   : fd_add_t2.asm.obj (.text)
                  00001fae    00000002                                   : div0.asm.obj (.text)
                  00001fb0    000001a4     main.obj (.text)
                  00002154    0000013c     rtsv7M4_T_le_v4SPD16_eabi.lib : _printfi.c.obj (.text:_pconv_e)
                  00002290    00000136                                   : fd_div_t2.asm.obj (.text)
                  000023c6    00000002     --HOLE-- [fill = 0]
                  000023c8    00000124                                   : _printfi.c.obj (.text:fcvt)
                  000024ec    00000120     rtc.obj (.text)
                  0000260c    00000114     rtsv7M4_T_le_v4SPD16_eabi.lib : fputs.c.obj (.text:fputs)
                  00002720    00000110                                   : s_scalbn.c.obj (.text:scalbn)
                  00002830    00000108     uart.obj (.text)
                  00002938    00000100     rtsv7M4_T_le_v4SPD16_eabi.lib : memory.c.obj (.text:aligned_alloc)
                  00002a38    000000fc                                   : fd_mul_t2.asm.obj (.text)
                  00002b34    000000e4                                   : memory.c.obj (.text:free)
                  00002c18    000000dc                                   : setvbuf.c.obj (.text:setvbuf)
                  00002cf4    000000c0     systimer.obj (.text)
                  00002db4    000000b1     rtsv7M4_T_le_v4SPD16_eabi.lib : _printfi.c.obj (.text:_ltostr)
                  00002e65    00000001     --HOLE-- [fill = 0]
                  00002e66    0000009c                                   : memcpy_t2.asm.obj (.text)
                  00002f02    00000096                                   : ull_div_t2.asm.obj (.text)
                  00002f98    0000008c                                   : fputc.c.obj (.text:fputc)
                  00003024    00000086                                   : fd_cmp_t2.asm.obj (.text:__aeabi_cdcmple)
                  000030aa    00000086                                   : fd_cmp_t2.asm.obj (.text:__aeabi_cdrcmple)
                  00003130    0000007a                                   : memset_t2.asm.obj (.text)
                  000031aa    00000002     --HOLE-- [fill = 0]
                  000031ac    00000074                                   : fclose.c.obj (.text:__TI_closefile)
                  00003220    00000070                                   : memory.c.obj (.text:split)
                  00003290    0000006e                                   : _printfi.c.obj (.text:_mcpy)
                  000032fe    0000006e                                   : fd_tos_t2.asm.obj (.text)
                  0000336c    0000006c                                   : hostrename.c.obj (.text:HOSTrename)
                  000033d8    00000068                                   : hostlseek.c.obj (.text:HOSTlseek)
                  00003440    00000068                                   : copy_decompress_lzss.c.obj (.text:decompress:lzss:__TI_decompress_lzss)
                  000034a8    00000068                                   : printf.c.obj (.text:printf)
                  00003510    00000064                                   : s_frexp.c.obj (.text:frexp)
                  00003574    00000064                                   : fseek.c.obj (.text:fseek)
                  000035d8    00000062                                   : _io_perm.c.obj (.text:__TI_wrt_ok)
                  0000363a    00000002     --HOLE-- [fill = 0]
                  0000363c    00000060                                   : hostopen.c.obj (.text:HOSTopen)
                  0000369c    0000005c                                   : close.c.obj (.text:close)
                  000036f8    00000058                                   : hostread.c.obj (.text:HOSTread)
                  00003750    00000058                                   : hostwrite.c.obj (.text:HOSTwrite)
                  000037a8    00000056                                   : _printfi.c.obj (.text:_pconv_f)
                  000037fe    00000054                                   : _ltoa.c.obj (.text:__TI_ltoa)
                  00003852    00000052                                   : _printfi.c.obj (.text:_ecpy)
                  000038a4    0000004c                                   : fflush.c.obj (.text:__TI_doflush)
                  000038f0    0000004c                                   : atoi.c.obj (.text:atoi)
                  0000393c    00000048                                   : exit.c.obj (.text:exit)
                  00003984    00000048                                   : fd_toi_t2.asm.obj (.text)
                  000039cc    00000044                                   : hostclose.c.obj (.text:HOSTclose)
                  00003a10    00000044                                   : hostunlink.c.obj (.text:HOSTunlink)
                  00003a54    00000044                                   : autoinit.c.obj (.text:__TI_auto_init_nobinit_nopinit:__TI_auto_init_nobinit_nopinit)
                  00003a98    00000044                                   : getdevice.c.obj (.text:getdevice)
                  00003adc    00000040                                   : sprintf.c.obj (.text:sprintf)
                  00003b1c    0000003e                                   : _printfi.c.obj (.text:_fcpy)
                  00003b5a    00000002     --HOLE-- [fill = 0]
                  00003b5c    0000003c     gpio.obj (.text)
                  00003b98    00000038     rtsv7M4_T_le_v4SPD16_eabi.lib : trgmsg.c.obj (.text:__TI_writemsg)
                  00003bd0    00000038                                   : fs_tod_t2.asm.obj (.text)
                  00003c08    00000036                                   : strncpy.c.obj (.text:strncpy)
                  00003c3e    00000002     --HOLE-- [fill = 0]
                  00003c40    00000034                                   : fopen.c.obj (.text:__TI_cleanup)
                  00003c74    00000034                                   : trgmsg.c.obj (.text:__TI_readmsg)
                  00003ca8    00000034                                   : boot_cortex_m.c.obj (.text:_c_int00_noargs:_c_int00_noargs)
                  00003cdc    00000030                                   : getdevice.c.obj (.text:finddevice)
                  00003d0c    0000002e                                   : i_tofd_t2.asm.obj (.text)
                  00003d3a    0000002e                                   : strncat.c.obj (.text:strncat)
                  00003d68    0000002c                                   : unlink.c.obj (.text:unlink)
                  00003d94    00000028                                   : memory.c.obj (.text:free_list_insert)
                  00003dbc    00000028                                   : lseek.c.obj (.text:lseek)
                  00003de4    00000028                                   : write.c.obj (.text:write)
                  00003e0c    00000020                                   : memchr.c.obj (.text:memchr)
                  00003e2c    0000001c                                   : memory.c.obj (.text:free_list_remove)
                  00003e48    0000001c                                   : memccpy.c.obj (.text:memccpy)
                  00003e64    0000001a                                   : s_copysign.c.obj (.text:copysign)
                  00003e7e    00000018                                   : sprintf.c.obj (.text:_outs)
                  00003e96    00000018                                   : strcmp.c.obj (.text:strcmp)
                  00003eae    00000016                                   : strchr.c.obj (.text:strchr)
                  00003ec4    00000014                                   : strcpy.c.obj (.text:strcpy)
                  00003ed8    00000014                                   : strlen.c.obj (.text:strlen)
                  00003eec    00000012                                   : wcslen.c.obj (.text:wcslen)
                  00003efe    0000000e                                   : copy_decompress_none.c.obj (.text:decompress:none:__TI_decompress_none)
                  00003f0c    0000000e     startup_msp432p401r_ccs.obj (.text)
                  00003f1a    0000000c     rtsv7M4_T_le_v4SPD16_eabi.lib : copy_zero_init.c.obj (.text:decompress:ZI:__TI_zero_init)
                  00003f26    0000000a                                   : sprintf.c.obj (.text:_outc)
                  00003f30    00000008                                   : errno.c.obj (.text:__aeabi_errno_addr)
                  00003f38    00000008                                   : memory.c.obj (.text:malloc)
                  00003f40    00000004                                   : printf.c.obj (.text:_outc)
                  00003f44    00000004                                   : printf.c.obj (.text:_outs)
                  00003f48    00000004                                   : pre_init.c.obj (.text:_system_pre_init)
                  00003f4c    00000004                                   : exit.c.obj (.text:abort:abort)

.const     0    00003f50    000002e1     
                  00003f50    000001e0     lcd_spi.obj (.const:font)
                  00004130    00000101     rtsv7M4_T_le_v4SPD16_eabi.lib : ctype.c.obj (.const:.string:_ctypes_)

.cinit     0    00004238    00000098     
                  00004238    00000071     (.cinit..data.load) [load image, compression = lzss]
                  000042a9    00000003     --HOLE-- [fill = 0]
                  000042ac    0000000c     (__TI_handler_table)
                  000042b8    00000008     (.cinit..bss.load) [load image, compression = zero_init]
                  000042c0    00000010     (__TI_cinit_table)

.init_array 
*          0    00000000    00000000     UNINITIALIZED

.binit     0    00000000    00000000     

.sysmem    0    20000000    00000400     UNINITIALIZED
                  20000000    00000010     rtsv7M4_T_le_v4SPD16_eabi.lib : memory.c.obj (.sysmem)
                  20000010    000003f0     --HOLE--

.bss       0    20000400    000003ec     UNINITIALIZED
                  20000400    00000120     rtsv7M4_T_le_v4SPD16_eabi.lib : trgmsg.c.obj (.bss:_CIOBUF_)
                  20000520    00000108     (.common:cbfifo_rx)
                  20000628    00000108     (.common:cbfifo_tx)
                  20000730    000000a0     (.common:__TI_tmpnams)
                  200007d0    00000008     (.common:parmbuf)
                  200007d8    00000008     (.common:si7021_databuffer)
                  200007e0    00000004     (.common:T_RH_poll_frequency)
                  200007e4    00000004     (.common:si7021_humidity)
                  200007e8    00000004     (.common:si7021_temp_in_degC)

.data      0    200007ec    000001f0     UNINITIALIZED
                  200007ec    000000f0     rtsv7M4_T_le_v4SPD16_eabi.lib : defs.c.obj (.data:_ftable)
                  200008dc    00000078                                   : host_device.c.obj (.data:_device)
                  20000954    00000050                                   : host_device.c.obj (.data:_stream)
                  200009a4    00000010                                   : defs.c.obj (.data)
                  200009b4    0000000c                                   : exit.c.obj (.data:$O1$$)
                  200009c0    00000008                                   : _lock.c.obj (.data:$O1$$)
                  200009c8    00000008                                   : memory.c.obj (.data:$O1$$)
                  200009d0    00000004                                   : errno.c.obj (.data)
                  200009d4    00000004     system_msp432p401r.obj (.data)
                  200009d8    00000004     systimer.obj (.data)

.stack     0    2000fe00    00000200     UNINITIALIZED
                  2000fe00    00000004     rtsv7M4_T_le_v4SPD16_eabi.lib : boot_cortex_m.c.obj (.stack)
                  2000fe04    000001fc     --HOLE--

__llvm_prf_cnts 
*          0    20000000    00000000     UNINITIALIZED

MODULE SUMMARY

       Module                        code    ro data   rw data
       ------                        ----    -------   -------
    .\
       uart.obj                      264     0         1056   
       lcd_spi.obj                   604     480       0      
       cbfifo.obj                    1008    0         0      
       si7021_i2c.obj                816     0         16     
       system_msp432p401r.obj        820     0         8      
       switch.obj                    468     0         0      
       main.obj                      420     0         24     
       rtc.obj                       288     0         0      
       startup_msp432p401r_ccs.obj   14      228       0      
       systimer.obj                  192     0         8      
       gpio.obj                      60      0         0      
    +--+-----------------------------+-------+---------+---------+
       Total:                        4954    708       1112   
                                                              
    C:\ti\ccs1020\ccs\tools\compiler\ti-cgt-arm_20.2.4.LTS\lib\rtsv7M4_T_le_v4SPD16_eabi.lib
       _printfi.c.obj                4851    0         0      
       defs.c.obj                    0       0         832    
       memory.c.obj                  672     0         16     
       trgmsg.c.obj                  108     0         576    
       fd_add_t2.asm.obj             438     0         0      
       host_device.c.obj             0       0         400    
       fd_div_t2.asm.obj             310     0         0      
       fputs.c.obj                   276     0         0      
       s_scalbn.c.obj                272     0         0      
       fd_cmp_t2.asm.obj             268     0         0      
       ctype.c.obj                   0       257       0      
       fd_mul_t2.asm.obj             252     0         0      
       setvbuf.c.obj                 220     0         0      
       memcpy_t2.asm.obj             156     0         0      
       ull_div_t2.asm.obj            150     0         0      
       fputc.c.obj                   140     0         0      
       memset_t2.asm.obj             122     0         0      
       fclose.c.obj                  116     0         0      
       getdevice.c.obj               116     0         0      
       hostopen.c.obj                96      0         16     
       printf.c.obj                  112     0         0      
       fd_tos_t2.asm.obj             110     0         0      
       hostrename.c.obj              108     0         0      
       copy_decompress_lzss.c.obj    104     0         0      
       hostlseek.c.obj               104     0         0      
       exit.c.obj                    76      0         24     
       fseek.c.obj                   100     0         0      
       s_frexp.c.obj                 100     0         0      
       _io_perm.c.obj                98      0         0      
       sprintf.c.obj                 98      0         0      
       close.c.obj                   92      0         0      
       hostread.c.obj                88      0         0      
       hostwrite.c.obj               88      0         0      
       _ltoa.c.obj                   84      0         0      
       atoi.c.obj                    76      0         0      
       fflush.c.obj                  76      0         0      
       fd_toi_t2.asm.obj             72      0         0      
       autoinit.c.obj                68      0         0      
       hostclose.c.obj               68      0         0      
       hostunlink.c.obj              68      0         0      
       fs_tod_t2.asm.obj             56      0         0      
       strncpy.c.obj                 54      0         0      
       boot_cortex_m.c.obj           52      0         0      
       fopen.c.obj                   52      0         0      
       i_tofd_t2.asm.obj             46      0         0      
       strncat.c.obj                 46      0         0      
       unlink.c.obj                  44      0         0      
       lseek.c.obj                   40      0         0      
       write.c.obj                   40      0         0      
       memchr.c.obj                  32      0         0      
       memccpy.c.obj                 28      0         0      
       s_copysign.c.obj              26      0         0      
       strcmp.c.obj                  24      0         0      
       strchr.c.obj                  22      0         0      
       strcpy.c.obj                  20      0         0      
       strlen.c.obj                  20      0         0      
       _lock.c.obj                   2       0         16     
       wcslen.c.obj                  18      0         0      
       errno.c.obj                   8       0         8      
       copy_decompress_none.c.obj    14      0         0      
       copy_zero_init.c.obj          12      0         0      
       pre_init.c.obj                4       0         0      
       div0.asm.obj                  2       0         0      
    +--+-----------------------------+-------+---------+---------+
       Total:                        11015   257       1888   
                                                              
       Heap:                         0       0         2048   
       Stack:                        0       0         1024   
       Linker Generated:             0       149       0      
    +--+-----------------------------+-------+---------+---------+
       Grand Total:                  15969   1114      6072   


LINKER GENERATED COPY TABLES

__TI_cinit_table @ 000042c0 records: 2, size/record: 8, table size: 16
	.data: load addr=00004238, load size=00000071 bytes, run addr=200007ec, run size=000001f0 bytes, compression=lzss
	.bss: load addr=000042b8, load size=00000008 bytes, run addr=20000400, run size=000003ec bytes, compression=zero_init


LINKER GENERATED HANDLER TABLE

__TI_handler_table @ 000042ac records: 3, size/record: 4, table size: 12
	index: 0, handler: __TI_decompress_lzss
	index: 1, handler: __TI_decompress_none
	index: 2, handler: __TI_zero_init


GLOBAL SYMBOLS: SORTED ALPHABETICALLY BY Name 

address   name                                   
-------   ----                                   
00003f19  ADC14_IRQHandler                       
00003f19  AES256_IRQHandler                      
00003f19  BusFault_Handler                       
00003f4d  C$$EXIT                                
00003bc7  C$$IO$$                                
00003f19  COMP_E0_IRQHandler                     
00003f19  COMP_E1_IRQHandler                     
00003f19  CS_IRQHandler                          
00003f19  DMA_ERR_IRQHandler                     
00003f19  DMA_INT0_IRQHandler                    
00003f19  DMA_INT1_IRQHandler                    
00003f19  DMA_INT2_IRQHandler                    
00003f19  DMA_INT3_IRQHandler                    
00003f19  DebugMon_Handler                       
00003f19  Default_Handler                        
00000db1  DiagnosticMessage                      
00002831  EUSCIA0_IRQHandler                     
00002831  EUSCIA0_IRQHandler                     
00003f19  EUSCIA1_IRQHandler                     
00003f19  EUSCIA2_IRQHandler                     
00003f19  EUSCIA3_IRQHandler                     
00003f19  EUSCIB0_IRQHandler                     
00003f19  EUSCIB1_IRQHandler                     
00003f19  EUSCIB2_IRQHandler                     
00003f19  EUSCIB3_IRQHandler                     
00003f19  FLCTL_IRQHandler                       
00003f19  FPU_IRQHandler                         
000039cd  HOSTclose                              
000033d9  HOSTlseek                              
0000363d  HOSTopen                               
000036f9  HOSTread                               
0000336d  HOSTrename                             
00003a11  HOSTunlink                             
00003751  HOSTwrite                              
00003f19  HardFault_Handler                      
00003f19  MemManage_Handler                      
00003f19  NMI_Handler                            
00003f19  PCM_IRQHandler                         
00001b71  PORT1_IRQHandler                       
00001b71  PORT1_IRQHandler                       
00003f19  PORT2_IRQHandler                       
00003f19  PORT3_IRQHandler                       
00003f19  PORT4_IRQHandler                       
00003f19  PORT5_IRQHandler                       
00003f19  PORT6_IRQHandler                       
00003f19  PSS_IRQHandler                         
00003f19  PendSV_Handler                         
00003f19  RTC_C_IRQHandler                       
00003f0d  Reset_Handler                          
00003f19  SVC_Handler                            
00003f19  SysTick_Handler                        
200009d4  SystemCoreClock                        
00000f25  SystemCoreClockUpdate                  
0000119d  SystemInit                             
00003f19  T32_INT1_IRQHandler                    
00003f19  T32_INT2_IRQHandler                    
00003f19  T32_INTC_IRQHandler                    
00002d2f  TA0_0_IRQHandler                       
00002d2f  TA0_0_IRQHandler                       
00003f19  TA0_N_IRQHandler                       
00003f19  TA1_0_IRQHandler                       
00003f19  TA1_N_IRQHandler                       
00003f19  TA2_0_IRQHandler                       
00003f19  TA2_N_IRQHandler                       
00003f19  TA3_0_IRQHandler                       
00003f19  TA3_N_IRQHandler                       
200007e0  T_RH_poll_frequency                    
00003f19  UsageFault_Handler                     
4000480c  WDTCTL_SYM                             
00003f19  WDT_A_IRQHandler                       
20000400  __CIOBUF_                              
20010000  __STACK_END                            
00000200  __STACK_SIZE                           
00000400  __SYSMEM_SIZE                          
000042c0  __TI_CINIT_Base                        
000042d0  __TI_CINIT_Limit                       
000042ac  __TI_Handler_Table_Base                
000042b8  __TI_Handler_Table_Limit               
00003a55  __TI_auto_init_nobinit_nopinit         
00003c41  __TI_cleanup                           
200009b4  __TI_cleanup_ptr                       
000031ad  __TI_closefile                         
00003441  __TI_decompress_lzss                   
00003eff  __TI_decompress_none                   
000038a5  __TI_doflush                           
200009b8  __TI_dtors_ptr                         
200009bc  __TI_enable_exit_profile_output        
200009a4  __TI_ft_end                            
000037ff  __TI_ltoa                              
ffffffff  __TI_pprof_out_hndl                    
000000e5  __TI_printfi                           
ffffffff  __TI_prof_data_size                    
ffffffff  __TI_prof_data_start                   
00003c75  __TI_readmsg                           
00000000  __TI_static_base__                     
20000730  __TI_tmpnams                           
00003b99  __TI_writemsg                          
000035d9  __TI_wrt_ok                            
00003f1b  __TI_zero_init                         
00003025  __aeabi_cdcmpeq                        
00003025  __aeabi_cdcmple                        
000030ab  __aeabi_cdrcmple                       
000032ff  __aeabi_d2f                            
00003985  __aeabi_d2iz                           
00001e03  __aeabi_dadd                           
00002291  __aeabi_ddiv                           
00002a39  __aeabi_dmul                           
00001df9  __aeabi_dsub                           
00003f31  __aeabi_errno_addr                     
00003bd1  __aeabi_f2d                            
00003d0d  __aeabi_i2d                            
00001faf  __aeabi_idiv0                          
00001faf  __aeabi_ldiv0                          
00003131  __aeabi_memclr                         
00003131  __aeabi_memclr4                        
00003131  __aeabi_memclr8                        
00002e67  __aeabi_memcpy                         
00002e67  __aeabi_memcpy4                        
00002e67  __aeabi_memcpy8                        
00003133  __aeabi_memset                         
00003133  __aeabi_memset4                        
00003133  __aeabi_memset8                        
200009b0  __aeabi_stderr                         
200009a8  __aeabi_stdin                          
200009ac  __aeabi_stdout                         
00002f03  __aeabi_uldivmod                       
ffffffff  __binit__                              
ffffffff  __c_args__                             
UNDEFED   __mpu_init                             
2000fe00  __stack                                
20000000  __start___llvm_prf_cnts                
20000000  __stop___llvm_prf_cnts                 
00003ca9  _c_int00_noargs                        
00004130  _ctypes_                               
200008dc  _device                                
200007ec  _ftable                                
200009c0  _lock                                  
00000b33  _nop                                   
20000954  _stream                                
20000000  _sys_memory                            
UNDEFED   _system_post_cinit                     
00003f49  _system_pre_init                       
200009c4  _unlock                                
00003f4d  abort                                  
00002939  aligned_alloc                          
000038f1  atoi                                   
ffffffff  binit                                  
0000253f  calculate_rtc_time                     
00000d67  cbfifo_capacity                        
00000c3b  cbfifo_dequeue                         
00000d79  cbfifo_dump_state                      
00000b35  cbfifo_enqueue                         
00000def  cbfifo_full                            
00000e09  cbfifo_init                            
00000d45  cbfifo_length                          
20000520  cbfifo_rx                              
20000628  cbfifo_tx                              
000019b5  clear_lcd                              
00002877  clock_init                             
0000369d  close                                  
0000289d  config_uart                            
00003e65  copysign                               
00003e65  copysignl                              
00002d61  delay_msec                             
00002d67  delay_usec                             
200009d0  errno                                  
0000393d  exit                                   
00003cdd  finddevice                             
00002f99  fputc                                  
0000260d  fputs                                  
00002b35  free                                   
00003511  frexp                                  
00003511  frexpl                                 
00003575  fseek                                  
200009d8  g_count                                
200009da  g_counter2                             
00003a99  getdevice                              
00003b5d  gpio_init                              
00001887  init_lcd                               
000020d3  init_routine                           
00002cf5  init_timer                             
00000000  interruptVectors                       
00002721  ldexp                                  
00002721  ldexpl                                 
00001ac1  led_port_init                          
00003dbd  lseek                                  
00001fb1  main                                   
00003f39  malloc                                 
00002939  memalign                               
00003e49  memccpy                                
00003e0d  memchr                                 
00002e67  memcpy                                 
00003139  memset                                 
200007d0  parmbuf                                
000034a9  printf                                 
00002f99  putc                                   
00001477  read_humidity                          
000014d5  read_temperature                       
00003d69  remove                                 
00002d59  reset_timer                            
000024ed  rtc_init                               
00002721  scalbn                                 
00002721  scalbnl                                
000019eb  set_address                            
00002c19  setvbuf                                
000012a7  si7021_clear_i2c_buffer                
200007d8  si7021_databuffer                      
200007e4  si7021_humidity                        
00001259  si7021_i2c_init                        
00001389  si7021_i2c_read_data                   
000012df  si7021_i2c_write_data                  
200007e8  si7021_temp_in_degC                    
00001421  si7021_temperature_humidity_measurement
00001841  spi_config                             
00003add  sprintf                                
00003eaf  strchr                                 
00003e97  strcmp                                 
00003ec5  strcpy                                 
00003ed9  strlen                                 
00003d3b  strncat                                
00003c09  strncpy                                
00001a55  switch_init                            
00003d69  unlink                                 
00003eed  wcslen                                 
00003de5  write                                  
00001949  write_char_to_lcd                      
00001999  write_string_to_lcd                    
000018e9  write_to_lcd                           


GLOBAL SYMBOLS: SORTED BY Symbol Address 

address   name                                   
-------   ----                                   
00000000  __TI_static_base__                     
00000000  interruptVectors                       
000000e5  __TI_printfi                           
00000200  __STACK_SIZE                           
00000400  __SYSMEM_SIZE                          
00000b33  _nop                                   
00000b35  cbfifo_enqueue                         
00000c3b  cbfifo_dequeue                         
00000d45  cbfifo_length                          
00000d67  cbfifo_capacity                        
00000d79  cbfifo_dump_state                      
00000db1  DiagnosticMessage                      
00000def  cbfifo_full                            
00000e09  cbfifo_init                            
00000f25  SystemCoreClockUpdate                  
0000119d  SystemInit                             
00001259  si7021_i2c_init                        
000012a7  si7021_clear_i2c_buffer                
000012df  si7021_i2c_write_data                  
00001389  si7021_i2c_read_data                   
00001421  si7021_temperature_humidity_measurement
00001477  read_humidity                          
000014d5  read_temperature                       
00001841  spi_config                             
00001887  init_lcd                               
000018e9  write_to_lcd                           
00001949  write_char_to_lcd                      
00001999  write_string_to_lcd                    
000019b5  clear_lcd                              
000019eb  set_address                            
00001a55  switch_init                            
00001ac1  led_port_init                          
00001b71  PORT1_IRQHandler                       
00001b71  PORT1_IRQHandler                       
00001df9  __aeabi_dsub                           
00001e03  __aeabi_dadd                           
00001faf  __aeabi_idiv0                          
00001faf  __aeabi_ldiv0                          
00001fb1  main                                   
000020d3  init_routine                           
00002291  __aeabi_ddiv                           
000024ed  rtc_init                               
0000253f  calculate_rtc_time                     
0000260d  fputs                                  
00002721  ldexp                                  
00002721  ldexpl                                 
00002721  scalbn                                 
00002721  scalbnl                                
00002831  EUSCIA0_IRQHandler                     
00002831  EUSCIA0_IRQHandler                     
00002877  clock_init                             
0000289d  config_uart                            
00002939  aligned_alloc                          
00002939  memalign                               
00002a39  __aeabi_dmul                           
00002b35  free                                   
00002c19  setvbuf                                
00002cf5  init_timer                             
00002d2f  TA0_0_IRQHandler                       
00002d2f  TA0_0_IRQHandler                       
00002d59  reset_timer                            
00002d61  delay_msec                             
00002d67  delay_usec                             
00002e67  __aeabi_memcpy                         
00002e67  __aeabi_memcpy4                        
00002e67  __aeabi_memcpy8                        
00002e67  memcpy                                 
00002f03  __aeabi_uldivmod                       
00002f99  fputc                                  
00002f99  putc                                   
00003025  __aeabi_cdcmpeq                        
00003025  __aeabi_cdcmple                        
000030ab  __aeabi_cdrcmple                       
00003131  __aeabi_memclr                         
00003131  __aeabi_memclr4                        
00003131  __aeabi_memclr8                        
00003133  __aeabi_memset                         
00003133  __aeabi_memset4                        
00003133  __aeabi_memset8                        
00003139  memset                                 
000031ad  __TI_closefile                         
000032ff  __aeabi_d2f                            
0000336d  HOSTrename                             
000033d9  HOSTlseek                              
00003441  __TI_decompress_lzss                   
000034a9  printf                                 
00003511  frexp                                  
00003511  frexpl                                 
00003575  fseek                                  
000035d9  __TI_wrt_ok                            
0000363d  HOSTopen                               
0000369d  close                                  
000036f9  HOSTread                               
00003751  HOSTwrite                              
000037ff  __TI_ltoa                              
000038a5  __TI_doflush                           
000038f1  atoi                                   
0000393d  exit                                   
00003985  __aeabi_d2iz                           
000039cd  HOSTclose                              
00003a11  HOSTunlink                             
00003a55  __TI_auto_init_nobinit_nopinit         
00003a99  getdevice                              
00003add  sprintf                                
00003b5d  gpio_init                              
00003b99  __TI_writemsg                          
00003bc7  C$$IO$$                                
00003bd1  __aeabi_f2d                            
00003c09  strncpy                                
00003c41  __TI_cleanup                           
00003c75  __TI_readmsg                           
00003ca9  _c_int00_noargs                        
00003cdd  finddevice                             
00003d0d  __aeabi_i2d                            
00003d3b  strncat                                
00003d69  remove                                 
00003d69  unlink                                 
00003dbd  lseek                                  
00003de5  write                                  
00003e0d  memchr                                 
00003e49  memccpy                                
00003e65  copysign                               
00003e65  copysignl                              
00003e97  strcmp                                 
00003eaf  strchr                                 
00003ec5  strcpy                                 
00003ed9  strlen                                 
00003eed  wcslen                                 
00003eff  __TI_decompress_none                   
00003f0d  Reset_Handler                          
00003f19  ADC14_IRQHandler                       
00003f19  AES256_IRQHandler                      
00003f19  BusFault_Handler                       
00003f19  COMP_E0_IRQHandler                     
00003f19  COMP_E1_IRQHandler                     
00003f19  CS_IRQHandler                          
00003f19  DMA_ERR_IRQHandler                     
00003f19  DMA_INT0_IRQHandler                    
00003f19  DMA_INT1_IRQHandler                    
00003f19  DMA_INT2_IRQHandler                    
00003f19  DMA_INT3_IRQHandler                    
00003f19  DebugMon_Handler                       
00003f19  Default_Handler                        
00003f19  EUSCIA1_IRQHandler                     
00003f19  EUSCIA2_IRQHandler                     
00003f19  EUSCIA3_IRQHandler                     
00003f19  EUSCIB0_IRQHandler                     
00003f19  EUSCIB1_IRQHandler                     
00003f19  EUSCIB2_IRQHandler                     
00003f19  EUSCIB3_IRQHandler                     
00003f19  FLCTL_IRQHandler                       
00003f19  FPU_IRQHandler                         
00003f19  HardFault_Handler                      
00003f19  MemManage_Handler                      
00003f19  NMI_Handler                            
00003f19  PCM_IRQHandler                         
00003f19  PORT2_IRQHandler                       
00003f19  PORT3_IRQHandler                       
00003f19  PORT4_IRQHandler                       
00003f19  PORT5_IRQHandler                       
00003f19  PORT6_IRQHandler                       
00003f19  PSS_IRQHandler                         
00003f19  PendSV_Handler                         
00003f19  RTC_C_IRQHandler                       
00003f19  SVC_Handler                            
00003f19  SysTick_Handler                        
00003f19  T32_INT1_IRQHandler                    
00003f19  T32_INT2_IRQHandler                    
00003f19  T32_INTC_IRQHandler                    
00003f19  TA0_N_IRQHandler                       
00003f19  TA1_0_IRQHandler                       
00003f19  TA1_N_IRQHandler                       
00003f19  TA2_0_IRQHandler                       
00003f19  TA2_N_IRQHandler                       
00003f19  TA3_0_IRQHandler                       
00003f19  TA3_N_IRQHandler                       
00003f19  UsageFault_Handler                     
00003f19  WDT_A_IRQHandler                       
00003f1b  __TI_zero_init                         
00003f31  __aeabi_errno_addr                     
00003f39  malloc                                 
00003f49  _system_pre_init                       
00003f4d  C$$EXIT                                
00003f4d  abort                                  
00004130  _ctypes_                               
000042ac  __TI_Handler_Table_Base                
000042b8  __TI_Handler_Table_Limit               
000042c0  __TI_CINIT_Base                        
000042d0  __TI_CINIT_Limit                       
20000000  __start___llvm_prf_cnts                
20000000  __stop___llvm_prf_cnts                 
20000000  _sys_memory                            
20000400  __CIOBUF_                              
20000520  cbfifo_rx                              
20000628  cbfifo_tx                              
20000730  __TI_tmpnams                           
200007d0  parmbuf                                
200007d8  si7021_databuffer                      
200007e0  T_RH_poll_frequency                    
200007e4  si7021_humidity                        
200007e8  si7021_temp_in_degC                    
200007ec  _ftable                                
200008dc  _device                                
20000954  _stream                                
200009a4  __TI_ft_end                            
200009a8  __aeabi_stdin                          
200009ac  __aeabi_stdout                         
200009b0  __aeabi_stderr                         
200009b4  __TI_cleanup_ptr                       
200009b8  __TI_dtors_ptr                         
200009bc  __TI_enable_exit_profile_output        
200009c0  _lock                                  
200009c4  _unlock                                
200009d0  errno                                  
200009d4  SystemCoreClock                        
200009d8  g_count                                
200009da  g_counter2                             
2000fe00  __stack                                
20010000  __STACK_END                            
4000480c  WDTCTL_SYM                             
ffffffff  __TI_pprof_out_hndl                    
ffffffff  __TI_prof_data_size                    
ffffffff  __TI_prof_data_start                   
ffffffff  __binit__                              
ffffffff  __c_args__                             
ffffffff  binit                                  
UNDEFED   __mpu_init                             
UNDEFED   _system_post_cinit                     

[228 symbols]
