******************************************************************************
                  TI ARM Linker PC v20.2.4                     
******************************************************************************
>> Linked Wed Apr 21 12:08:10 2021

OUTPUT FILE NAME:   <ESD_Project.out>
ENTRY POINT SYMBOL: "_c_int00_noargs"  address: 000036bd


MEMORY CONFIGURATION

         name            origin    length      used     unused   attr    fill
----------------------  --------  ---------  --------  --------  ----  --------
  MAIN                  00000000   00040000  00003ae1  0003c51f  R  X
  INFO                  00200000   00004000  00000000  00004000  R  X
  SRAM_CODE             01000000   00010000  000009dc  0000f624  RW X
  SRAM_DATA             20000000   00010000  000009dc  0000f624  RW  


SEGMENT ALLOCATION MAP

run origin  load origin   length   init length attrs members
----------  ----------- ---------- ----------- ----- -------
00000000    00000000    00003ae8   00003ae8    r-x
  00000000    00000000    000000e4   000000e4    r-- .intvecs
  000000e4    000000e4    00003864   00003864    r-x .text
  00003948    00003948    00000101   00000101    r-- .const
  00003a50    00003a50    00000098   00000098    r-- .cinit
20000000    20000000    000007dc   00000000    rw-
  20000000    20000000    00000400   00000000    rw- .sysmem
  20000400    20000400    000001f0   00000000    rw- .data
  200005f0    200005f0    000001ec   00000000    rw- .bss
2000fe00    2000fe00    00000200   00000000    rw-
  2000fe00    2000fe00    00000200   00000000    rw- .stack


SECTION ALLOCATION MAP

 output                                  attributes/
section   page    origin      length       input sections
--------  ----  ----------  ----------   ----------------
.intvecs   0    00000000    000000e4     
                  00000000    000000e4     startup_msp432p401r_ccs.obj (.intvecs:retain)

.text      0    000000e4    00003864     
                  000000e4    00000a4e     rtsv7M4_T_le_v4SPD16_eabi.lib : _printfi.c.obj (.text:__TI_printfi)
                  00000b32    00000002                                   : _lock.c.obj (.text:_nop)
                  00000b34    00000370     i2c.obj (.text)
                  00000ea4    00000334     system_msp432p401r.obj (.text)
                  000011d8    000002a0     i2c_bitbang.obj (.text)
                  00001478    00000270     rtsv7M4_T_le_v4SPD16_eabi.lib : _printfi.c.obj (.text:_pconv_a)
                  000016e8    000001d0                                   : _printfi.c.obj (.text:_pconv_g)
                  000018b8    000001cc     switch.obj (.text)
                  00001a84    000001b6     rtsv7M4_T_le_v4SPD16_eabi.lib : fd_add_t2.asm.obj (.text)
                  00001c3a    00000002                                   : div0.asm.obj (.text)
                  00001c3c    00000174     main.obj (.text)
                  00001db0    0000013c     rtsv7M4_T_le_v4SPD16_eabi.lib : _printfi.c.obj (.text:_pconv_e)
                  00001eec    00000138     rtc.obj (.text)
                  00002024    00000136     rtsv7M4_T_le_v4SPD16_eabi.lib : fd_div_t2.asm.obj (.text)
                  0000215a    00000002     --HOLE-- [fill = 0]
                  0000215c    00000124                                   : _printfi.c.obj (.text:fcvt)
                  00002280    00000114                                   : fputs.c.obj (.text:fputs)
                  00002394    00000110                                   : s_scalbn.c.obj (.text:scalbn)
                  000024a4    00000100                                   : memory.c.obj (.text:aligned_alloc)
                  000025a4    000000fc                                   : fd_mul_t2.asm.obj (.text)
                  000026a0    000000e4                                   : memory.c.obj (.text:free)
                  00002784    000000dc                                   : setvbuf.c.obj (.text:setvbuf)
                  00002860    000000b1                                   : _printfi.c.obj (.text:_ltostr)
                  00002911    00000001     --HOLE-- [fill = 0]
                  00002912    0000009c                                   : memcpy_t2.asm.obj (.text)
                  000029ae    00000096                                   : ull_div_t2.asm.obj (.text)
                  00002a44    0000008c                                   : fputc.c.obj (.text:fputc)
                  00002ad0    00000088     systimer.obj (.text)
                  00002b58    00000086     rtsv7M4_T_le_v4SPD16_eabi.lib : fd_cmp_t2.asm.obj (.text:__aeabi_cdcmple)
                  00002bde    00000086                                   : fd_cmp_t2.asm.obj (.text:__aeabi_cdrcmple)
                  00002c64    0000007a                                   : memset_t2.asm.obj (.text)
                  00002cde    00000002     --HOLE-- [fill = 0]
                  00002ce0    00000074                                   : fclose.c.obj (.text:__TI_closefile)
                  00002d54    00000070                                   : memory.c.obj (.text:split)
                  00002dc4    0000006e                                   : _printfi.c.obj (.text:_mcpy)
                  00002e32    00000002     --HOLE-- [fill = 0]
                  00002e34    0000006c                                   : hostrename.c.obj (.text:HOSTrename)
                  00002ea0    00000068                                   : hostlseek.c.obj (.text:HOSTlseek)
                  00002f08    00000068                                   : copy_decompress_lzss.c.obj (.text:decompress:lzss:__TI_decompress_lzss)
                  00002f70    00000068                                   : printf.c.obj (.text:printf)
                  00002fd8    00000064                                   : s_frexp.c.obj (.text:frexp)
                  0000303c    00000064                                   : fseek.c.obj (.text:fseek)
                  000030a0    00000062                                   : _io_perm.c.obj (.text:__TI_wrt_ok)
                  00003102    00000002     --HOLE-- [fill = 0]
                  00003104    00000060                                   : hostopen.c.obj (.text:HOSTopen)
                  00003164    0000005c                                   : close.c.obj (.text:close)
                  000031c0    00000058                                   : hostread.c.obj (.text:HOSTread)
                  00003218    00000058                                   : hostwrite.c.obj (.text:HOSTwrite)
                  00003270    00000056                                   : _printfi.c.obj (.text:_pconv_f)
                  000032c6    00000054                                   : _ltoa.c.obj (.text:__TI_ltoa)
                  0000331a    00000052                                   : _printfi.c.obj (.text:_ecpy)
                  0000336c    0000004c                                   : fflush.c.obj (.text:__TI_doflush)
                  000033b8    0000004c                                   : atoi.c.obj (.text:atoi)
                  00003404    00000048                                   : exit.c.obj (.text:exit)
                  0000344c    00000048                                   : fd_toi_t2.asm.obj (.text)
                  00003494    00000044                                   : hostclose.c.obj (.text:HOSTclose)
                  000034d8    00000044                                   : hostunlink.c.obj (.text:HOSTunlink)
                  0000351c    00000044                                   : autoinit.c.obj (.text:__TI_auto_init_nobinit_nopinit:__TI_auto_init_nobinit_nopinit)
                  00003560    00000044                                   : getdevice.c.obj (.text:getdevice)
                  000035a4    0000003e                                   : _printfi.c.obj (.text:_fcpy)
                  000035e2    00000002     --HOLE-- [fill = 0]
                  000035e4    00000038                                   : trgmsg.c.obj (.text:__TI_writemsg)
                  0000361c    00000036                                   : strncpy.c.obj (.text:strncpy)
                  00003652    00000002     --HOLE-- [fill = 0]
                  00003654    00000034                                   : fopen.c.obj (.text:__TI_cleanup)
                  00003688    00000034                                   : trgmsg.c.obj (.text:__TI_readmsg)
                  000036bc    00000034                                   : boot_cortex_m.c.obj (.text:_c_int00_noargs:_c_int00_noargs)
                  000036f0    00000030                                   : getdevice.c.obj (.text:finddevice)
                  00003720    0000002e                                   : i_tofd_t2.asm.obj (.text)
                  0000374e    00000002     --HOLE-- [fill = 0]
                  00003750    0000002c                                   : unlink.c.obj (.text:unlink)
                  0000377c    00000028                                   : memory.c.obj (.text:free_list_insert)
                  000037a4    00000028                                   : lseek.c.obj (.text:lseek)
                  000037cc    00000028                                   : write.c.obj (.text:write)
                  000037f4    00000020     gpio.obj (.text)
                  00003814    00000020     rtsv7M4_T_le_v4SPD16_eabi.lib : memchr.c.obj (.text:memchr)
                  00003834    0000001c                                   : copy_zero_init.c.obj (.text:decompress:ZI:__TI_zero_init_nomemset:__TI_zero_init_nomemset)
                  00003850    0000001c                                   : memory.c.obj (.text:free_list_remove)
                  0000386c    0000001c                                   : memccpy.c.obj (.text:memccpy)
                  00003888    0000001a                                   : s_copysign.c.obj (.text:copysign)
                  000038a2    00000018                                   : strcmp.c.obj (.text:strcmp)
                  000038ba    00000016                                   : strchr.c.obj (.text:strchr)
                  000038d0    00000014                                   : strcpy.c.obj (.text:strcpy)
                  000038e4    00000014                                   : strlen.c.obj (.text:strlen)
                  000038f8    00000012                                   : wcslen.c.obj (.text:wcslen)
                  0000390a    0000000e                                   : copy_decompress_none.c.obj (.text:decompress:none:__TI_decompress_none)
                  00003918    0000000e     startup_msp432p401r_ccs.obj (.text)
                  00003926    00000002     --HOLE-- [fill = 0]
                  00003928    00000008     rtsv7M4_T_le_v4SPD16_eabi.lib : errno.c.obj (.text:__aeabi_errno_addr)
                  00003930    00000008                                   : memory.c.obj (.text:malloc)
                  00003938    00000004                                   : printf.c.obj (.text:_outc)
                  0000393c    00000004                                   : printf.c.obj (.text:_outs)
                  00003940    00000004                                   : pre_init.c.obj (.text:_system_pre_init)
                  00003944    00000004                                   : exit.c.obj (.text:abort:abort)

.const     0    00003948    00000101     
                  00003948    00000101     rtsv7M4_T_le_v4SPD16_eabi.lib : ctype.c.obj (.const:.string:_ctypes_)

.cinit     0    00003a50    00000098     
                  00003a50    0000006e     (.cinit..data.load) [load image, compression = lzss]
                  00003abe    00000002     --HOLE-- [fill = 0]
                  00003ac0    0000000c     (__TI_handler_table)
                  00003acc    00000004     --HOLE-- [fill = 0]
                  00003ad0    00000008     (.cinit..bss.load) [load image, compression = zero_init]
                  00003ad8    00000010     (__TI_cinit_table)

.init_array 
*          0    00000000    00000000     UNINITIALIZED

.binit     0    00000000    00000000     

.sysmem    0    20000000    00000400     UNINITIALIZED
                  20000000    00000010     rtsv7M4_T_le_v4SPD16_eabi.lib : memory.c.obj (.sysmem)
                  20000010    000003f0     --HOLE--

.data      0    20000400    000001f0     UNINITIALIZED
                  20000400    000000f0     rtsv7M4_T_le_v4SPD16_eabi.lib : defs.c.obj (.data:_ftable)
                  200004f0    00000078                                   : host_device.c.obj (.data:_device)
                  20000568    00000050                                   : host_device.c.obj (.data:_stream)
                  200005b8    00000010                                   : defs.c.obj (.data)
                  200005c8    0000000c                                   : exit.c.obj (.data:$O1$$)
                  200005d4    00000008                                   : _lock.c.obj (.data:$O1$$)
                  200005dc    00000008                                   : memory.c.obj (.data:$O1$$)
                  200005e4    00000004                                   : errno.c.obj (.data)
                  200005e8    00000004     system_msp432p401r.obj (.data)
                  200005ec    00000004     systimer.obj (.data)

.bss       0    200005f0    000001ec     UNINITIALIZED
                  200005f0    00000120     rtsv7M4_T_le_v4SPD16_eabi.lib : trgmsg.c.obj (.bss:_CIOBUF_)
                  20000710    000000a0     (.common:__TI_tmpnams)
                  200007b0    00000008     (.common:data_buffer)
                  200007b8    00000008     (.common:parmbuf)
                  200007c0    00000004     (.common:Date)
                  200007c4    00000004     (.common:Hours)
                  200007c8    00000004     (.common:Min)
                  200007cc    00000004     (.common:Month)
                  200007d0    00000004     (.common:Sec)
                  200007d4    00000004     (.common:Year)
                  200007d8    00000004     (.common:am2320_poll_frequency)

.stack     0    2000fe00    00000200     UNINITIALIZED
                  2000fe00    00000004     rtsv7M4_T_le_v4SPD16_eabi.lib : boot_cortex_m.c.obj (.stack)
                  2000fe04    000001fc     --HOLE--

__llvm_prf_cnts 
*          0    20000000    00000000     UNINITIALIZED

MODULE SUMMARY

       Module                        code    ro data   rw data
       ------                        ----    -------   -------
    .\
       i2c.obj                       880     0         16     
       system_msp432p401r.obj        820     0         8      
       i2c_bitbang.obj               672     0         0      
       switch.obj                    460     0         0      
       main.obj                      372     0         8      
       rtc.obj                       312     0         48     
       startup_msp432p401r_ccs.obj   14      228       0      
       systimer.obj                  136     0         8      
       gpio.obj                      32      0         0      
    +--+-----------------------------+-------+---------+---------+
       Total:                        3698    228       88     
                                                              
    C:\ti\ccs1020\ccs\tools\compiler\ti-cgt-arm_20.2.4.LTS\lib\rtsv7M4_T_le_v4SPD16_eabi.lib
       _printfi.c.obj                4851    0         0      
       defs.c.obj                    0       0         832    
       memory.c.obj                  672     0         16     
       trgmsg.c.obj                  108     0         576    
       fd_add_t2.asm.obj             438     0         0      
       host_device.c.obj             0       0         400    
       fd_div_t2.asm.obj             310     0         0      
       fputs.c.obj                   276     0         0      
       s_scalbn.c.obj                272     0         0      
       fd_cmp_t2.asm.obj             268     0         0      
       ctype.c.obj                   0       257       0      
       fd_mul_t2.asm.obj             252     0         0      
       setvbuf.c.obj                 220     0         0      
       memcpy_t2.asm.obj             156     0         0      
       ull_div_t2.asm.obj            150     0         0      
       fputc.c.obj                   140     0         0      
       memset_t2.asm.obj             122     0         0      
       fclose.c.obj                  116     0         0      
       getdevice.c.obj               116     0         0      
       hostopen.c.obj                96      0         16     
       printf.c.obj                  112     0         0      
       hostrename.c.obj              108     0         0      
       copy_decompress_lzss.c.obj    104     0         0      
       hostlseek.c.obj               104     0         0      
       exit.c.obj                    76      0         24     
       fseek.c.obj                   100     0         0      
       s_frexp.c.obj                 100     0         0      
       _io_perm.c.obj                98      0         0      
       close.c.obj                   92      0         0      
       hostread.c.obj                88      0         0      
       hostwrite.c.obj               88      0         0      
       _ltoa.c.obj                   84      0         0      
       atoi.c.obj                    76      0         0      
       fflush.c.obj                  76      0         0      
       fd_toi_t2.asm.obj             72      0         0      
       autoinit.c.obj                68      0         0      
       hostclose.c.obj               68      0         0      
       hostunlink.c.obj              68      0         0      
       strncpy.c.obj                 54      0         0      
       boot_cortex_m.c.obj           52      0         0      
       fopen.c.obj                   52      0         0      
       i_tofd_t2.asm.obj             46      0         0      
       unlink.c.obj                  44      0         0      
       lseek.c.obj                   40      0         0      
       write.c.obj                   40      0         0      
       memchr.c.obj                  32      0         0      
       copy_zero_init.c.obj          28      0         0      
       memccpy.c.obj                 28      0         0      
       s_copysign.c.obj              26      0         0      
       strcmp.c.obj                  24      0         0      
       strchr.c.obj                  22      0         0      
       strcpy.c.obj                  20      0         0      
       strlen.c.obj                  20      0         0      
       _lock.c.obj                   2       0         16     
       wcslen.c.obj                  18      0         0      
       errno.c.obj                   8       0         8      
       copy_decompress_none.c.obj    14      0         0      
       pre_init.c.obj                4       0         0      
       div0.asm.obj                  2       0         0      
    +--+-----------------------------+-------+---------+---------+
       Total:                        10721   257       1888   
                                                              
       Heap:                         0       0         2048   
       Stack:                        0       0         1024   
       Linker Generated:             0       146       0      
    +--+-----------------------------+-------+---------+---------+
       Grand Total:                  14419   631       5048   


LINKER GENERATED COPY TABLES

__TI_cinit_table @ 00003ad8 records: 2, size/record: 8, table size: 16
	.data: load addr=00003a50, load size=0000006e bytes, run addr=20000400, run size=000001f0 bytes, compression=lzss
	.bss: load addr=00003ad0, load size=00000008 bytes, run addr=200005f0, run size=000001ec bytes, compression=zero_init


LINKER GENERATED HANDLER TABLE

__TI_handler_table @ 00003ac0 records: 3, size/record: 4, table size: 12
	index: 0, handler: __TI_decompress_lzss
	index: 1, handler: __TI_decompress_none
	index: 2, handler: __TI_zero_init


GLOBAL SYMBOLS: SORTED ALPHABETICALLY BY Name 

address   name                           
-------   ----                           
00003925  ADC14_IRQHandler               
00003925  AES256_IRQHandler              
00003925  BusFault_Handler               
00003945  C$$EXIT                        
00003613  C$$IO$$                        
00003925  COMP_E0_IRQHandler             
00003925  COMP_E1_IRQHandler             
00000db3  CRC16                          
00003925  CS_IRQHandler                  
00003925  DMA_ERR_IRQHandler             
00003925  DMA_INT0_IRQHandler            
00003925  DMA_INT1_IRQHandler            
00003925  DMA_INT2_IRQHandler            
00003925  DMA_INT3_IRQHandler            
200007c0  Date                           
00003925  DebugMon_Handler               
00003925  Default_Handler                
00003925  EUSCIA0_IRQHandler             
00003925  EUSCIA1_IRQHandler             
00003925  EUSCIA2_IRQHandler             
00003925  EUSCIA3_IRQHandler             
00003925  EUSCIB0_IRQHandler             
00003925  EUSCIB1_IRQHandler             
00003925  EUSCIB2_IRQHandler             
00003925  EUSCIB3_IRQHandler             
00003925  FLCTL_IRQHandler               
00003925  FPU_IRQHandler                 
00003495  HOSTclose                      
00002ea1  HOSTlseek                      
00003105  HOSTopen                       
000031c1  HOSTread                       
00002e35  HOSTrename                     
000034d9  HOSTunlink                     
00003219  HOSTwrite                      
00003925  HardFault_Handler              
200007c4  Hours                          
00003925  MemManage_Handler              
200007c8  Min                            
200007cc  Month                          
00003925  NMI_Handler                    
00003925  PCM_IRQHandler                 
000019cf  PORT1_IRQHandler               
000019cf  PORT1_IRQHandler               
00003925  PORT2_IRQHandler               
00003925  PORT3_IRQHandler               
00003925  PORT4_IRQHandler               
00003925  PORT5_IRQHandler               
00003925  PORT6_IRQHandler               
00003925  PSS_IRQHandler                 
00003925  PendSV_Handler                 
000013b5  PollAck                        
00003925  RTC_C_IRQHandler               
00003919  Reset_Handler                  
00003925  SVC_Handler                    
200007d0  Sec                            
00001349  SendACK                        
00001399  SendNACK                       
00003925  SysTick_Handler                
200005e8  SystemCoreClock                
00000ea5  SystemCoreClockUpdate          
0000111d  SystemInit                     
00003925  T32_INT1_IRQHandler            
00003925  T32_INT2_IRQHandler            
00003925  T32_INTC_IRQHandler            
00002b0b  TA0_0_IRQHandler               
00002b0b  TA0_0_IRQHandler               
00003925  TA0_N_IRQHandler               
00003925  TA1_0_IRQHandler               
00003925  TA1_N_IRQHandler               
00003925  TA2_0_IRQHandler               
00003925  TA2_N_IRQHandler               
00003925  TA3_0_IRQHandler               
00003925  TA3_N_IRQHandler               
00003925  UsageFault_Handler             
4000480c  WDTCTL_SYM                     
00003925  WDT_A_IRQHandler               
200007d4  Year                           
200005f0  __CIOBUF_                      
20010000  __STACK_END                    
00000200  __STACK_SIZE                   
00000400  __SYSMEM_SIZE                  
00003ad8  __TI_CINIT_Base                
00003ae8  __TI_CINIT_Limit               
00003ac0  __TI_Handler_Table_Base        
00003acc  __TI_Handler_Table_Limit       
0000351d  __TI_auto_init_nobinit_nopinit 
00003655  __TI_cleanup                   
200005c8  __TI_cleanup_ptr               
00002ce1  __TI_closefile                 
00002f09  __TI_decompress_lzss           
0000390b  __TI_decompress_none           
0000336d  __TI_doflush                   
200005cc  __TI_dtors_ptr                 
200005d0  __TI_enable_exit_profile_output
200005b8  __TI_ft_end                    
000032c7  __TI_ltoa                      
ffffffff  __TI_pprof_out_hndl            
000000e5  __TI_printfi                   
ffffffff  __TI_prof_data_size            
ffffffff  __TI_prof_data_start           
00003689  __TI_readmsg                   
00000000  __TI_static_base__             
20000710  __TI_tmpnams                   
000035e5  __TI_writemsg                  
000030a1  __TI_wrt_ok                    
00003835  __TI_zero_init_nomemset        
00002b59  __aeabi_cdcmpeq                
00002b59  __aeabi_cdcmple                
00002bdf  __aeabi_cdrcmple               
0000344d  __aeabi_d2iz                   
00001a8f  __aeabi_dadd                   
00002025  __aeabi_ddiv                   
000025a5  __aeabi_dmul                   
00001a85  __aeabi_dsub                   
00003929  __aeabi_errno_addr             
00003721  __aeabi_i2d                    
00001c3b  __aeabi_idiv0                  
00001c3b  __aeabi_ldiv0                  
00002c65  __aeabi_memclr                 
00002c65  __aeabi_memclr4                
00002c65  __aeabi_memclr8                
00002913  __aeabi_memcpy                 
00002913  __aeabi_memcpy4                
00002913  __aeabi_memcpy8                
00002c67  __aeabi_memset                 
00002c67  __aeabi_memset4                
00002c67  __aeabi_memset8                
200005c4  __aeabi_stderr                 
200005bc  __aeabi_stdin                  
200005c0  __aeabi_stdout                 
000029af  __aeabi_uldivmod               
ffffffff  __binit__                      
ffffffff  __c_args__                     
UNDEFED   __mpu_init                     
2000fe00  __stack                        
20000000  __start___llvm_prf_cnts        
20000000  __stop___llvm_prf_cnts         
000036bd  _c_int00_noargs                
00003948  _ctypes_                       
200004f0  _device                        
20000400  _ftable                        
200005d4  _lock                          
00000b33  _nop                           
20000568  _stream                        
20000000  _sys_memory                    
UNDEFED   _system_post_cinit             
00003941  _system_pre_init               
200005d8  _unlock                        
00003945  abort                          
000024a5  aligned_alloc                  
200007d8  am2320_poll_frequency          
000033b9  atoi                           
ffffffff  binit                          
00001229  bus_no_busy_state              
00001f63  calculate_rtc_time             
00000b35  clear_i2c_buffer               
00003165  close                          
00003889  copysign                       
00003889  copysignl                      
200007b0  data_buffer                    
00002b3f  delay_msec                     
00000e2b  delay_usec                     
200005e4  errno                          
00003405  exit                           
000036f1  finddevice                     
00002a45  fputc                          
00002281  fputs                          
000026a1  free                           
00002fd9  frexp                          
00002fd9  frexpl                         
0000303d  fseek                          
200005ec  g_count                        
200005ee  g_counter2                     
00000d99  get_CRC                        
00000d6d  get_RH_and_temperature         
00002b35  get_timer                      
00003561  getdevice                      
000037f5  gpio_init                      
00000b6d  i2c_init                       
00000cd5  i2c_read_data                  
00000c0f  i2c_write_data                 
0000125d  i2c_write_operation_wakeup     
00000bbb  i2c_write_wakeup               
00001415  init_i2c_bitbang               
00001c81  init_routine                   
00002ad1  init_timer                     
00000000  interruptVectors               
00002395  ldexp                          
00002395  ldexpl                         
0000191f  led_port_init                  
000037a5  lseek                          
00001c3d  main                           
00003931  malloc                         
000024a5  memalign                       
0000386d  memccpy                        
00003815  memchr                         
00002913  memcpy                         
00002c6d  memset                         
00001239  mydelay                        
200007b8  parmbuf                        
00002f71  printf                         
00002a45  putc                           
00003751  remove                         
00002b37  reset_timer                    
0000137d  restart_bit                    
00001f11  rtc_init                       
00002395  scalbn                         
00002395  scalbnl                        
000013ed  set_scl                        
000013c5  set_sda                        
00002785  setvbuf                        
000011d9  start_bit                      
000011f5  stop_bit                       
000038bb  strchr                         
000038a3  strcmp                         
000038d1  strcpy                         
000038e5  strlen                         
0000361d  strncpy                        
000018b9  switch_init                    
00001999  switch_interrupt_init          
00001c99  temparutremeasureent           
00003751  unlink                         
000038f9  wcslen                         
000037cd  write                          


GLOBAL SYMBOLS: SORTED BY Symbol Address 

address   name                           
-------   ----                           
00000000  __TI_static_base__             
00000000  interruptVectors               
000000e5  __TI_printfi                   
00000200  __STACK_SIZE                   
00000400  __SYSMEM_SIZE                  
00000b33  _nop                           
00000b35  clear_i2c_buffer               
00000b6d  i2c_init                       
00000bbb  i2c_write_wakeup               
00000c0f  i2c_write_data                 
00000cd5  i2c_read_data                  
00000d6d  get_RH_and_temperature         
00000d99  get_CRC                        
00000db3  CRC16                          
00000e2b  delay_usec                     
00000ea5  SystemCoreClockUpdate          
0000111d  SystemInit                     
000011d9  start_bit                      
000011f5  stop_bit                       
00001229  bus_no_busy_state              
00001239  mydelay                        
0000125d  i2c_write_operation_wakeup     
00001349  SendACK                        
0000137d  restart_bit                    
00001399  SendNACK                       
000013b5  PollAck                        
000013c5  set_sda                        
000013ed  set_scl                        
00001415  init_i2c_bitbang               
000018b9  switch_init                    
0000191f  led_port_init                  
00001999  switch_interrupt_init          
000019cf  PORT1_IRQHandler               
000019cf  PORT1_IRQHandler               
00001a85  __aeabi_dsub                   
00001a8f  __aeabi_dadd                   
00001c3b  __aeabi_idiv0                  
00001c3b  __aeabi_ldiv0                  
00001c3d  main                           
00001c81  init_routine                   
00001c99  temparutremeasureent           
00001f11  rtc_init                       
00001f63  calculate_rtc_time             
00002025  __aeabi_ddiv                   
00002281  fputs                          
00002395  ldexp                          
00002395  ldexpl                         
00002395  scalbn                         
00002395  scalbnl                        
000024a5  aligned_alloc                  
000024a5  memalign                       
000025a5  __aeabi_dmul                   
000026a1  free                           
00002785  setvbuf                        
00002913  __aeabi_memcpy                 
00002913  __aeabi_memcpy4                
00002913  __aeabi_memcpy8                
00002913  memcpy                         
000029af  __aeabi_uldivmod               
00002a45  fputc                          
00002a45  putc                           
00002ad1  init_timer                     
00002b0b  TA0_0_IRQHandler               
00002b0b  TA0_0_IRQHandler               
00002b35  get_timer                      
00002b37  reset_timer                    
00002b3f  delay_msec                     
00002b59  __aeabi_cdcmpeq                
00002b59  __aeabi_cdcmple                
00002bdf  __aeabi_cdrcmple               
00002c65  __aeabi_memclr                 
00002c65  __aeabi_memclr4                
00002c65  __aeabi_memclr8                
00002c67  __aeabi_memset                 
00002c67  __aeabi_memset4                
00002c67  __aeabi_memset8                
00002c6d  memset                         
00002ce1  __TI_closefile                 
00002e35  HOSTrename                     
00002ea1  HOSTlseek                      
00002f09  __TI_decompress_lzss           
00002f71  printf                         
00002fd9  frexp                          
00002fd9  frexpl                         
0000303d  fseek                          
000030a1  __TI_wrt_ok                    
00003105  HOSTopen                       
00003165  close                          
000031c1  HOSTread                       
00003219  HOSTwrite                      
000032c7  __TI_ltoa                      
0000336d  __TI_doflush                   
000033b9  atoi                           
00003405  exit                           
0000344d  __aeabi_d2iz                   
00003495  HOSTclose                      
000034d9  HOSTunlink                     
0000351d  __TI_auto_init_nobinit_nopinit 
00003561  getdevice                      
000035e5  __TI_writemsg                  
00003613  C$$IO$$                        
0000361d  strncpy                        
00003655  __TI_cleanup                   
00003689  __TI_readmsg                   
000036bd  _c_int00_noargs                
000036f1  finddevice                     
00003721  __aeabi_i2d                    
00003751  remove                         
00003751  unlink                         
000037a5  lseek                          
000037cd  write                          
000037f5  gpio_init                      
00003815  memchr                         
00003835  __TI_zero_init_nomemset        
0000386d  memccpy                        
00003889  copysign                       
00003889  copysignl                      
000038a3  strcmp                         
000038bb  strchr                         
000038d1  strcpy                         
000038e5  strlen                         
000038f9  wcslen                         
0000390b  __TI_decompress_none           
00003919  Reset_Handler                  
00003925  ADC14_IRQHandler               
00003925  AES256_IRQHandler              
00003925  BusFault_Handler               
00003925  COMP_E0_IRQHandler             
00003925  COMP_E1_IRQHandler             
00003925  CS_IRQHandler                  
00003925  DMA_ERR_IRQHandler             
00003925  DMA_INT0_IRQHandler            
00003925  DMA_INT1_IRQHandler            
00003925  DMA_INT2_IRQHandler            
00003925  DMA_INT3_IRQHandler            
00003925  DebugMon_Handler               
00003925  Default_Handler                
00003925  EUSCIA0_IRQHandler             
00003925  EUSCIA1_IRQHandler             
00003925  EUSCIA2_IRQHandler             
00003925  EUSCIA3_IRQHandler             
00003925  EUSCIB0_IRQHandler             
00003925  EUSCIB1_IRQHandler             
00003925  EUSCIB2_IRQHandler             
00003925  EUSCIB3_IRQHandler             
00003925  FLCTL_IRQHandler               
00003925  FPU_IRQHandler                 
00003925  HardFault_Handler              
00003925  MemManage_Handler              
00003925  NMI_Handler                    
00003925  PCM_IRQHandler                 
00003925  PORT2_IRQHandler               
00003925  PORT3_IRQHandler               
00003925  PORT4_IRQHandler               
00003925  PORT5_IRQHandler               
00003925  PORT6_IRQHandler               
00003925  PSS_IRQHandler                 
00003925  PendSV_Handler                 
00003925  RTC_C_IRQHandler               
00003925  SVC_Handler                    
00003925  SysTick_Handler                
00003925  T32_INT1_IRQHandler            
00003925  T32_INT2_IRQHandler            
00003925  T32_INTC_IRQHandler            
00003925  TA0_N_IRQHandler               
00003925  TA1_0_IRQHandler               
00003925  TA1_N_IRQHandler               
00003925  TA2_0_IRQHandler               
00003925  TA2_N_IRQHandler               
00003925  TA3_0_IRQHandler               
00003925  TA3_N_IRQHandler               
00003925  UsageFault_Handler             
00003925  WDT_A_IRQHandler               
00003929  __aeabi_errno_addr             
00003931  malloc                         
00003941  _system_pre_init               
00003945  C$$EXIT                        
00003945  abort                          
00003948  _ctypes_                       
00003ac0  __TI_Handler_Table_Base        
00003acc  __TI_Handler_Table_Limit       
00003ad8  __TI_CINIT_Base                
00003ae8  __TI_CINIT_Limit               
20000000  __start___llvm_prf_cnts        
20000000  __stop___llvm_prf_cnts         
20000000  _sys_memory                    
20000400  _ftable                        
200004f0  _device                        
20000568  _stream                        
200005b8  __TI_ft_end                    
200005bc  __aeabi_stdin                  
200005c0  __aeabi_stdout                 
200005c4  __aeabi_stderr                 
200005c8  __TI_cleanup_ptr               
200005cc  __TI_dtors_ptr                 
200005d0  __TI_enable_exit_profile_output
200005d4  _lock                          
200005d8  _unlock                        
200005e4  errno                          
200005e8  SystemCoreClock                
200005ec  g_count                        
200005ee  g_counter2                     
200005f0  __CIOBUF_                      
20000710  __TI_tmpnams                   
200007b0  data_buffer                    
200007b8  parmbuf                        
200007c0  Date                           
200007c4  Hours                          
200007c8  Min                            
200007cc  Month                          
200007d0  Sec                            
200007d4  Year                           
200007d8  am2320_poll_frequency          
2000fe00  __stack                        
20010000  __STACK_END                    
4000480c  WDTCTL_SYM                     
ffffffff  __TI_pprof_out_hndl            
ffffffff  __TI_prof_data_size            
ffffffff  __TI_prof_data_start           
ffffffff  __binit__                      
ffffffff  __c_args__                     
ffffffff  binit                          
UNDEFED   __mpu_init                     
UNDEFED   _system_post_cinit             

[224 symbols]
